Archive member included to satisfy reference by file (symbol)

/usr/bin/../lib/gcc/arm-none-eabi/11.2.1/thumb/v6-m/nofp/libgcc.a(_dvmd_tls.o)
                              CMakeFiles/data.dir/usr/share/pico-sdk/src/rp2_common/pico_divider/divider.S.obj (__aeabi_idiv0)
/usr/bin/../lib/gcc/arm-none-eabi/11.2.1/../../../../arm-none-eabi/lib/thumb/v6-m/nofp/libc.a(lib_a-calloc.o)
                              CMakeFiles/data.dir/usr/share/pico-sdk/src/rp2_common/pico_malloc/pico_malloc.c.obj (calloc)
/usr/bin/../lib/gcc/arm-none-eabi/11.2.1/../../../../arm-none-eabi/lib/thumb/v6-m/nofp/libc.a(lib_a-callocr.o)
                              /usr/bin/../lib/gcc/arm-none-eabi/11.2.1/../../../../arm-none-eabi/lib/thumb/v6-m/nofp/libc.a(lib_a-calloc.o) (_calloc_r)
/usr/bin/../lib/gcc/arm-none-eabi/11.2.1/../../../../arm-none-eabi/lib/thumb/v6-m/nofp/libc.a(lib_a-errno.o)
                              CMakeFiles/data.dir/no-OS-FatFS-SD-SPI-RPi-Pico/FatFs_SPI/src/ff_stdio.c.obj (__errno)
/usr/bin/../lib/gcc/arm-none-eabi/11.2.1/../../../../arm-none-eabi/lib/thumb/v6-m/nofp/libc.a(lib_a-fflush.o)
                              CMakeFiles/data.dir/no-OS-FatFS-SD-SPI-RPi-Pico/FatFs_SPI/sd_driver/demo_logging.c.obj (fflush)
/usr/bin/../lib/gcc/arm-none-eabi/11.2.1/../../../../arm-none-eabi/lib/thumb/v6-m/nofp/libc.a(lib_a-findfp.o)
                              /usr/bin/../lib/gcc/arm-none-eabi/11.2.1/../../../../arm-none-eabi/lib/thumb/v6-m/nofp/libc.a(lib_a-fflush.o) (__sinit)
/usr/bin/../lib/gcc/arm-none-eabi/11.2.1/../../../../arm-none-eabi/lib/thumb/v6-m/nofp/libc.a(lib_a-freer.o)
                              /usr/bin/../lib/gcc/arm-none-eabi/11.2.1/../../../../arm-none-eabi/lib/thumb/v6-m/nofp/libc.a(lib_a-fflush.o) (_free_r)
/usr/bin/../lib/gcc/arm-none-eabi/11.2.1/../../../../arm-none-eabi/lib/thumb/v6-m/nofp/libc.a(lib_a-fwalk.o)
                              /usr/bin/../lib/gcc/arm-none-eabi/11.2.1/../../../../arm-none-eabi/lib/thumb/v6-m/nofp/libc.a(lib_a-findfp.o) (_fwalk)
/usr/bin/../lib/gcc/arm-none-eabi/11.2.1/../../../../arm-none-eabi/lib/thumb/v6-m/nofp/libc.a(lib_a-impure.o)
                              /usr/bin/../lib/gcc/arm-none-eabi/11.2.1/../../../../arm-none-eabi/lib/thumb/v6-m/nofp/libc.a(lib_a-fflush.o) (_global_impure_ptr)
/usr/bin/../lib/gcc/arm-none-eabi/11.2.1/../../../../arm-none-eabi/lib/thumb/v6-m/nofp/libc.a(lib_a-init.o)
                              /usr/bin/../lib/gcc/arm-none-eabi/11.2.1/../../../../arm-none-eabi/lib/thumb/v6-m/nofp/crt0.o (__libc_init_array)
/usr/bin/../lib/gcc/arm-none-eabi/11.2.1/../../../../arm-none-eabi/lib/thumb/v6-m/nofp/libc.a(lib_a-malloc.o)
                              CMakeFiles/data.dir/usr/share/pico-sdk/src/rp2_common/pico_malloc/pico_malloc.c.obj (malloc)
/usr/bin/../lib/gcc/arm-none-eabi/11.2.1/../../../../arm-none-eabi/lib/thumb/v6-m/nofp/libc.a(lib_a-mallocr.o)
                              /usr/bin/../lib/gcc/arm-none-eabi/11.2.1/../../../../arm-none-eabi/lib/thumb/v6-m/nofp/libc.a(lib_a-callocr.o) (_malloc_r)
/usr/bin/../lib/gcc/arm-none-eabi/11.2.1/../../../../arm-none-eabi/lib/thumb/v6-m/nofp/libc.a(lib_a-memcmp.o)
                              CMakeFiles/data.dir/no-OS-FatFS-SD-SPI-RPi-Pico/FatFs_SPI/ff15/source/ff.c.obj (memcmp)
/usr/bin/../lib/gcc/arm-none-eabi/11.2.1/../../../../arm-none-eabi/lib/thumb/v6-m/nofp/libc.a(lib_a-mktime.o)
                              CMakeFiles/data.dir/no-OS-FatFS-SD-SPI-RPi-Pico/FatFs_SPI/src/rtc.c.obj (mktime)
/usr/bin/../lib/gcc/arm-none-eabi/11.2.1/../../../../arm-none-eabi/lib/thumb/v6-m/nofp/libc.a(lib_a-mlock.o)
                              /usr/bin/../lib/gcc/arm-none-eabi/11.2.1/../../../../arm-none-eabi/lib/thumb/v6-m/nofp/libc.a(lib_a-freer.o) (__malloc_lock)
/usr/bin/../lib/gcc/arm-none-eabi/11.2.1/../../../../arm-none-eabi/lib/thumb/v6-m/nofp/libc.a(lib_a-realloc.o)
                              CMakeFiles/data.dir/usr/share/pico-sdk/src/rp2_common/pico_malloc/pico_malloc.c.obj (realloc)
/usr/bin/../lib/gcc/arm-none-eabi/11.2.1/../../../../arm-none-eabi/lib/thumb/v6-m/nofp/libc.a(lib_a-reallocr.o)
                              /usr/bin/../lib/gcc/arm-none-eabi/11.2.1/../../../../arm-none-eabi/lib/thumb/v6-m/nofp/libc.a(lib_a-realloc.o) (_realloc_r)
/usr/bin/../lib/gcc/arm-none-eabi/11.2.1/../../../../arm-none-eabi/lib/thumb/v6-m/nofp/libc.a(lib_a-sbrkr.o)
                              /usr/bin/../lib/gcc/arm-none-eabi/11.2.1/../../../../arm-none-eabi/lib/thumb/v6-m/nofp/libc.a(lib_a-freer.o) (_sbrk_r)
/usr/bin/../lib/gcc/arm-none-eabi/11.2.1/../../../../arm-none-eabi/lib/thumb/v6-m/nofp/libc.a(lib_a-stdio.o)
                              /usr/bin/../lib/gcc/arm-none-eabi/11.2.1/../../../../arm-none-eabi/lib/thumb/v6-m/nofp/libc.a(lib_a-findfp.o) (__sread)
/usr/bin/../lib/gcc/arm-none-eabi/11.2.1/../../../../arm-none-eabi/lib/thumb/v6-m/nofp/libc.a(lib_a-strchr.o)
                              CMakeFiles/data.dir/no-OS-FatFS-SD-SPI-RPi-Pico/FatFs_SPI/ff15/source/ff.c.obj (strchr)
[...]
Memory Configuration

Name             Origin             Length             Attributes
FLASH            0x0000000010000000 0x0000000000200000 xr
RAM              0x0000000020000000 0x0000000000040000 xrw
SCRATCH_X        0x0000000020040000 0x0000000000001000 xrw
SCRATCH_Y        0x0000000020041000 0x0000000000001000 xrw
*default*        0x0000000000000000 0xffffffffffffffff

Linker script and memory map

LOAD /usr/bin/../lib/gcc/arm-none-eabi/11.2.1/thumb/v6-m/nofp/crti.o
LOAD /usr/bin/../lib/gcc/arm-none-eabi/11.2.1/thumb/v6-m/nofp/crtbegin.o
LOAD /usr/bin/../lib/gcc/arm-none-eabi/11.2.1/../../../../arm-none-eabi/lib/thumb/v6-m/nofp/crt0.o

.flash_begin    0x0000000010000000        0x0
                0x0000000010000000                __flash_binary_start = .

.boot2          0x0000000010000000      0x100
                0x0000000010000000                __boot2_start__ = .
 *(.boot2)
 .boot2         0x0000000010000000      0x100 /tmp/cchWKunp.o
                0x0000000010000100                __boot2_end__ = .
                0x0000000000000001                ASSERT (((__boot2_end__ - __boot2_start__) == 0x100), ERROR: Pico second stage bootloader must be 256 bytes in size)

.text           0x0000000010000100     0xfe60
                0x0000000010000100                __logical_binary_start = .
 *(.vectors)
 .vectors       0x0000000010000100       0xd4 CMakeFiles/data.dir/usr/share/pico-sdk/src/rp2_common/pico_standard_link/crt0.S.obj
                0x0000000010000100                __vectors
                0x0000000010000100                __VECTOR_TABLE
                0x00000000100001c0                isr_invalid
                0x00000000100001c0                __default_isrs_start
                0x00000000100001c2                isr_nmi
                0x00000000100001c4                isr_hardfault
                0x00000000100001c6                isr_svcall
                0x00000000100001c8                isr_pendsv
                0x00000000100001ca                isr_systick
                0x00000000100001cc                isr_irq30
                0x00000000100001cc                __unhandled_user_irq
                0x00000000100001cc                isr_irq13
                0x00000000100001cc                isr_irq27
                0x00000000100001cc                isr_irq31
                0x00000000100001cc                isr_irq5
                0x00000000100001cc                isr_irq11
                0x00000000100001cc                isr_irq23
                0x00000000100001cc                isr_irq18
                0x00000000100001cc                isr_irq28
                0x00000000100001cc                isr_irq19
                0x00000000100001cc                isr_irq0
                0x00000000100001cc                isr_irq6
                0x00000000100001cc                isr_irq22
                0x00000000100001cc                isr_irq17
                0x00000000100001cc                isr_irq14
                0x00000000100001cc                isr_irq2
                0x00000000100001cc                isr_irq10
                0x00000000100001cc                isr_irq8
                0x00000000100001cc                isr_irq24
                0x00000000100001cc                isr_irq1
                0x00000000100001cc                isr_irq7
                0x00000000100001cc                isr_irq21
                0x00000000100001cc                isr_irq20
                0x00000000100001cc                isr_irq15
                0x00000000100001cc                isr_irq25
                0x00000000100001cc                isr_irq4
                0x00000000100001cc                isr_irq16
                0x00000000100001cc                isr_irq29
                0x00000000100001cc                isr_irq26
                0x00000000100001cc                __default_isrs_end
                0x00000000100001cc                isr_irq3
                0x00000000100001cc                isr_irq12
                0x00000000100001cc                isr_irq9
                0x00000000100001d2                unhandled_user_irq_num_in_r0
 *(.binary_info_header)
 .binary_info_header
                0x00000000100001d4       0x14 CMakeFiles/data.dir/usr/share/pico-sdk/src/rp2_common/pico_standard_link/crt0.S.obj
                0x00000000100001e8                __binary_info_header_end = .
 *(.reset)
 .reset         0x00000000100001e8       0xa0 CMakeFiles/data.dir/usr/share/pico-sdk/src/rp2_common/pico_standard_link/crt0.S.obj
                0x00000000100001e8                _entry_point
 .reset         0x0000000010000288       0x30 CMakeFiles/data.dir/usr/share/pico-sdk/src/rp2_common/pico_standard_link/binary_info.c.obj
 *(.init)
 .init          0x00000000100002b8        0x4 /usr/bin/../lib/gcc/arm-none-eabi/11.2.1/thumb/v6-m/nofp/crti.o
                0x00000000100002b8                _init
 *(EXCLUDE_FILE(*libm.a: *libc.a:*lib_a-mem*.o *libgcc.a:) .text*)
 .text.register_tm_clones
                0x00000000100002bc       0x28 /usr/bin/../lib/gcc/arm-none-eabi/11.2.1/thumb/v6-m/nofp/crtbegin.o
 .text.frame_dummy
                0x00000000100002e4       0x24 /usr/bin/../lib/gcc/arm-none-eabi/11.2.1/thumb/v6-m/nofp/crtbegin.o
 .text.configureDMA
                0x0000000010000308       0x8c CMakeFiles/data.dir/data.c.obj
                0x0000000010000308                configureDMA
 .text.dma_irq_handler
                0x0000000010000394       0x54 CMakeFiles/data.dir/data.c.obj
                0x0000000010000394                dma_irq_handler
 .text.setup_sd
                0x00000000100003e8       0xe4 CMakeFiles/data.dir/data.c.obj
                0x00000000100003e8                setup_sd
 .text.write_to_sd
                0x00000000100004cc       0xe8 CMakeFiles/data.dir/data.c.obj
                0x00000000100004cc                write_to_sd
 .text.startup.main
                0x00000000100005b4       0xf4 CMakeFiles/data.dir/data.c.obj
                0x00000000100005b4                main
 .text.sd_get_num
                0x00000000100006a8        0x4 CMakeFiles/data.dir/hw_config.c.obj
                0x00000000100006a8                sd_get_num
 .text.sd_get_by_num
                0x00000000100006ac       0x18 CMakeFiles/data.dir/hw_config.c.obj
                0x00000000100006ac                sd_get_by_num
 .text.spi_get_num
                0x00000000100006c4        0x4 CMakeFiles/data.dir/hw_config.c.obj
                0x00000000100006c4                spi_get_num
 .text.spi_get_by_num
                0x00000000100006c8       0x14 CMakeFiles/data.dir/hw_config.c.obj
                0x00000000100006c8                spi_get_by_num
 .text.gpio_set_function
                0x00000000100006dc       0x30 CMakeFiles/data.dir/usr/share/pico-sdk/src/rp2_common/hardware_gpio/gpio.c.obj
                0x00000000100006dc                gpio_set_function
 .text.gpio_set_pulls
                0x000000001000070c       0x24 CMakeFiles/data.dir/usr/share/pico-sdk/src/rp2_common/hardware_gpio/gpio.c.obj
                0x000000001000070c                gpio_set_pulls
 .text.gpio_set_drive_strength
                0x0000000010000730       0x20 CMakeFiles/data.dir/usr/share/pico-sdk/src/rp2_common/hardware_gpio/gpio.c.obj
                0x0000000010000730                gpio_set_drive_strength
 .text.gpio_set_input_enabled
                0x0000000010000750       0x28 CMakeFiles/data.dir/usr/share/pico-sdk/src/rp2_common/hardware_gpio/gpio.c.obj
                0x0000000010000750                gpio_set_input_enabled
 .text.gpio_init
                0x0000000010000778       0x3c CMakeFiles/data.dir/usr/share/pico-sdk/src/rp2_common/hardware_gpio/gpio.c.obj
                0x0000000010000778                gpio_init
 .text.running_on_fpga
                0x00000000100007b4       0x10 CMakeFiles/data.dir/usr/share/pico-sdk/src/rp2_common/pico_platform/platform.c.obj
                0x00000000100007b4                running_on_fpga
 .text.hw_claim_or_assert
                0x00000000100007c4       0x44 CMakeFiles/data.dir/usr/share/pico-sdk/src/rp2_common/hardware_claim/claim.c.obj
                0x00000000100007c4                hw_claim_or_assert
 .text.hw_claim_unused_from_range
                0x0000000010000808       0x9c CMakeFiles/data.dir/usr/share/pico-sdk/src/rp2_common/hardware_claim/claim.c.obj
                0x0000000010000808                hw_claim_unused_from_range
 .text.spin_locks_reset
                0x00000000100008a4       0x1c CMakeFiles/data.dir/usr/share/pico-sdk/src/rp2_common/hardware_sync/sync.c.obj
                0x00000000100008a4                spin_locks_reset
 .text.next_striped_spin_lock_num
                0x00000000100008c0       0x18 CMakeFiles/data.dir/usr/share/pico-sdk/src/rp2_common/hardware_sync/sync.c.obj
                0x00000000100008c0                next_striped_spin_lock_num
 .text.spin_lock_claim_unused
                0x00000000100008d8       0x24 CMakeFiles/data.dir/usr/share/pico-sdk/src/rp2_common/hardware_sync/sync.c.obj
                0x00000000100008d8                spin_lock_claim_unused
 .text.irq_set_enabled
                0x00000000100008fc       0x24 CMakeFiles/data.dir/usr/share/pico-sdk/src/rp2_common/hardware_irq/irq.c.obj
                0x00000000100008fc                irq_set_enabled
 .text.irq_set_pending
                0x0000000010000920       0x10 CMakeFiles/data.dir/usr/share/pico-sdk/src/rp2_common/hardware_irq/irq.c.obj
                0x0000000010000920                irq_set_pending
 .text.irq_has_shared_handler
                0x0000000010000930       0x2c CMakeFiles/data.dir/usr/share/pico-sdk/src/rp2_common/hardware_irq/irq.c.obj
                0x0000000010000930                irq_has_shared_handler
 .text.irq_get_vtable_handler
                0x000000001000095c       0x10 CMakeFiles/data.dir/usr/share/pico-sdk/src/rp2_common/hardware_irq/irq.c.obj
                0x000000001000095c                irq_get_vtable_handler
 .text.irq_set_exclusive_handler
                0x000000001000096c       0x54 CMakeFiles/data.dir/usr/share/pico-sdk/src/rp2_common/hardware_irq/irq.c.obj
                0x000000001000096c                irq_set_exclusive_handler
 .text.irq_add_shared_handler
                0x00000000100009c0      0x1e4 CMakeFiles/data.dir/usr/share/pico-sdk/src/rp2_common/hardware_irq/irq.c.obj
                0x00000000100009c0                irq_add_shared_handler
 .text.irq_remove_handler
                0x0000000010000ba4      0x1b0 CMakeFiles/data.dir/usr/share/pico-sdk/src/rp2_common/hardware_irq/irq.c.obj
                0x0000000010000ba4                irq_remove_handler
 .text.irq_add_tail_to_free_list
                0x0000000010000d54       0xb4 CMakeFiles/data.dir/usr/share/pico-sdk/src/rp2_common/hardware_irq/irq.c.obj
                0x0000000010000d54                irq_add_tail_to_free_list
 .text.irq_init_priorities
                0x0000000010000e08       0x24 CMakeFiles/data.dir/usr/share/pico-sdk/src/rp2_common/hardware_irq/irq.c.obj
                0x0000000010000e08                irq_init_priorities
 .text.user_irq_claim_unused
                0x0000000010000e2c       0x2c CMakeFiles/data.dir/usr/share/pico-sdk/src/rp2_common/hardware_irq/irq.c.obj
                0x0000000010000e2c                user_irq_claim_unused
 .text.sem_init
                0x0000000010000e58       0x20 CMakeFiles/data.dir/usr/share/pico-sdk/src/common/pico_sync/sem.c.obj
                0x0000000010000e58                sem_init
 .text.lock_init
                0x0000000010000e78       0x10 CMakeFiles/data.dir/usr/share/pico-sdk/src/common/pico_sync/lock_core.c.obj
                0x0000000010000e78                lock_init
 .text.mutex_init
                0x0000000010000e88       0x1c CMakeFiles/data.dir/usr/share/pico-sdk/src/common/pico_sync/mutex.c.obj
                0x0000000010000e88                mutex_init
 .text.recursive_mutex_init
                0x0000000010000ea4       0x1c CMakeFiles/data.dir/usr/share/pico-sdk/src/common/pico_sync/mutex.c.obj
                0x0000000010000ea4                recursive_mutex_init
 .text.critical_section_init
                0x0000000010000ec0       0x20 CMakeFiles/data.dir/usr/share/pico-sdk/src/common/pico_sync/critical_section.c.obj
                0x0000000010000ec0                critical_section_init
 .text.critical_section_init_with_lock_num
                0x0000000010000ee0       0x14 CMakeFiles/data.dir/usr/share/pico-sdk/src/common/pico_sync/critical_section.c.obj
                0x0000000010000ee0                critical_section_init_with_lock_num
 .text.timer_pool_entry_comparator
                0x0000000010000ef4       0x34 CMakeFiles/data.dir/usr/share/pico-sdk/src/common/pico_time/time.c.obj
                0x0000000010000ef4                timer_pool_entry_comparator
 .text.sleep_until_callback
                0x0000000010000f28       0x30 CMakeFiles/data.dir/usr/share/pico-sdk/src/common/pico_time/time.c.obj
 .text.add_alarm_under_lock.isra.0
                0x0000000010000f58      0x104 CMakeFiles/data.dir/usr/share/pico-sdk/src/common/pico_time/time.c.obj
 .text.alarm_pool_alarm_callback
                0x000000001000105c      0x1bc CMakeFiles/data.dir/usr/share/pico-sdk/src/common/pico_time/time.c.obj
 .text.alarm_pool_init_default
                0x0000000010001218       0x6c CMakeFiles/data.dir/usr/share/pico-sdk/src/common/pico_time/time.c.obj
                0x0000000010001218                alarm_pool_init_default
 .text.alarm_pool_get_default
                0x0000000010001284        0x8 CMakeFiles/data.dir/usr/share/pico-sdk/src/common/pico_time/time.c.obj
                0x0000000010001284                alarm_pool_get_default
 .text.alarm_pool_add_alarm_at
                0x000000001000128c      0x188 CMakeFiles/data.dir/usr/share/pico-sdk/src/common/pico_time/time.c.obj
                0x000000001000128c                alarm_pool_add_alarm_at
 .text.alarm_pool_cancel_alarm
                0x0000000010001414       0x70 CMakeFiles/data.dir/usr/share/pico-sdk/src/common/pico_time/time.c.obj
                0x0000000010001414                alarm_pool_cancel_alarm
 .text.alarm_pool_core_num
                0x0000000010001484        0x4 CMakeFiles/data.dir/usr/share/pico-sdk/src/common/pico_time/time.c.obj
                0x0000000010001484                alarm_pool_core_num
 .text.sleep_until
                0x0000000010001488       0xc4 CMakeFiles/data.dir/usr/share/pico-sdk/src/common/pico_time/time.c.obj
                0x0000000010001488                sleep_until
 .text.sleep_ms
                0x000000001000154c       0x38 CMakeFiles/data.dir/usr/share/pico-sdk/src/common/pico_time/time.c.obj
                0x000000001000154c                sleep_ms
 .text.best_effort_wfe_or_timeout
                0x0000000010001584       0x78 CMakeFiles/data.dir/usr/share/pico-sdk/src/common/pico_time/time.c.obj
                0x0000000010001584                best_effort_wfe_or_timeout
 .text.hardware_alarm_irq_handler
                0x00000000100015fc       0xbc CMakeFiles/data.dir/usr/share/pico-sdk/src/rp2_common/hardware_timer/timer.c.obj
 .text.hardware_alarm_claim
                0x00000000100016b8       0x18 CMakeFiles/data.dir/usr/share/pico-sdk/src/rp2_common/hardware_timer/timer.c.obj
                0x00000000100016b8                hardware_alarm_claim
 .text.time_us_64
                0x00000000100016d0       0x14 CMakeFiles/data.dir/usr/share/pico-sdk/src/rp2_common/hardware_timer/timer.c.obj
                0x00000000100016d0                time_us_64
 .text.busy_wait_us
                0x00000000100016e4       0x54 CMakeFiles/data.dir/usr/share/pico-sdk/src/rp2_common/hardware_timer/timer.c.obj
                0x00000000100016e4                busy_wait_us
 .text.busy_wait_until
                0x0000000010001738       0x20 CMakeFiles/data.dir/usr/share/pico-sdk/src/rp2_common/hardware_timer/timer.c.obj
                0x0000000010001738                busy_wait_until
 .text.hardware_alarm_set_callback
                0x0000000010001758       0x8c CMakeFiles/data.dir/usr/share/pico-sdk/src/rp2_common/hardware_timer/timer.c.obj
                0x0000000010001758                hardware_alarm_set_callback
 .text.hardware_alarm_set_target
                0x00000000100017e4       0xe0 CMakeFiles/data.dir/usr/share/pico-sdk/src/rp2_common/hardware_timer/timer.c.obj
                0x00000000100017e4                hardware_alarm_set_target
 .text.hardware_alarm_cancel
                0x00000000100018c4       0x3c CMakeFiles/data.dir/usr/share/pico-sdk/src/rp2_common/hardware_timer/timer.c.obj
                0x00000000100018c4                hardware_alarm_cancel
 .text.ph_merge_nodes
                0x0000000010001900       0x68 CMakeFiles/data.dir/usr/share/pico-sdk/src/common/pico_util/pheap.c.obj
 .text.ph_post_alloc_init
                0x0000000010001968       0x3c CMakeFiles/data.dir/usr/share/pico-sdk/src/common/pico_util/pheap.c.obj
                0x0000000010001968                ph_post_alloc_init
 .text.ph_merge_two_pass
                0x00000000100019a4       0x9c CMakeFiles/data.dir/usr/share/pico-sdk/src/common/pico_util/pheap.c.obj
                0x00000000100019a4                ph_merge_two_pass
 .text.ph_remove_any_head
                0x0000000010001a40      0x100 CMakeFiles/data.dir/usr/share/pico-sdk/src/common/pico_util/pheap.c.obj
 .text.ph_remove_head
                0x0000000010001b40      0x104 CMakeFiles/data.dir/usr/share/pico-sdk/src/common/pico_util/pheap.c.obj
                0x0000000010001b40                ph_remove_head
 .text.ph_remove_and_free_node
                0x0000000010001c44       0x7c CMakeFiles/data.dir/usr/share/pico-sdk/src/common/pico_util/pheap.c.obj
                0x0000000010001c44                ph_remove_and_free_node
 .text.uart_init
                0x0000000010001cc0       0xe0 CMakeFiles/data.dir/usr/share/pico-sdk/src/rp2_common/hardware_uart/uart.c.obj
                0x0000000010001cc0                uart_init
 .text.clocks_init
                0x0000000010001da0      0x2b0 CMakeFiles/data.dir/usr/share/pico-sdk/src/rp2_common/hardware_clocks/clocks.c.obj
                0x0000000010001da0                clocks_init
 .text.clock_get_hz
                0x0000000010002050        0xc CMakeFiles/data.dir/usr/share/pico-sdk/src/rp2_common/hardware_clocks/clocks.c.obj
                0x0000000010002050                clock_get_hz
 .text.pll_init
                0x000000001000205c       0xa8 CMakeFiles/data.dir/usr/share/pico-sdk/src/rp2_common/hardware_pll/pll.c.obj
                0x000000001000205c                pll_init
 .text.watchdog_start_tick
                0x0000000010002104       0x10 CMakeFiles/data.dir/usr/share/pico-sdk/src/rp2_common/hardware_watchdog/watchdog.c.obj
                0x0000000010002104                watchdog_start_tick
 .text.watchdog_reboot
                0x0000000010002114       0x9c CMakeFiles/data.dir/usr/share/pico-sdk/src/rp2_common/hardware_watchdog/watchdog.c.obj
                0x0000000010002114                watchdog_reboot
 .text.xosc_init
                0x00000000100021b0       0x28 CMakeFiles/data.dir/usr/share/pico-sdk/src/rp2_common/hardware_xosc/xosc.c.obj
                0x00000000100021b0                xosc_init
 .text.runtime_init
                0x00000000100021d8       0xf0 CMakeFiles/data.dir/usr/share/pico-sdk/src/rp2_common/pico_runtime/runtime.c.obj
                0x00000000100021d8                runtime_init
 .text._exit    0x00000000100022c8        0x4 CMakeFiles/data.dir/usr/share/pico-sdk/src/rp2_common/pico_runtime/runtime.c.obj
                0x00000000100022c8                _exit
 .text._sbrk    0x00000000100022cc       0x34 CMakeFiles/data.dir/usr/share/pico-sdk/src/rp2_common/pico_runtime/runtime.c.obj
                0x00000000100022cc                _sbrk
 .text.exit     0x0000000010002300        0x8 CMakeFiles/data.dir/usr/share/pico-sdk/src/rp2_common/pico_runtime/runtime.c.obj
                0x0000000010002300                exit
 .text.panic    0x0000000010002308       0x30 CMakeFiles/data.dir/usr/share/pico-sdk/src/rp2_common/pico_runtime/runtime.c.obj
                0x0000000010002308                panic
 .text.hard_assertion_failure
                0x0000000010002338        0xc CMakeFiles/data.dir/usr/share/pico-sdk/src/rp2_common/pico_runtime/runtime.c.obj
                0x0000000010002338                hard_assertion_failure
 .text._out_buffer
                0x0000000010002344        0x8 CMakeFiles/data.dir/usr/share/pico-sdk/src/rp2_common/pico_printf/printf.c.obj
 .text._out_null
                0x000000001000234c        0x4 CMakeFiles/data.dir/usr/share/pico-sdk/src/rp2_common/pico_printf/printf.c.obj
 .text._out_rev
                0x0000000010002350       0x90 CMakeFiles/data.dir/usr/share/pico-sdk/src/rp2_common/pico_printf/printf.c.obj
 .text._ntoa_format
                0x00000000100023e0      0x1cc CMakeFiles/data.dir/usr/share/pico-sdk/src/rp2_common/pico_printf/printf.c.obj
 .text._out_char
                0x00000000100025ac       0x10 CMakeFiles/data.dir/usr/share/pico-sdk/src/rp2_common/pico_printf/printf.c.obj
 .text._out_fct
                0x00000000100025bc       0x10 CMakeFiles/data.dir/usr/share/pico-sdk/src/rp2_common/pico_printf/printf.c.obj
 .text._etoa    0x00000000100025cc      0x44c CMakeFiles/data.dir/usr/share/pico-sdk/src/rp2_common/pico_printf/printf.c.obj
 .text._ftoa    0x0000000010002a18      0x3d0 CMakeFiles/data.dir/usr/share/pico-sdk/src/rp2_common/pico_printf/printf.c.obj
 .text._vsnprintf
                0x0000000010002de8      0xabc CMakeFiles/data.dir/usr/share/pico-sdk/src/rp2_common/pico_printf/printf.c.obj
 .text.__wrap_snprintf
                0x00000000100038a4       0x28 CMakeFiles/data.dir/usr/share/pico-sdk/src/rp2_common/pico_printf/printf.c.obj
                0x00000000100038a4                __wrap_snprintf
 .text.__wrap_vsnprintf
                0x00000000100038cc       0x1c CMakeFiles/data.dir/usr/share/pico-sdk/src/rp2_common/pico_printf/printf.c.obj
                0x00000000100038cc                __wrap_vsnprintf
 .text.vfctprintf
                0x00000000100038e8       0x20 CMakeFiles/data.dir/usr/share/pico-sdk/src/rp2_common/pico_printf/printf.c.obj
                0x00000000100038e8                vfctprintf
 .text.weak_raw_vprintf
                0x0000000010003908       0x30 CMakeFiles/data.dir/usr/share/pico-sdk/src/rp2_common/pico_printf/printf.c.obj
                0x0000000010003908                weak_raw_vprintf
 .text          0x0000000010003938       0x10 CMakeFiles/data.dir/usr/share/pico-sdk/src/rp2_common/pico_bit_ops/bit_ops_aeabi.S.obj
 .text.rom_func_lookup
                0x0000000010003948       0x10 CMakeFiles/data.dir/usr/share/pico-sdk/src/rp2_common/pico_bootrom/bootrom.c.obj
                0x0000000010003948                rom_func_lookup
 .text.rom_data_lookup
                0x0000000010003958       0x10 CMakeFiles/data.dir/usr/share/pico-sdk/src/rp2_common/pico_bootrom/bootrom.c.obj
                0x0000000010003958                rom_data_lookup
 .text.rom_funcs_lookup
                0x0000000010003968       0x44 CMakeFiles/data.dir/usr/share/pico-sdk/src/rp2_common/pico_bootrom/bootrom.c.obj
                0x0000000010003968                rom_funcs_lookup
 .text.__wrap___aeabi_idiv
                0x00000000100039ac       0x50 CMakeFiles/data.dir/usr/share/pico-sdk/src/rp2_common/pico_divider/divider.S.obj
                0x00000000100039ac                __wrap___aeabi_idivmod
                0x00000000100039ac                divmod_s32s32
                0x00000000100039ac                div_s32s32
                0x00000000100039ac                __wrap___aeabi_idiv
                0x00000000100039b4                divmod_s32s32_unsafe
                0x00000000100039e0                divmod_s32s32_savestate
 .text.__wrap___aeabi_uidiv
                0x00000000100039fc       0x4c CMakeFiles/data.dir/usr/share/pico-sdk/src/rp2_common/pico_divider/divider.S.obj
                0x00000000100039fc                __wrap___aeabi_uidiv
                0x00000000100039fc                __wrap___aeabi_uidivmod
                0x00000000100039fc                div_u32u32
                0x00000000100039fc                divmod_u32u32
                0x0000000010003a04                divmod_u32u32_unsafe
                0x0000000010003a2c                divmod_u32u32_savestate
 .text.__wrap___aeabi_ldiv
                0x0000000010003a48      0x424 CMakeFiles/data.dir/usr/share/pico-sdk/src/rp2_common/pico_divider/divider.S.obj
                0x0000000010003a48                div_s64s64
                0x0000000010003a48                divmod_s64s64
                0x0000000010003a48                __wrap___aeabi_ldivmod
                0x0000000010003a78                div_u64u64
                0x0000000010003a78                divmod_u64u64
                0x0000000010003a78                __wrap___aeabi_uldivmod
                0x0000000010003a88                divmod_u64u64_savestate
                0x0000000010003aa8                divmod_s64s64_unsafe
                0x0000000010003b30                divmod_u64u64_unsafe
 .text.__wrap___aeabi_darithmetic
                0x0000000010003e6c       0x80 CMakeFiles/data.dir/usr/share/pico-sdk/src/rp2_common/pico_double/double_aeabi.S.obj
                0x0000000010003e6c                __wrap___aeabi_drsub
                0x0000000010003e72                __wrap___aeabi_dsub
                0x0000000010003e84                __wrap___aeabi_dadd
                0x0000000010003e96                __wrap___aeabi_ddiv
                0x0000000010003ed2                __wrap___aeabi_dmul
 .text.__wrap___aeabi_cdcmple
                0x0000000010003eec       0x6c CMakeFiles/data.dir/usr/share/pico-sdk/src/rp2_common/pico_double/double_aeabi.S.obj
                0x0000000010003eec                __wrap___aeabi_cdrcmple
                0x0000000010003efc                __wrap___aeabi_cdcmple
                0x0000000010003efc                __wrap___aeabi_cdcmpeq
 .text.__wrap___aeabi_dcmpeq
                0x0000000010003f58       0x10 CMakeFiles/data.dir/usr/share/pico-sdk/src/rp2_common/pico_double/double_aeabi.S.obj
                0x0000000010003f58                __wrap___aeabi_dcmpeq
 .text.__wrap___aeabi_dcmplt
                0x0000000010003f68        0xc CMakeFiles/data.dir/usr/share/pico-sdk/src/rp2_common/pico_double/double_aeabi.S.obj
                0x0000000010003f68                __wrap___aeabi_dcmplt
 .text.__wrap___aeabi_dcmple
                0x0000000010003f74       0x10 CMakeFiles/data.dir/usr/share/pico-sdk/src/rp2_common/pico_double/double_aeabi.S.obj
                0x0000000010003f74                __wrap___aeabi_dcmple
 .text.__wrap___aeabi_dcmpge
                0x0000000010003f84       0x10 CMakeFiles/data.dir/usr/share/pico-sdk/src/rp2_common/pico_double/double_aeabi.S.obj
                0x0000000010003f84                __wrap___aeabi_dcmpge
 .text.__wrap___aeabi_dcmpgt
                0x0000000010003f94        0xa CMakeFiles/data.dir/usr/share/pico-sdk/src/rp2_common/pico_double/double_aeabi.S.obj
                0x0000000010003f94                __wrap___aeabi_dcmpgt
 .text.__wrap___aeabi_dcmpun
                0x0000000010003f9e       0x1c CMakeFiles/data.dir/usr/share/pico-sdk/src/rp2_common/pico_double/double_aeabi.S.obj
                0x0000000010003f9e                __wrap___aeabi_dcmpun
 *fill*         0x0000000010003fba        0x2 
 .text.__wrap___aeabi_i2d
                0x0000000010003fbc       0x38 CMakeFiles/data.dir/usr/share/pico-sdk/src/rp2_common/pico_double/double_aeabi.S.obj
                0x0000000010003fbc                __wrap___aeabi_ui2d
                0x0000000010003fc4                __wrap___aeabi_i2d
 .text.__wrap___aeabi_d2iz
                0x0000000010003ff4       0x48 CMakeFiles/data.dir/usr/share/pico-sdk/src/rp2_common/pico_double/double_aeabi.S.obj
                0x0000000010003ff4                __wrap___aeabi_d2iz
                0x0000000010003ff4                double2int_z
 .text.__wrap___aeabi_d2uiz
                0x000000001000403c       0x18 CMakeFiles/data.dir/usr/share/pico-sdk/src/rp2_common/pico_double/double_aeabi.S.obj
                0x000000001000403c                double2uint
                0x000000001000403c                __wrap___aeabi_d2uiz
 .text.__aeabi_double_init
                0x0000000010004054       0x94 CMakeFiles/data.dir/usr/share/pico-sdk/src/rp2_common/pico_double/double_init_rom.c.obj
                0x0000000010004054                __aeabi_double_init
 .text.double_table_shim_on_use_helper
                0x00000000100040e8       0x2c CMakeFiles/data.dir/usr/share/pico-sdk/src/rp2_common/pico_double/double_v1_rom_shim.S.obj
                0x00000000100040e8                double_table_shim_on_use_helper
 .text.__wrap___aeabi_dsub
                0x0000000010004114       0x10 CMakeFiles/data.dir/usr/share/pico-sdk/src/rp2_common/pico_double/double_v1_rom_shim.S.obj
                0x0000000010004114                drsub_shim
                0x000000001000411a                dsub_shim
 .text.dadd_shim
                0x0000000010004124      0x15c CMakeFiles/data.dir/usr/share/pico-sdk/src/rp2_common/pico_double/double_v1_rom_shim.S.obj
                0x0000000010004124                dadd_shim
 .text.dmul_shim
                0x0000000010004280      0x15c CMakeFiles/data.dir/usr/share/pico-sdk/src/rp2_common/pico_double/double_v1_rom_shim.S.obj
                0x0000000010004280                dmul_shim
 .text.ddiv_shim
                0x00000000100043dc      0x1b0 CMakeFiles/data.dir/usr/share/pico-sdk/src/rp2_common/pico_double/double_v1_rom_shim.S.obj
                0x00000000100043dc                ddiv_shim
 .text.double2uint_shim
                0x000000001000458c        0xe CMakeFiles/data.dir/usr/share/pico-sdk/src/rp2_common/pico_double/double_v1_rom_shim.S.obj
                0x000000001000458c                double2uint_shim
                0x000000001000458e                double2ufix_shim
 *fill*         0x000000001000459a        0x2 
 .text.double2uint64_shim
                0x000000001000459c       0x70 CMakeFiles/data.dir/usr/share/pico-sdk/src/rp2_common/pico_double/double_v1_rom_shim.S.obj
                0x000000001000459c                double2uint64_shim
                0x000000001000459e                double2ufix64_shim
                0x00000000100045be                d2fix_a
 .text.dunpacks
                0x000000001000460c       0x3c CMakeFiles/data.dir/usr/share/pico-sdk/src/rp2_common/pico_double/double_v1_rom_shim.S.obj
                0x000000001000460c                dunpacks
 .text.__aeabi_lmul
                0x0000000010004648       0x32 CMakeFiles/data.dir/usr/share/pico-sdk/src/rp2_common/pico_int64_ops/pico_int64_ops_aeabi.S.obj
                0x0000000010004648                __wrap___aeabi_lmul
 *fill*         0x000000001000467a        0x2 
 .text.__aeabi_float_init
                0x000000001000467c       0x64 CMakeFiles/data.dir/usr/share/pico-sdk/src/rp2_common/pico_float/float_init_rom.c.obj
                0x000000001000467c                __aeabi_float_init
 .text.float_table_shim_on_use_helper
                0x00000000100046e0       0x2c CMakeFiles/data.dir/usr/share/pico-sdk/src/rp2_common/pico_float/float_v1_rom_shim.S.obj
                0x00000000100046e0                float_table_shim_on_use_helper
 .text.__wrap_malloc
                0x000000001000470c       0x24 CMakeFiles/data.dir/usr/share/pico-sdk/src/rp2_common/pico_malloc/pico_malloc.c.obj
                0x000000001000470c                __wrap_malloc
 .text.__wrap_free
                0x0000000010004730        0x8 CMakeFiles/data.dir/usr/share/pico-sdk/src/rp2_common/pico_malloc/pico_malloc.c.obj
                0x0000000010004730                __wrap_free
 .text          0x0000000010004738       0x10 CMakeFiles/data.dir/usr/share/pico-sdk/src/rp2_common/pico_mem_ops/mem_ops_aeabi.S.obj
                0x0000000010004738                __aeabi_mem_init
 .text.memset   0x0000000010004748        0xc CMakeFiles/data.dir/usr/share/pico-sdk/src/rp2_common/pico_mem_ops/mem_ops_aeabi.S.obj
                0x0000000010004748                __wrap_memset
 .text.memcpy   0x0000000010004754        0xc CMakeFiles/data.dir/usr/share/pico-sdk/src/rp2_common/pico_mem_ops/mem_ops_aeabi.S.obj
                0x0000000010004754                __wrap___aeabi_memcpy
                0x0000000010004754                __wrap_memcpy
 .text.stdio_out_chars_no_crlf
                0x0000000010004760       0x10 CMakeFiles/data.dir/usr/share/pico-sdk/src/rp2_common/pico_stdio/stdio.c.obj
 .text.stdio_out_chars_crlf
                0x0000000010004770       0xb4 CMakeFiles/data.dir/usr/share/pico-sdk/src/rp2_common/pico_stdio/stdio.c.obj
 .text.stdio_buffered_printer
                0x0000000010004824       0x64 CMakeFiles/data.dir/usr/share/pico-sdk/src/rp2_common/pico_stdio/stdio.c.obj
 .text.stdio_put_string.isra.0
                0x0000000010004888      0x100 CMakeFiles/data.dir/usr/share/pico-sdk/src/rp2_common/pico_stdio/stdio.c.obj
 .text.__wrap_putchar
                0x0000000010004988       0x98 CMakeFiles/data.dir/usr/share/pico-sdk/src/rp2_common/pico_stdio/stdio.c.obj
                0x0000000010004988                __wrap_putchar
 .text.__wrap_puts
                0x0000000010004a20       0x3c CMakeFiles/data.dir/usr/share/pico-sdk/src/rp2_common/pico_stdio/stdio.c.obj
                0x0000000010004a20                __wrap_puts
 .text._read    0x0000000010004a5c       0x94 CMakeFiles/data.dir/usr/share/pico-sdk/src/rp2_common/pico_stdio/stdio.c.obj
                0x0000000010004a5c                _read
 .text._write   0x0000000010004af0       0xb4 CMakeFiles/data.dir/usr/share/pico-sdk/src/rp2_common/pico_stdio/stdio.c.obj
                0x0000000010004af0                _write
 .text._close   0x0000000010004ba4        0x8 CMakeFiles/data.dir/usr/share/pico-sdk/src/rp2_common/pico_stdio/stdio.c.obj
                0x0000000010004ba4                _close
 .text._lseek   0x0000000010004bac        0x8 CMakeFiles/data.dir/usr/share/pico-sdk/src/rp2_common/pico_stdio/stdio.c.obj
                0x0000000010004bac                _lseek
 .text.stdio_set_driver_enabled
                0x0000000010004bb4       0x30 CMakeFiles/data.dir/usr/share/pico-sdk/src/rp2_common/pico_stdio/stdio.c.obj
                0x0000000010004bb4                stdio_set_driver_enabled
 .text.__wrap_vprintf
                0x0000000010004be4       0xd4 CMakeFiles/data.dir/usr/share/pico-sdk/src/rp2_common/pico_stdio/stdio.c.obj
                0x0000000010004be4                __wrap_vprintf
 .text.__wrap_printf
                0x0000000010004cb8       0x18 CMakeFiles/data.dir/usr/share/pico-sdk/src/rp2_common/pico_stdio/stdio.c.obj
                0x0000000010004cb8                __wrap_printf
 .text.stdio_init_all
                0x0000000010004cd0       0x10 CMakeFiles/data.dir/usr/share/pico-sdk/src/rp2_common/pico_stdio/stdio.c.obj
                0x0000000010004cd0                stdio_init_all
 .text.stdio_uart_out_chars
                0x0000000010004ce0       0x4c CMakeFiles/data.dir/usr/share/pico-sdk/src/rp2_common/pico_stdio_uart/stdio_uart.c.obj
 .text.stdio_uart_in_chars
                0x0000000010004d2c       0x84 CMakeFiles/data.dir/usr/share/pico-sdk/src/rp2_common/pico_stdio_uart/stdio_uart.c.obj
                0x0000000010004d2c                stdio_uart_in_chars
 .text.on_uart_rx
                0x0000000010004db0       0x28 CMakeFiles/data.dir/usr/share/pico-sdk/src/rp2_common/pico_stdio_uart/stdio_uart.c.obj
 .text.stdio_uart_set_chars_available_callback
                0x0000000010004dd8       0x8c CMakeFiles/data.dir/usr/share/pico-sdk/src/rp2_common/pico_stdio_uart/stdio_uart.c.obj
 .text.stdio_uart_init
                0x0000000010004e64       0x48 CMakeFiles/data.dir/usr/share/pico-sdk/src/rp2_common/pico_stdio_uart/stdio_uart.c.obj
                0x0000000010004e64                stdio_uart_init
 .text.resetd_init
                0x0000000010004eac        0x4 CMakeFiles/data.dir/usr/share/pico-sdk/src/rp2_common/pico_stdio_usb/reset_interface.c.obj
 .text.resetd_reset
                0x0000000010004eb0        0xc CMakeFiles/data.dir/usr/share/pico-sdk/src/rp2_common/pico_stdio_usb/reset_interface.c.obj
 .text.resetd_open
                0x0000000010004ebc       0x28 CMakeFiles/data.dir/usr/share/pico-sdk/src/rp2_common/pico_stdio_usb/reset_interface.c.obj
 .text.resetd_xfer_cb
                0x0000000010004ee4        0x4 CMakeFiles/data.dir/usr/share/pico-sdk/src/rp2_common/pico_stdio_usb/reset_interface.c.obj
 .text.resetd_control_xfer_cb
                0x0000000010004ee8       0x64 CMakeFiles/data.dir/usr/share/pico-sdk/src/rp2_common/pico_stdio_usb/reset_interface.c.obj
 .text.usbd_app_driver_get_cb
                0x0000000010004f4c        0xc CMakeFiles/data.dir/usr/share/pico-sdk/src/rp2_common/pico_stdio_usb/reset_interface.c.obj
                0x0000000010004f4c                usbd_app_driver_get_cb
 .text.tud_cdc_line_coding_cb
                0x0000000010004f58       0x34 CMakeFiles/data.dir/usr/share/pico-sdk/src/rp2_common/pico_stdio_usb/reset_interface.c.obj
                0x0000000010004f58                tud_cdc_line_coding_cb
 .text.stdio_usb_set_chars_available_callback
                0x0000000010004f8c       0x14 CMakeFiles/data.dir/usr/share/pico-sdk/src/rp2_common/pico_stdio_usb/stdio_usb.c.obj
                0x0000000010004f8c                stdio_usb_set_chars_available_callback
 .text.usb_irq  0x0000000010004fa0       0x10 CMakeFiles/data.dir/usr/share/pico-sdk/src/rp2_common/pico_stdio_usb/stdio_usb.c.obj
 .text.timer_task
                0x0000000010004fb0       0x54 CMakeFiles/data.dir/usr/share/pico-sdk/src/rp2_common/pico_stdio_usb/stdio_usb.c.obj
 .text.stdio_usb_in_chars
                0x0000000010005004       0x94 CMakeFiles/data.dir/usr/share/pico-sdk/src/rp2_common/pico_stdio_usb/stdio_usb.c.obj
                0x0000000010005004                stdio_usb_in_chars
 .text.stdio_usb_out_chars
                0x0000000010005098      0x104 CMakeFiles/data.dir/usr/share/pico-sdk/src/rp2_common/pico_stdio_usb/stdio_usb.c.obj
 .text.low_priority_worker_irq
                0x000000001000519c       0xa8 CMakeFiles/data.dir/usr/share/pico-sdk/src/rp2_common/pico_stdio_usb/stdio_usb.c.obj
 .text.tud_cdc_rx_cb
                0x0000000010005244       0x20 CMakeFiles/data.dir/usr/share/pico-sdk/src/rp2_common/pico_stdio_usb/stdio_usb.c.obj
                0x0000000010005244                tud_cdc_rx_cb
 .text.stdio_usb_init
                0x0000000010005264       0xe0 CMakeFiles/data.dir/usr/share/pico-sdk/src/rp2_common/pico_stdio_usb/stdio_usb.c.obj
                0x0000000010005264                stdio_usb_init
 .text.tud_descriptor_device_cb
                0x0000000010005344        0x8 CMakeFiles/data.dir/usr/share/pico-sdk/src/rp2_common/pico_stdio_usb/stdio_usb_descriptors.c.obj
                0x0000000010005344                tud_descriptor_device_cb
 .text.tud_descriptor_configuration_cb
                0x000000001000534c        0x8 CMakeFiles/data.dir/usr/share/pico-sdk/src/rp2_common/pico_stdio_usb/stdio_usb_descriptors.c.obj
                0x000000001000534c                tud_descriptor_configuration_cb
 .text.tud_descriptor_string_cb
                0x0000000010005354       0x74 CMakeFiles/data.dir/usr/share/pico-sdk/src/rp2_common/pico_stdio_usb/stdio_usb_descriptors.c.obj
                0x0000000010005354                tud_descriptor_string_cb
 .text.startup._retrieve_unique_id_on_boot
                0x00000000100053c8       0x10 CMakeFiles/data.dir/usr/share/pico-sdk/src/rp2_common/pico_unique_id/unique_id.c.obj
 .text.pico_get_unique_board_id_string
                0x00000000100053d8      0x1a8 CMakeFiles/data.dir/usr/share/pico-sdk/src/rp2_common/pico_unique_id/unique_id.c.obj
                0x00000000100053d8                pico_get_unique_board_id_string
 .text.flash_get_unique_id
                0x0000000010005580       0x40 CMakeFiles/data.dir/usr/share/pico-sdk/src/rp2_common/hardware_flash/flash.c.obj
                0x0000000010005580                flash_get_unique_id
 .text.dcd_int_enable
                0x00000000100055c0        0xc CMakeFiles/data.dir/usr/share/pico-sdk/lib/tinyusb/src/portable/raspberrypi/rp2040/dcd_rp2040.c.obj
                0x00000000100055c0                dcd_int_enable
 .text.dcd_set_address
                0x00000000100055cc       0x14 CMakeFiles/data.dir/usr/share/pico-sdk/lib/tinyusb/src/portable/raspberrypi/rp2040/dcd_rp2040.c.obj
                0x00000000100055cc                dcd_set_address
 .text.dcd_connect
                0x00000000100055e0       0x10 CMakeFiles/data.dir/usr/share/pico-sdk/lib/tinyusb/src/portable/raspberrypi/rp2040/dcd_rp2040.c.obj
                0x00000000100055e0                dcd_connect
 .text.dcd_init
                0x00000000100055f0       0x98 CMakeFiles/data.dir/usr/share/pico-sdk/lib/tinyusb/src/portable/raspberrypi/rp2040/dcd_rp2040.c.obj
                0x00000000100055f0                dcd_init
 .text.dcd_edpt0_status_complete
                0x0000000010005688       0x1c CMakeFiles/data.dir/usr/share/pico-sdk/lib/tinyusb/src/portable/raspberrypi/rp2040/dcd_rp2040.c.obj
                0x0000000010005688                dcd_edpt0_status_complete
 .text.dcd_edpt_open
                0x00000000100056a4      0x108 CMakeFiles/data.dir/usr/share/pico-sdk/lib/tinyusb/src/portable/raspberrypi/rp2040/dcd_rp2040.c.obj
                0x00000000100056a4                dcd_edpt_open
 .text.dcd_edpt_close_all
                0x00000000100057ac        0x8 CMakeFiles/data.dir/usr/share/pico-sdk/lib/tinyusb/src/portable/raspberrypi/rp2040/dcd_rp2040.c.obj
                0x00000000100057ac                dcd_edpt_close_all
 .text.dcd_edpt_xfer
                0x00000000100057b4       0x24 CMakeFiles/data.dir/usr/share/pico-sdk/lib/tinyusb/src/portable/raspberrypi/rp2040/dcd_rp2040.c.obj
                0x00000000100057b4                dcd_edpt_xfer
 .text.dcd_edpt_stall
                0x00000000100057d8       0x38 CMakeFiles/data.dir/usr/share/pico-sdk/lib/tinyusb/src/portable/raspberrypi/rp2040/dcd_rp2040.c.obj
                0x00000000100057d8                dcd_edpt_stall
 .text.dcd_edpt_clear_stall
                0x0000000010005810       0x30 CMakeFiles/data.dir/usr/share/pico-sdk/lib/tinyusb/src/portable/raspberrypi/rp2040/dcd_rp2040.c.obj
                0x0000000010005810                dcd_edpt_clear_stall
 .text.rp2040_usb_init
                0x0000000010005840       0x4c CMakeFiles/data.dir/usr/share/pico-sdk/lib/tinyusb/src/portable/raspberrypi/rp2040/rp2040_usb.c.obj
                0x0000000010005840                rp2040_usb_init
 .text.hw_endpoint_xfer_start
                0x000000001000588c       0x50 CMakeFiles/data.dir/usr/share/pico-sdk/lib/tinyusb/src/portable/raspberrypi/rp2040/rp2040_usb.c.obj
                0x000000001000588c                hw_endpoint_xfer_start
 .text.tud_mounted
                0x00000000100058dc       0x10 CMakeFiles/data.dir/usr/share/pico-sdk/lib/tinyusb/src/device/usbd.c.obj
                0x00000000100058dc                tud_mounted
 .text.tud_suspended
                0x00000000100058ec       0x10 CMakeFiles/data.dir/usr/share/pico-sdk/lib/tinyusb/src/device/usbd.c.obj
                0x00000000100058ec                tud_suspended
 .text.tud_inited
                0x00000000100058fc       0x14 CMakeFiles/data.dir/usr/share/pico-sdk/lib/tinyusb/src/device/usbd.c.obj
                0x00000000100058fc                tud_inited
 .text.tud_init
                0x0000000010005910       0xe0 CMakeFiles/data.dir/usr/share/pico-sdk/lib/tinyusb/src/device/usbd.c.obj
                0x0000000010005910                tud_init
 .text.tud_task_ext
                0x00000000100059f0      0x8a8 CMakeFiles/data.dir/usr/share/pico-sdk/lib/tinyusb/src/device/usbd.c.obj
                0x00000000100059f0                tud_task_ext
 .text.usbd_open_edpt_pair
                0x0000000010006298       0x9c CMakeFiles/data.dir/usr/share/pico-sdk/lib/tinyusb/src/device/usbd.c.obj
                0x0000000010006298                usbd_open_edpt_pair
 .text.usbd_defer_func
                0x0000000010006334       0x48 CMakeFiles/data.dir/usr/share/pico-sdk/lib/tinyusb/src/device/usbd.c.obj
                0x0000000010006334                usbd_defer_func
 .text.usbd_edpt_open
                0x000000001000637c       0x34 CMakeFiles/data.dir/usr/share/pico-sdk/lib/tinyusb/src/device/usbd.c.obj
                0x000000001000637c                usbd_edpt_open
 .text.usbd_edpt_claim
                0x00000000100063b0       0x28 CMakeFiles/data.dir/usr/share/pico-sdk/lib/tinyusb/src/device/usbd.c.obj
                0x00000000100063b0                usbd_edpt_claim
 .text.usbd_edpt_release
                0x00000000100063d8       0x28 CMakeFiles/data.dir/usr/share/pico-sdk/lib/tinyusb/src/device/usbd.c.obj
                0x00000000100063d8                usbd_edpt_release
 .text.usbd_edpt_xfer
                0x0000000010006400       0x4c CMakeFiles/data.dir/usr/share/pico-sdk/lib/tinyusb/src/device/usbd.c.obj
                0x0000000010006400                usbd_edpt_xfer
 .text.tud_control_status
                0x000000001000644c       0x2c CMakeFiles/data.dir/usr/share/pico-sdk/lib/tinyusb/src/device/usbd_control.c.obj
                0x000000001000644c                tud_control_status
 .text.tud_control_xfer
                0x0000000010006478       0xac CMakeFiles/data.dir/usr/share/pico-sdk/lib/tinyusb/src/device/usbd_control.c.obj
                0x0000000010006478                tud_control_xfer
 .text.usbd_control_reset
                0x0000000010006524       0x14 CMakeFiles/data.dir/usr/share/pico-sdk/lib/tinyusb/src/device/usbd_control.c.obj
                0x0000000010006524                usbd_control_reset
 .text.usbd_control_set_complete_callback
                0x0000000010006538        0xc CMakeFiles/data.dir/usr/share/pico-sdk/lib/tinyusb/src/device/usbd_control.c.obj
                0x0000000010006538                usbd_control_set_complete_callback
 .text.usbd_control_set_request
                0x0000000010006544       0x1c CMakeFiles/data.dir/usr/share/pico-sdk/lib/tinyusb/src/device/usbd_control.c.obj
                0x0000000010006544                usbd_control_set_request
 .text.usbd_control_xfer_cb
                0x0000000010006560       0xf4 CMakeFiles/data.dir/usr/share/pico-sdk/lib/tinyusb/src/device/usbd_control.c.obj
                0x0000000010006560                usbd_control_xfer_cb
 .text.tud_cdc_n_connected
                0x0000000010006654       0x30 CMakeFiles/data.dir/usr/share/pico-sdk/lib/tinyusb/src/class/cdc/cdc_device.c.obj
                0x0000000010006654                tud_cdc_n_connected
 .text.tud_cdc_n_available
                0x0000000010006684       0x18 CMakeFiles/data.dir/usr/share/pico-sdk/lib/tinyusb/src/class/cdc/cdc_device.c.obj
                0x0000000010006684                tud_cdc_n_available
 .text.tud_cdc_n_read
                0x000000001000669c       0x70 CMakeFiles/data.dir/usr/share/pico-sdk/lib/tinyusb/src/class/cdc/cdc_device.c.obj
                0x000000001000669c                tud_cdc_n_read
 .text.tud_cdc_n_write_flush
                0x000000001000670c       0x78 CMakeFiles/data.dir/usr/share/pico-sdk/lib/tinyusb/src/class/cdc/cdc_device.c.obj
                0x000000001000670c                tud_cdc_n_write_flush
 .text.tud_cdc_n_write
                0x0000000010006784       0x34 CMakeFiles/data.dir/usr/share/pico-sdk/lib/tinyusb/src/class/cdc/cdc_device.c.obj
                0x0000000010006784                tud_cdc_n_write
 .text.tud_cdc_n_write_available
                0x00000000100067b8       0x18 CMakeFiles/data.dir/usr/share/pico-sdk/lib/tinyusb/src/class/cdc/cdc_device.c.obj
                0x00000000100067b8                tud_cdc_n_write_available
 .text.cdcd_init
                0x00000000100067d0       0x7c CMakeFiles/data.dir/usr/share/pico-sdk/lib/tinyusb/src/class/cdc/cdc_device.c.obj
                0x00000000100067d0                cdcd_init
 .text.cdcd_reset
                0x000000001000684c       0x2c CMakeFiles/data.dir/usr/share/pico-sdk/lib/tinyusb/src/class/cdc/cdc_device.c.obj
                0x000000001000684c                cdcd_reset
 .text.cdcd_open
                0x0000000010006878       0xe8 CMakeFiles/data.dir/usr/share/pico-sdk/lib/tinyusb/src/class/cdc/cdc_device.c.obj
                0x0000000010006878                cdcd_open
 .text.cdcd_control_xfer_cb
                0x0000000010006960       0xe4 CMakeFiles/data.dir/usr/share/pico-sdk/lib/tinyusb/src/class/cdc/cdc_device.c.obj
                0x0000000010006960                cdcd_control_xfer_cb
 .text.cdcd_xfer_cb
                0x0000000010006a44      0x148 CMakeFiles/data.dir/usr/share/pico-sdk/lib/tinyusb/src/class/cdc/cdc_device.c.obj
                0x0000000010006a44                cdcd_xfer_cb
 .text.tusb_init
                0x0000000010006b8c        0xc CMakeFiles/data.dir/usr/share/pico-sdk/lib/tinyusb/src/tusb.c.obj
                0x0000000010006b8c                tusb_init
 .text.tusb_inited
                0x0000000010006b98        0x8 CMakeFiles/data.dir/usr/share/pico-sdk/lib/tinyusb/src/tusb.c.obj
                0x0000000010006b98                tusb_inited
 .text.tu_edpt_claim
                0x0000000010006ba0       0x50 CMakeFiles/data.dir/usr/share/pico-sdk/lib/tinyusb/src/tusb.c.obj
                0x0000000010006ba0                tu_edpt_claim
 .text.tu_edpt_release
                0x0000000010006bf0       0x38 CMakeFiles/data.dir/usr/share/pico-sdk/lib/tinyusb/src/tusb.c.obj
                0x0000000010006bf0                tu_edpt_release
 .text.tu_edpt_validate
                0x0000000010006c28       0x74 CMakeFiles/data.dir/usr/share/pico-sdk/lib/tinyusb/src/tusb.c.obj
                0x0000000010006c28                tu_edpt_validate
 .text.tu_edpt_bind_driver
                0x0000000010006c9c       0x34 CMakeFiles/data.dir/usr/share/pico-sdk/lib/tinyusb/src/tusb.c.obj
                0x0000000010006c9c                tu_edpt_bind_driver
 .text.tu_fifo_config
                0x0000000010006cd0       0x70 CMakeFiles/data.dir/usr/share/pico-sdk/lib/tinyusb/src/common/tusb_fifo.c.obj
                0x0000000010006cd0                tu_fifo_config
 .text.tu_fifo_count
                0x0000000010006d40       0x2c CMakeFiles/data.dir/usr/share/pico-sdk/lib/tinyusb/src/common/tusb_fifo.c.obj
                0x0000000010006d40                tu_fifo_count
 .text.tu_fifo_empty
                0x0000000010006d6c       0x10 CMakeFiles/data.dir/usr/share/pico-sdk/lib/tinyusb/src/common/tusb_fifo.c.obj
                0x0000000010006d6c                tu_fifo_empty
 .text.tu_fifo_remaining
                0x0000000010006d7c       0x2c CMakeFiles/data.dir/usr/share/pico-sdk/lib/tinyusb/src/common/tusb_fifo.c.obj
                0x0000000010006d7c                tu_fifo_remaining
 .text.tu_fifo_read
                0x0000000010006da8       0xa0 CMakeFiles/data.dir/usr/share/pico-sdk/lib/tinyusb/src/common/tusb_fifo.c.obj
                0x0000000010006da8                tu_fifo_read
 .text.tu_fifo_read_n
                0x0000000010006e48       0xe8 CMakeFiles/data.dir/usr/share/pico-sdk/lib/tinyusb/src/common/tusb_fifo.c.obj
                0x0000000010006e48                tu_fifo_read_n
 .text.tu_fifo_write
                0x0000000010006f30       0x88 CMakeFiles/data.dir/usr/share/pico-sdk/lib/tinyusb/src/common/tusb_fifo.c.obj
                0x0000000010006f30                tu_fifo_write
 .text.tu_fifo_write_n
                0x0000000010006fb8      0x160 CMakeFiles/data.dir/usr/share/pico-sdk/lib/tinyusb/src/common/tusb_fifo.c.obj
                0x0000000010006fb8                tu_fifo_write_n
 .text.tu_fifo_clear
                0x0000000010007118       0x40 CMakeFiles/data.dir/usr/share/pico-sdk/lib/tinyusb/src/common/tusb_fifo.c.obj
                0x0000000010007118                tu_fifo_clear
 .text.tu_fifo_set_overwritable
                0x0000000010007158       0x48 CMakeFiles/data.dir/usr/share/pico-sdk/lib/tinyusb/src/common/tusb_fifo.c.obj
                0x0000000010007158                tu_fifo_set_overwritable
 .text.adc_init
                0x00000000100071a0       0x38 CMakeFiles/data.dir/usr/share/pico-sdk/src/rp2_common/hardware_adc/adc.c.obj
                0x00000000100071a0                adc_init
 .text.dma_claim_unused_channel
                0x00000000100071d8       0x24 CMakeFiles/data.dir/usr/share/pico-sdk/src/rp2_common/hardware_dma/dma.c.obj
                0x00000000100071d8                dma_claim_unused_channel
 .text.ff_memalloc
                0x00000000100071fc        0x8 CMakeFiles/data.dir/no-OS-FatFS-SD-SPI-RPi-Pico/FatFs_SPI/ff15/source/ffsystem.c.obj
                0x00000000100071fc                ff_memalloc
 .text.ff_memfree
                0x0000000010007204        0x8 CMakeFiles/data.dir/no-OS-FatFS-SD-SPI-RPi-Pico/FatFs_SPI/ff15/source/ffsystem.c.obj
                0x0000000010007204                ff_memfree
 .text.ff_uni2oem
                0x000000001000720c       0x40 CMakeFiles/data.dir/no-OS-FatFS-SD-SPI-RPi-Pico/FatFs_SPI/ff15/source/ffunicode.c.obj
                0x000000001000720c                ff_uni2oem
 .text.ff_wtoupper
                0x000000001000724c       0xb8 CMakeFiles/data.dir/no-OS-FatFS-SD-SPI-RPi-Pico/FatFs_SPI/ff15/source/ffunicode.c.obj
                0x000000001000724c                ff_wtoupper
 .text.tchar2uni
                0x0000000010007304       0xe8 CMakeFiles/data.dir/no-OS-FatFS-SD-SPI-RPi-Pico/FatFs_SPI/ff15/source/ff.c.obj
 .text.inc_share
                0x00000000100073ec      0x380 CMakeFiles/data.dir/no-OS-FatFS-SD-SPI-RPi-Pico/FatFs_SPI/ff15/source/ff.c.obj
 .text.dir_clear
                0x000000001000776c      0x18c CMakeFiles/data.dir/no-OS-FatFS-SD-SPI-RPi-Pico/FatFs_SPI/ff15/source/ff.c.obj
 .text.init_alloc_info.isra.0
                0x00000000100078f8       0x6c CMakeFiles/data.dir/no-OS-FatFS-SD-SPI-RPi-Pico/FatFs_SPI/ff15/source/ff.c.obj
 .text.move_window
                0x0000000010007964       0xbc CMakeFiles/data.dir/no-OS-FatFS-SD-SPI-RPi-Pico/FatFs_SPI/ff15/source/ff.c.obj
 .text.put_fat.part.0
                0x0000000010007a20      0x180 CMakeFiles/data.dir/no-OS-FatFS-SD-SPI-RPi-Pico/FatFs_SPI/ff15/source/ff.c.obj
 .text.get_fat  0x0000000010007ba0      0x1a8 CMakeFiles/data.dir/no-OS-FatFS-SD-SPI-RPi-Pico/FatFs_SPI/ff15/source/ff.c.obj
 .text.dir_next.constprop.0
                0x0000000010007d48       0xc8 CMakeFiles/data.dir/no-OS-FatFS-SD-SPI-RPi-Pico/FatFs_SPI/ff15/source/ff.c.obj
 .text.sync_fs  0x0000000010007e10      0x100 CMakeFiles/data.dir/no-OS-FatFS-SD-SPI-RPi-Pico/FatFs_SPI/ff15/source/ff.c.obj
 .text.check_fs
                0x0000000010007f10      0x18c CMakeFiles/data.dir/no-OS-FatFS-SD-SPI-RPi-Pico/FatFs_SPI/ff15/source/ff.c.obj
 .text.mount_volume
                0x000000001000809c      0xa68 CMakeFiles/data.dir/no-OS-FatFS-SD-SPI-RPi-Pico/FatFs_SPI/ff15/source/ff.c.obj
 .text.load_xdir
                0x0000000010008b04      0x1fc CMakeFiles/data.dir/no-OS-FatFS-SD-SPI-RPi-Pico/FatFs_SPI/ff15/source/ff.c.obj
 .text.dir_read.constprop.0
                0x0000000010008d00      0x520 CMakeFiles/data.dir/no-OS-FatFS-SD-SPI-RPi-Pico/FatFs_SPI/ff15/source/ff.c.obj
 .text.dir_sdi  0x0000000010009220      0x2fc CMakeFiles/data.dir/no-OS-FatFS-SD-SPI-RPi-Pico/FatFs_SPI/ff15/source/ff.c.obj
 .text.store_xdir
                0x000000001000951c      0x21c CMakeFiles/data.dir/no-OS-FatFS-SD-SPI-RPi-Pico/FatFs_SPI/ff15/source/ff.c.obj
 .text.dir_find
                0x0000000010009738      0x46c CMakeFiles/data.dir/no-OS-FatFS-SD-SPI-RPi-Pico/FatFs_SPI/ff15/source/ff.c.obj
 .text.follow_path
                0x0000000010009ba4      0x5dc CMakeFiles/data.dir/no-OS-FatFS-SD-SPI-RPi-Pico/FatFs_SPI/ff15/source/ff.c.obj
 .text.create_chain
                0x000000001000a180      0x514 CMakeFiles/data.dir/no-OS-FatFS-SD-SPI-RPi-Pico/FatFs_SPI/ff15/source/ff.c.obj
 .text.dir_alloc
                0x000000001000a694      0x220 CMakeFiles/data.dir/no-OS-FatFS-SD-SPI-RPi-Pico/FatFs_SPI/ff15/source/ff.c.obj
 .text.dir_register
                0x000000001000a8b4      0xa7c CMakeFiles/data.dir/no-OS-FatFS-SD-SPI-RPi-Pico/FatFs_SPI/ff15/source/ff.c.obj
 .text.remove_chain
                0x000000001000b330      0x3c4 CMakeFiles/data.dir/no-OS-FatFS-SD-SPI-RPi-Pico/FatFs_SPI/ff15/source/ff.c.obj
 .text.f_mount  0x000000001000b6f4      0x1c8 CMakeFiles/data.dir/no-OS-FatFS-SD-SPI-RPi-Pico/FatFs_SPI/ff15/source/ff.c.obj
                0x000000001000b6f4                f_mount
 .text.f_open   0x000000001000b8bc      0x7f8 CMakeFiles/data.dir/no-OS-FatFS-SD-SPI-RPi-Pico/FatFs_SPI/ff15/source/ff.c.obj
                0x000000001000b8bc                f_open
 .text.f_write  0x000000001000c0b4      0x2dc CMakeFiles/data.dir/no-OS-FatFS-SD-SPI-RPi-Pico/FatFs_SPI/ff15/source/ff.c.obj
                0x000000001000c0b4                f_write
 .text.putc_bfd
                0x000000001000c390      0x180 CMakeFiles/data.dir/no-OS-FatFS-SD-SPI-RPi-Pico/FatFs_SPI/ff15/source/ff.c.obj
 .text.putc_bfd.constprop.0
                0x000000001000c510      0x12c CMakeFiles/data.dir/no-OS-FatFS-SD-SPI-RPi-Pico/FatFs_SPI/ff15/source/ff.c.obj
 .text.f_sync   0x000000001000c63c      0x2dc CMakeFiles/data.dir/no-OS-FatFS-SD-SPI-RPi-Pico/FatFs_SPI/ff15/source/ff.c.obj
                0x000000001000c63c                f_sync
 .text.f_close  0x000000001000c918       0x78 CMakeFiles/data.dir/no-OS-FatFS-SD-SPI-RPi-Pico/FatFs_SPI/ff15/source/ff.c.obj
                0x000000001000c918                f_close
 .text.f_printf
                0x000000001000c990      0xc84 CMakeFiles/data.dir/no-OS-FatFS-SD-SPI-RPi-Pico/FatFs_SPI/ff15/source/ff.c.obj
                0x000000001000c990                f_printf
 .text.sd_spi_go_high_frequency
                0x000000001000d614       0x10 CMakeFiles/data.dir/no-OS-FatFS-SD-SPI-RPi-Pico/FatFs_SPI/sd_driver/sd_spi.c.obj
                0x000000001000d614                sd_spi_go_high_frequency
 .text.sd_spi_go_low_frequency
                0x000000001000d624       0x14 CMakeFiles/data.dir/no-OS-FatFS-SD-SPI-RPi-Pico/FatFs_SPI/sd_driver/sd_spi.c.obj
                0x000000001000d624                sd_spi_go_low_frequency
 .text.sd_spi_deselect_pulse
                0x000000001000d638       0x5c CMakeFiles/data.dir/no-OS-FatFS-SD-SPI-RPi-Pico/FatFs_SPI/sd_driver/sd_spi.c.obj
                0x000000001000d638                sd_spi_deselect_pulse
 .text.sd_spi_acquire
                0x000000001000d694       0x34 CMakeFiles/data.dir/no-OS-FatFS-SD-SPI-RPi-Pico/FatFs_SPI/sd_driver/sd_spi.c.obj
                0x000000001000d694                sd_spi_acquire
 .text.sd_spi_release
                0x000000001000d6c8       0x34 CMakeFiles/data.dir/no-OS-FatFS-SD-SPI-RPi-Pico/FatFs_SPI/sd_driver/sd_spi.c.obj
                0x000000001000d6c8                sd_spi_release
 .text.sd_spi_transfer
                0x000000001000d6fc        0xc CMakeFiles/data.dir/no-OS-FatFS-SD-SPI-RPi-Pico/FatFs_SPI/sd_driver/sd_spi.c.obj
                0x000000001000d6fc                sd_spi_transfer
 .text.sd_spi_write
                0x000000001000d708       0x44 CMakeFiles/data.dir/no-OS-FatFS-SD-SPI-RPi-Pico/FatFs_SPI/sd_driver/sd_spi.c.obj
                0x000000001000d708                sd_spi_write
 .text.sd_spi_send_initializing_sequence
                0x000000001000d74c       0x7c CMakeFiles/data.dir/no-OS-FatFS-SD-SPI-RPi-Pico/FatFs_SPI/sd_driver/sd_spi.c.obj
                0x000000001000d74c                sd_spi_send_initializing_sequence
 .text.spi_lock
                0x000000001000d7c8       0x30 CMakeFiles/data.dir/no-OS-FatFS-SD-SPI-RPi-Pico/FatFs_SPI/sd_driver/spi.c.obj
                0x000000001000d7c8                spi_lock
 .text.spi_unlock
                0x000000001000d7f8       0x30 CMakeFiles/data.dir/no-OS-FatFS-SD-SPI-RPi-Pico/FatFs_SPI/sd_driver/spi.c.obj
                0x000000001000d7f8                spi_unlock
 .text.my_spi_init
                0x000000001000d828      0x1b0 CMakeFiles/data.dir/no-OS-FatFS-SD-SPI-RPi-Pico/FatFs_SPI/sd_driver/spi.c.obj
                0x000000001000d828                my_spi_init
 .text.sd_sectors_nolock.part.0
                0x000000001000d9d8      0x244 CMakeFiles/data.dir/no-OS-FatFS-SD-SPI-RPi-Pico/FatFs_SPI/sd_driver/sd_card.c.obj
 .text.sd_write_block.constprop.0
                0x000000001000dc1c       0xd4 CMakeFiles/data.dir/no-OS-FatFS-SD-SPI-RPi-Pico/FatFs_SPI/sd_driver/sd_card.c.obj
 .text.sd_cmd   0x000000001000dcf0      0x4dc CMakeFiles/data.dir/no-OS-FatFS-SD-SPI-RPi-Pico/FatFs_SPI/sd_driver/sd_card.c.obj
 .text.sd_read_blocks
                0x000000001000e1cc      0x1f8 CMakeFiles/data.dir/no-OS-FatFS-SD-SPI-RPi-Pico/FatFs_SPI/sd_driver/sd_card.c.obj
                0x000000001000e1cc                sd_read_blocks
 .text.sd_write_blocks
                0x000000001000e3c4      0x168 CMakeFiles/data.dir/no-OS-FatFS-SD-SPI-RPi-Pico/FatFs_SPI/sd_driver/sd_card.c.obj
                0x000000001000e3c4                sd_write_blocks
 .text.sd_init  0x000000001000e52c      0x354 CMakeFiles/data.dir/no-OS-FatFS-SD-SPI-RPi-Pico/FatFs_SPI/sd_driver/sd_card.c.obj
 .text.sd_card_detect
                0x000000001000e880       0x44 CMakeFiles/data.dir/no-OS-FatFS-SD-SPI-RPi-Pico/FatFs_SPI/sd_driver/sd_card.c.obj
                0x000000001000e880                sd_card_detect
 .text.sd_sectors
                0x000000001000e8c4       0x98 CMakeFiles/data.dir/no-OS-FatFS-SD-SPI-RPi-Pico/FatFs_SPI/sd_driver/sd_card.c.obj
                0x000000001000e8c4                sd_sectors
 .text.sd_init_driver
                0x000000001000e95c      0x104 CMakeFiles/data.dir/no-OS-FatFS-SD-SPI-RPi-Pico/FatFs_SPI/sd_driver/sd_card.c.obj
                0x000000001000e95c                sd_init_driver
 .text.crc7     0x000000001000ea60       0x28 CMakeFiles/data.dir/no-OS-FatFS-SD-SPI-RPi-Pico/FatFs_SPI/sd_driver/crc.c.obj
                0x000000001000ea60                crc7
 .text.crc16    0x000000001000ea88       0x30 CMakeFiles/data.dir/no-OS-FatFS-SD-SPI-RPi-Pico/FatFs_SPI/sd_driver/crc.c.obj
                0x000000001000ea88                crc16
 .text.disk_status
                0x000000001000eab8       0x18 CMakeFiles/data.dir/no-OS-FatFS-SD-SPI-RPi-Pico/FatFs_SPI/src/glue.c.obj
                0x000000001000eab8                disk_status
 .text.disk_initialize
                0x000000001000ead0       0x2c CMakeFiles/data.dir/no-OS-FatFS-SD-SPI-RPi-Pico/FatFs_SPI/src/glue.c.obj
                0x000000001000ead0                disk_initialize
 .text.disk_read
                0x000000001000eafc       0x74 CMakeFiles/data.dir/no-OS-FatFS-SD-SPI-RPi-Pico/FatFs_SPI/src/glue.c.obj
                0x000000001000eafc                disk_read
 .text.disk_write
                0x000000001000eb70       0x74 CMakeFiles/data.dir/no-OS-FatFS-SD-SPI-RPi-Pico/FatFs_SPI/src/glue.c.obj
                0x000000001000eb70                disk_write
 .text.disk_ioctl
                0x000000001000ebe4       0x3c CMakeFiles/data.dir/no-OS-FatFS-SD-SPI-RPi-Pico/FatFs_SPI/src/glue.c.obj
                0x000000001000ebe4                disk_ioctl
 .text.FRESULT_str
                0x000000001000ec20       0x18 CMakeFiles/data.dir/no-OS-FatFS-SD-SPI-RPi-Pico/FatFs_SPI/src/f_util.c.obj
                0x000000001000ec20                FRESULT_str
 .text.my_printf
                0x000000001000ec38       0x4c CMakeFiles/data.dir/no-OS-FatFS-SD-SPI-RPi-Pico/FatFs_SPI/src/my_debug.c.obj
                0x000000001000ec38                my_printf
 .text.my_assert_func
                0x000000001000ec84       0x30 CMakeFiles/data.dir/no-OS-FatFS-SD-SPI-RPi-Pico/FatFs_SPI/src/my_debug.c.obj
                0x000000001000ec84                my_assert_func
 .text.time_init
                0x000000001000ecb4       0x54 CMakeFiles/data.dir/no-OS-FatFS-SD-SPI-RPi-Pico/FatFs_SPI/src/rtc.c.obj
                0x000000001000ecb4                time_init
 .text.get_fattime
                0x000000001000ed08       0x6c CMakeFiles/data.dir/no-OS-FatFS-SD-SPI-RPi-Pico/FatFs_SPI/src/rtc.c.obj
                0x000000001000ed08                get_fattime
 .text.spi_init
                0x000000001000ed74       0xf8 CMakeFiles/data.dir/usr/share/pico-sdk/src/rp2_common/hardware_spi/spi.c.obj
                0x000000001000ed74                spi_init
 .text.spi_set_baudrate
                0x000000001000ee6c       0x94 CMakeFiles/data.dir/usr/share/pico-sdk/src/rp2_common/hardware_spi/spi.c.obj
                0x000000001000ee6c                spi_set_baudrate
 .text.rtc_init
                0x000000001000ef00       0x38 CMakeFiles/data.dir/usr/share/pico-sdk/src/rp2_common/hardware_rtc/rtc.c.obj
                0x000000001000ef00                rtc_init
 .text.rtc_set_datetime
                0x000000001000ef38       0xac CMakeFiles/data.dir/usr/share/pico-sdk/src/rp2_common/hardware_rtc/rtc.c.obj
                0x000000001000ef38                rtc_set_datetime
 .text.rtc_get_datetime
                0x000000001000efe4       0x44 CMakeFiles/data.dir/usr/share/pico-sdk/src/rp2_common/hardware_rtc/rtc.c.obj
                0x000000001000efe4                rtc_get_datetime
 .text.__sflush_r
                0x000000001000f028      0x134 /usr/bin/../lib/gcc/arm-none-eabi/11.2.1/../../../../arm-none-eabi/lib/thumb/v6-m/nofp/libc.a(lib_a-fflush.o)
                0x000000001000f028                __sflush_r
 .text._fflush_r
                0x000000001000f15c       0x2c /usr/bin/../lib/gcc/arm-none-eabi/11.2.1/../../../../arm-none-eabi/lib/thumb/v6-m/nofp/libc.a(lib_a-fflush.o)
                0x000000001000f15c                _fflush_r
 .text.fflush   0x000000001000f188       0x54 /usr/bin/../lib/gcc/arm-none-eabi/11.2.1/../../../../arm-none-eabi/lib/thumb/v6-m/nofp/libc.a(lib_a-fflush.o)
                0x000000001000f188                fflush
 .text._cleanup_r
                0x000000001000f1dc       0x10 /usr/bin/../lib/gcc/arm-none-eabi/11.2.1/../../../../arm-none-eabi/lib/thumb/v6-m/nofp/libc.a(lib_a-findfp.o)
                0x000000001000f1dc                _cleanup_r
 .text.__sinit.part.0
                0x000000001000f1ec       0xe8 /usr/bin/../lib/gcc/arm-none-eabi/11.2.1/../../../../arm-none-eabi/lib/thumb/v6-m/nofp/libc.a(lib_a-findfp.o)
 .text.__sinit  0x000000001000f2d4       0x10 /usr/bin/../lib/gcc/arm-none-eabi/11.2.1/../../../../arm-none-eabi/lib/thumb/v6-m/nofp/libc.a(lib_a-findfp.o)
                0x000000001000f2d4                __sinit
 .text.__sfp_lock_acquire
                0x000000001000f2e4        0x4 /usr/bin/../lib/gcc/arm-none-eabi/11.2.1/../../../../arm-none-eabi/lib/thumb/v6-m/nofp/libc.a(lib_a-findfp.o)
                0x000000001000f2e4                __sfp_lock_acquire
 .text.__sfp_lock_release
                0x000000001000f2e8        0x4 /usr/bin/../lib/gcc/arm-none-eabi/11.2.1/../../../../arm-none-eabi/lib/thumb/v6-m/nofp/libc.a(lib_a-findfp.o)
                0x000000001000f2e8                __sfp_lock_release
 .text._malloc_trim_r
                0x000000001000f2ec       0x9c /usr/bin/../lib/gcc/arm-none-eabi/11.2.1/../../../../arm-none-eabi/lib/thumb/v6-m/nofp/libc.a(lib_a-freer.o)
                0x000000001000f2ec                _malloc_trim_r
 .text._free_r  0x000000001000f388      0x1bc /usr/bin/../lib/gcc/arm-none-eabi/11.2.1/../../../../arm-none-eabi/lib/thumb/v6-m/nofp/libc.a(lib_a-freer.o)
                0x000000001000f388                _free_r
 .text._fwalk_reent
                0x000000001000f544       0x48 /usr/bin/../lib/gcc/arm-none-eabi/11.2.1/../../../../arm-none-eabi/lib/thumb/v6-m/nofp/libc.a(lib_a-fwalk.o)
                0x000000001000f544                _fwalk_reent
 .text.malloc   0x000000001000f58c       0x14 /usr/bin/../lib/gcc/arm-none-eabi/11.2.1/../../../../arm-none-eabi/lib/thumb/v6-m/nofp/libc.a(lib_a-malloc.o)
                0x000000001000f58c                malloc
 .text.free     0x000000001000f5a0       0x14 /usr/bin/../lib/gcc/arm-none-eabi/11.2.1/../../../../arm-none-eabi/lib/thumb/v6-m/nofp/libc.a(lib_a-malloc.o)
                0x000000001000f5a0                free
 .text._malloc_r
                0x000000001000f5b4      0x57c /usr/bin/../lib/gcc/arm-none-eabi/11.2.1/../../../../arm-none-eabi/lib/thumb/v6-m/nofp/libc.a(lib_a-mallocr.o)
                0x000000001000f5b4                _malloc_r
 .text.__malloc_lock
                0x000000001000fb30        0x4 /usr/bin/../lib/gcc/arm-none-eabi/11.2.1/../../../../arm-none-eabi/lib/thumb/v6-m/nofp/libc.a(lib_a-mlock.o)
                0x000000001000fb30                __malloc_lock
 .text.__malloc_unlock
                0x000000001000fb34        0x4 /usr/bin/../lib/gcc/arm-none-eabi/11.2.1/../../../../arm-none-eabi/lib/thumb/v6-m/nofp/libc.a(lib_a-mlock.o)
                0x000000001000fb34                __malloc_unlock
 .text._sbrk_r  0x000000001000fb38       0x24 /usr/bin/../lib/gcc/arm-none-eabi/11.2.1/../../../../arm-none-eabi/lib/thumb/v6-m/nofp/libc.a(lib_a-sbrkr.o)
                0x000000001000fb38                _sbrk_r
 .text.__sread  0x000000001000fb5c       0x28 /usr/bin/../lib/gcc/arm-none-eabi/11.2.1/../../../../arm-none-eabi/lib/thumb/v6-m/nofp/libc.a(lib_a-stdio.o)
                0x000000001000fb5c                __sread
 .text.__swrite
                0x000000001000fb84       0x40 /usr/bin/../lib/gcc/arm-none-eabi/11.2.1/../../../../arm-none-eabi/lib/thumb/v6-m/nofp/libc.a(lib_a-stdio.o)
                0x000000001000fb84                __swrite
 .text.__sseek  0x000000001000fbc4       0x2c /usr/bin/../lib/gcc/arm-none-eabi/11.2.1/../../../../arm-none-eabi/lib/thumb/v6-m/nofp/libc.a(lib_a-stdio.o)
                0x000000001000fbc4                __sseek
 .text.__sclose
                0x000000001000fbf0        0xc /usr/bin/../lib/gcc/arm-none-eabi/11.2.1/../../../../arm-none-eabi/lib/thumb/v6-m/nofp/libc.a(lib_a-stdio.o)
                0x000000001000fbf0                __sclose
 .text.strchr   0x000000001000fbfc       0xc0 /usr/bin/../lib/gcc/arm-none-eabi/11.2.1/../../../../arm-none-eabi/lib/thumb/v6-m/nofp/libc.a(lib_a-strchr.o)
                0x000000001000fbfc                strchr
 .text.strlen   0x000000001000fcbc       0x5c /usr/bin/../lib/gcc/arm-none-eabi/11.2.1/../../../../arm-none-eabi/lib/thumb/v6-m/nofp/libc.a(lib_a-strlen-stub.o)
                0x000000001000fcbc                strlen
 .text._write_r
                0x000000001000fd18       0x28 /usr/bin/../lib/gcc/arm-none-eabi/11.2.1/../../../../arm-none-eabi/lib/thumb/v6-m/nofp/libc.a(lib_a-writer.o)
                0x000000001000fd18                _write_r
 .text._close_r
                0x000000001000fd40       0x24 /usr/bin/../lib/gcc/arm-none-eabi/11.2.1/../../../../arm-none-eabi/lib/thumb/v6-m/nofp/libc.a(lib_a-closer.o)
                0x000000001000fd40                _close_r
 .text._fclose_r
                0x000000001000fd64       0x98 /usr/bin/../lib/gcc/arm-none-eabi/11.2.1/../../../../arm-none-eabi/lib/thumb/v6-m/nofp/libc.a(lib_a-fclose.o)
                0x000000001000fd64                _fclose_r
 .text._lseek_r
                0x000000001000fdfc       0x28 /usr/bin/../lib/gcc/arm-none-eabi/11.2.1/../../../../arm-none-eabi/lib/thumb/v6-m/nofp/libc.a(lib_a-lseekr.o)
                0x000000001000fdfc                _lseek_r
 .text._read_r  0x000000001000fe24       0x28 /usr/bin/../lib/gcc/arm-none-eabi/11.2.1/../../../../arm-none-eabi/lib/thumb/v6-m/nofp/libc.a(lib_a-readr.o)
                0x000000001000fe24                _read_r
 *(.fini)
 .fini          0x000000001000fe4c        0x4 /usr/bin/../lib/gcc/arm-none-eabi/11.2.1/thumb/v6-m/nofp/crti.o
                0x000000001000fe4c                _fini
 .fini.__stub   0x000000001000fe50      0x110 linker stubs
 *crtbegin.o(.ctors)
 *crtbegin?.o(.ctors)
 *(EXCLUDE_FILE(*crtend.o *crtend?.o) .ctors)
 *(SORT_BY_NAME(.ctors.*))
 *(.ctors)
 *crtbegin.o(.dtors)
 *crtbegin?.o(.dtors)
 *(EXCLUDE_FILE(*crtend.o *crtend?.o) .dtors)
 *(SORT_BY_NAME(.dtors.*))
 *(.dtors)
 *(.eh_frame*)
 .eh_frame      0x000000001000ff60        0x0 /usr/bin/../lib/gcc/arm-none-eabi/11.2.1/thumb/v6-m/nofp/crtbegin.o
                0x000000001000ff60                . = ALIGN (0x4)

.glue_7         0x000000001000ff60        0x0
 .glue_7        0x000000001000ff60        0x0 linker stubs

.glue_7t        0x000000001000ff60        0x0
 .glue_7t       0x000000001000ff60        0x0 linker stubs

.vfp11_veneer   0x000000001000ff60        0x0
 .vfp11_veneer  0x000000001000ff60        0x0 linker stubs

.v4_bx          0x000000001000ff60        0x0
 .v4_bx         0x000000001000ff60        0x0 linker stubs

.iplt           0x000000001000ff60        0x0
 .iplt          0x000000001000ff60        0x0 /usr/bin/../lib/gcc/arm-none-eabi/11.2.1/thumb/v6-m/nofp/crtbegin.o

.rodata         0x000000001000ff60     0x1f24
 *(EXCLUDE_FILE(*libm.a: *libc.a:*lib_a-mem*.o *libgcc.a:) .rodata*)
 .rodata.configureDMA.str1.4
                0x000000001000ff60       0x6a CMakeFiles/data.dir/data.c.obj
 *fill*         0x000000001000ffca        0x2 
 .rodata.dma_irq_handler.str1.4
                0x000000001000ffcc       0x4f CMakeFiles/data.dir/data.c.obj
 *fill*         0x000000001001001b        0x1 
 .rodata.setup_sd.str1.4
                0x000000001001001c      0x17e CMakeFiles/data.dir/data.c.obj
 *fill*         0x000000001001019a        0x2 
 .rodata.write_to_sd.str1.4
                0x000000001001019c       0xad CMakeFiles/data.dir/data.c.obj
 *fill*         0x0000000010010249        0x3 
 .rodata.main.str1.4
                0x000000001001024c       0xd5 CMakeFiles/data.dir/data.c.obj
 *fill*         0x0000000010010321        0x3 
 .rodata.str1.4
                0x0000000010010324        0x3 CMakeFiles/data.dir/hw_config.c.obj
 *fill*         0x0000000010010327        0x1 
 .rodata.spin_lock_claim_unused.str1.4
                0x0000000010010328       0x1b CMakeFiles/data.dir/usr/share/pico-sdk/src/rp2_common/hardware_sync/sync.c.obj
 *fill*         0x0000000010010343        0x1 
 .rodata.user_irq_claim_unused.str1.4
                0x0000000010010344       0x1b CMakeFiles/data.dir/usr/share/pico-sdk/src/rp2_common/hardware_irq/irq.c.obj
 *fill*         0x000000001001035f        0x1 
 .rodata.at_the_end_of_time
                0x0000000010010360        0x8 CMakeFiles/data.dir/usr/share/pico-sdk/src/common/pico_time/time.c.obj
                0x0000000010010360                at_the_end_of_time
 .rodata.hardware_alarm_claim.str1.4
                0x0000000010010368       0x22 CMakeFiles/data.dir/usr/share/pico-sdk/src/rp2_common/hardware_timer/timer.c.obj
 *fill*         0x000000001001038a        0x2 
 .rodata.panic.str1.4
                0x000000001001038c       0x10 CMakeFiles/data.dir/usr/share/pico-sdk/src/rp2_common/pico_runtime/runtime.c.obj
                                         0x12 (size before relaxing)
 .rodata.hard_assertion_failure.str1.4
                0x000000001001039c        0xc CMakeFiles/data.dir/usr/share/pico-sdk/src/rp2_common/pico_runtime/runtime.c.obj
 .rodata._ftoa.str1.4
                0x00000000100103a8       0x15 CMakeFiles/data.dir/usr/share/pico-sdk/src/rp2_common/pico_printf/printf.c.obj
 *fill*         0x00000000100103bd        0x3 
 .rodata._vsnprintf
                0x00000000100103c0      0x19c CMakeFiles/data.dir/usr/share/pico-sdk/src/rp2_common/pico_printf/printf.c.obj
 *fill*         0x000000001001055c        0x4 
 .rodata.pow10.0
                0x0000000010010560       0x50 CMakeFiles/data.dir/usr/share/pico-sdk/src/rp2_common/pico_printf/printf.c.obj
 .rodata.__wrap_malloc.str1.4
                0x00000000100105b0        0xe CMakeFiles/data.dir/usr/share/pico-sdk/src/rp2_common/pico_malloc/pico_malloc.c.obj
 *fill*         0x00000000100105be        0x2 
 .rodata.str1.4
                0x00000000100105c0       0x3c CMakeFiles/data.dir/usr/share/pico-sdk/src/rp2_common/pico_standard_link/binary_info.c.obj
 .rodata.__bi_44
                0x00000000100105fc        0xc CMakeFiles/data.dir/usr/share/pico-sdk/src/rp2_common/pico_standard_link/binary_info.c.obj
 .rodata.__bi_75
                0x0000000010010608        0xc CMakeFiles/data.dir/usr/share/pico-sdk/src/rp2_common/pico_standard_link/binary_info.c.obj
 .rodata.__bi_81
                0x0000000010010614        0xc CMakeFiles/data.dir/usr/share/pico-sdk/src/rp2_common/pico_standard_link/binary_info.c.obj
 .rodata.crlf_str.0
                0x0000000010010620        0x2 CMakeFiles/data.dir/usr/share/pico-sdk/src/rp2_common/pico_stdio/stdio.c.obj
 *fill*         0x0000000010010622        0x2 
 .rodata.str1.4
                0x0000000010010624       0x2c CMakeFiles/data.dir/usr/share/pico-sdk/src/rp2_common/pico_stdio_uart/stdio_uart.c.obj
 .rodata.__bi_33.4
                0x0000000010010650        0xc CMakeFiles/data.dir/usr/share/pico-sdk/src/rp2_common/pico_stdio_uart/stdio_uart.c.obj
 .rodata.__bi_34.5
                0x000000001001065c        0x8 CMakeFiles/data.dir/usr/share/pico-sdk/src/rp2_common/pico_stdio_uart/stdio_uart.c.obj
 .rodata._resetd_driver
                0x0000000010010664       0x18 CMakeFiles/data.dir/usr/share/pico-sdk/src/rp2_common/pico_stdio_usb/reset_interface.c.obj
 .rodata.str1.4
                0x000000001001067c       0x13 CMakeFiles/data.dir/usr/share/pico-sdk/src/rp2_common/pico_stdio_usb/stdio_usb.c.obj
 *fill*         0x000000001001068f        0x1 
 .rodata.__bi_188.0
                0x0000000010010690        0xc CMakeFiles/data.dir/usr/share/pico-sdk/src/rp2_common/pico_stdio_usb/stdio_usb.c.obj
 .rodata.str1.4
                0x000000001001069c       0x2a CMakeFiles/data.dir/usr/share/pico-sdk/src/rp2_common/pico_stdio_usb/stdio_usb_descriptors.c.obj
 *fill*         0x00000000100106c6        0x2 
 .rodata.usbd_desc_cfg
                0x00000000100106c8       0x54 CMakeFiles/data.dir/usr/share/pico-sdk/src/rp2_common/pico_stdio_usb/stdio_usb_descriptors.c.obj
 .rodata.usbd_desc_device
                0x000000001001071c       0x12 CMakeFiles/data.dir/usr/share/pico-sdk/src/rp2_common/pico_stdio_usb/stdio_usb_descriptors.c.obj
 *fill*         0x000000001001072e        0x2 
 .rodata.usbd_desc_str
                0x0000000010010730       0x18 CMakeFiles/data.dir/usr/share/pico-sdk/src/rp2_common/pico_stdio_usb/stdio_usb_descriptors.c.obj
 .rodata.str1.4
                0x0000000010010748       0x14 CMakeFiles/data.dir/usr/share/pico-sdk/lib/tinyusb/src/portable/raspberrypi/rp2040/dcd_rp2040.c.obj
 .rodata.str1.4
                0x000000001001075c       0x49 CMakeFiles/data.dir/usr/share/pico-sdk/lib/tinyusb/src/portable/raspberrypi/rp2040/rp2040_usb.c.obj
                                         0x53 (size before relaxing)
 *fill*         0x00000000100107a5        0x3 
 .rodata.tud_task_ext
                0x00000000100107a8       0x8c CMakeFiles/data.dir/usr/share/pico-sdk/lib/tinyusb/src/device/usbd.c.obj
 .rodata._usbd_driver
                0x0000000010010834       0x18 CMakeFiles/data.dir/usr/share/pico-sdk/lib/tinyusb/src/device/usbd.c.obj
 .rodata.dma_claim_unused_channel.str1.4
                0x000000001001084c       0x1e CMakeFiles/data.dir/usr/share/pico-sdk/src/rp2_common/hardware_dma/dma.c.obj
 *fill*         0x000000001001086a        0x2 
 .rodata.ff_wtoupper
                0x000000001001086c       0x24 CMakeFiles/data.dir/no-OS-FatFS-SD-SPI-RPi-Pico/FatFs_SPI/ff15/source/ffunicode.c.obj
 .rodata.cvt1.1
                0x0000000010010890      0x1f2 CMakeFiles/data.dir/no-OS-FatFS-SD-SPI-RPi-Pico/FatFs_SPI/ff15/source/ffunicode.c.obj
 *fill*         0x0000000010010a82        0x2 
 .rodata.cvt2.0
                0x0000000010010a84       0xbc CMakeFiles/data.dir/no-OS-FatFS-SD-SPI-RPi-Pico/FatFs_SPI/ff15/source/ffunicode.c.obj
 .rodata.uc437  0x0000000010010b40      0x100 CMakeFiles/data.dir/no-OS-FatFS-SD-SPI-RPi-Pico/FatFs_SPI/ff15/source/ffunicode.c.obj
 .rodata.check_fs.str1.4
                0x0000000010010c40       0x15 CMakeFiles/data.dir/no-OS-FatFS-SD-SPI-RPi-Pico/FatFs_SPI/ff15/source/ff.c.obj
 *fill*         0x0000000010010c55        0x3 
 .rodata.follow_path.str1.4
                0x0000000010010c58       0x13 CMakeFiles/data.dir/no-OS-FatFS-SD-SPI-RPi-Pico/FatFs_SPI/ff15/source/ff.c.obj
 *fill*         0x0000000010010c6b        0x1 
 .rodata.f_printf.str1.4
                0x0000000010010c6c        0xb CMakeFiles/data.dir/no-OS-FatFS-SD-SPI-RPi-Pico/FatFs_SPI/ff15/source/ff.c.obj
 *fill*         0x0000000010010c77        0x1 
 .rodata.f_printf
                0x0000000010010c78       0xd0 CMakeFiles/data.dir/no-OS-FatFS-SD-SPI-RPi-Pico/FatFs_SPI/ff15/source/ff.c.obj
 .rodata        0x0000000010010d48       0x2c CMakeFiles/data.dir/no-OS-FatFS-SD-SPI-RPi-Pico/FatFs_SPI/ff15/source/ff.c.obj
 .rodata.ExCvt  0x0000000010010d74       0x80 CMakeFiles/data.dir/no-OS-FatFS-SD-SPI-RPi-Pico/FatFs_SPI/ff15/source/ff.c.obj
 .rodata.GUID_MS_Basic
                0x0000000010010df4       0x10 CMakeFiles/data.dir/no-OS-FatFS-SD-SPI-RPi-Pico/FatFs_SPI/ff15/source/ff.c.obj
 .rodata.LfnOfs
                0x0000000010010e04        0xd CMakeFiles/data.dir/no-OS-FatFS-SD-SPI-RPi-Pico/FatFs_SPI/ff15/source/ff.c.obj
 *fill*         0x0000000010010e11        0x3 
 .rodata.sd_spi_write.str1.4
                0x0000000010010e14       0x5f CMakeFiles/data.dir/no-OS-FatFS-SD-SPI-RPi-Pico/FatFs_SPI/sd_driver/sd_spi.c.obj
 *fill*         0x0000000010010e73        0x1 
 .rodata.__func__.0
                0x0000000010010e74        0xd CMakeFiles/data.dir/no-OS-FatFS-SD-SPI-RPi-Pico/FatFs_SPI/sd_driver/sd_spi.c.obj
 *fill*         0x0000000010010e81        0x3 
 .rodata.str1.4
                0x0000000010010e84       0xef CMakeFiles/data.dir/no-OS-FatFS-SD-SPI-RPi-Pico/FatFs_SPI/sd_driver/spi.c.obj
 *fill*         0x0000000010010f73        0x1 
 .rodata.spi_lock.str1.4
                0x0000000010010f74       0x23 CMakeFiles/data.dir/no-OS-FatFS-SD-SPI-RPi-Pico/FatFs_SPI/sd_driver/spi.c.obj
 *fill*         0x0000000010010f97        0x1 
 .rodata.__FUNCTION__.3
                0x0000000010010f98        0xd CMakeFiles/data.dir/no-OS-FatFS-SD-SPI-RPi-Pico/FatFs_SPI/sd_driver/spi.c.obj
 *fill*         0x0000000010010fa5        0x3 
 .rodata.__func__.0
                0x0000000010010fa8       0x10 CMakeFiles/data.dir/no-OS-FatFS-SD-SPI-RPi-Pico/FatFs_SPI/sd_driver/spi.c.obj
 .rodata.__func__.1
                0x0000000010010fb8        0xb CMakeFiles/data.dir/no-OS-FatFS-SD-SPI-RPi-Pico/FatFs_SPI/sd_driver/spi.c.obj
 *fill*         0x0000000010010fc3        0x1 
 .rodata.__func__.2
                0x0000000010010fc4        0x9 CMakeFiles/data.dir/no-OS-FatFS-SD-SPI-RPi-Pico/FatFs_SPI/sd_driver/spi.c.obj
 *fill*         0x0000000010010fcd        0x3 
 .rodata.__func__.6
                0x0000000010010fd0        0xd CMakeFiles/data.dir/no-OS-FatFS-SD-SPI-RPi-Pico/FatFs_SPI/sd_driver/spi.c.obj
 .rodata.dummy.5
                0x0000000010010fdd        0x1 CMakeFiles/data.dir/no-OS-FatFS-SD-SPI-RPi-Pico/FatFs_SPI/sd_driver/spi.c.obj
 *fill*         0x0000000010010fde        0x2 
 .rodata.sd_sectors_nolock.part.0.str1.4
                0x0000000010010fe0      0x1e6 CMakeFiles/data.dir/no-OS-FatFS-SD-SPI-RPi-Pico/FatFs_SPI/sd_driver/sd_card.c.obj
 *fill*         0x00000000100111c6        0x2 
 .rodata.sd_write_block.constprop.0.str1.4
                0x00000000100111c8       0x2c CMakeFiles/data.dir/no-OS-FatFS-SD-SPI-RPi-Pico/FatFs_SPI/sd_driver/sd_card.c.obj
 .rodata.sd_cmd.str1.4
                0x00000000100111f4      0x34e CMakeFiles/data.dir/no-OS-FatFS-SD-SPI-RPi-Pico/FatFs_SPI/sd_driver/sd_card.c.obj
 *fill*         0x0000000010011542        0x2 
 .rodata.sd_read_blocks.str1.4
                0x0000000010011544       0x61 CMakeFiles/data.dir/no-OS-FatFS-SD-SPI-RPi-Pico/FatFs_SPI/sd_driver/sd_card.c.obj
 *fill*         0x00000000100115a5        0x3 
 .rodata.sd_write_blocks.str1.4
                0x00000000100115a8       0x48 CMakeFiles/data.dir/no-OS-FatFS-SD-SPI-RPi-Pico/FatFs_SPI/sd_driver/sd_card.c.obj
 .rodata.sd_init.str1.4
                0x00000000100115f0      0x199 CMakeFiles/data.dir/no-OS-FatFS-SD-SPI-RPi-Pico/FatFs_SPI/sd_driver/sd_card.c.obj
 *fill*         0x0000000010011789        0x3 
 .rodata.__FUNCTION__.2
                0x000000001001178c        0xe CMakeFiles/data.dir/no-OS-FatFS-SD-SPI-RPi-Pico/FatFs_SPI/sd_driver/sd_card.c.obj
 *fill*         0x000000001001179a        0x2 
 .rodata.__FUNCTION__.4
                0x000000001001179c        0xe CMakeFiles/data.dir/no-OS-FatFS-SD-SPI-RPi-Pico/FatFs_SPI/sd_driver/sd_card.c.obj
 *fill*         0x00000000100117aa        0x2 
 .rodata.__func__.1
                0x00000000100117ac        0xf CMakeFiles/data.dir/no-OS-FatFS-SD-SPI-RPi-Pico/FatFs_SPI/sd_driver/sd_card.c.obj
 *fill*         0x00000000100117bb        0x1 
 .rodata.__func__.3
                0x00000000100117bc        0xa CMakeFiles/data.dir/no-OS-FatFS-SD-SPI-RPi-Pico/FatFs_SPI/sd_driver/sd_card.c.obj
 *fill*         0x00000000100117c6        0x2 
 .rodata.__func__.5
                0x00000000100117c8       0x12 CMakeFiles/data.dir/no-OS-FatFS-SD-SPI-RPi-Pico/FatFs_SPI/sd_driver/sd_card.c.obj
 *fill*         0x00000000100117da        0x2 
 .rodata.__func__.6
                0x00000000100117dc        0x8 CMakeFiles/data.dir/no-OS-FatFS-SD-SPI-RPi-Pico/FatFs_SPI/sd_driver/sd_card.c.obj
 .rodata.m_Crc16Table
                0x00000000100117e4      0x200 CMakeFiles/data.dir/no-OS-FatFS-SD-SPI-RPi-Pico/FatFs_SPI/sd_driver/crc.c.obj
 .rodata.m_Crc7Table
                0x00000000100119e4      0x100 CMakeFiles/data.dir/no-OS-FatFS-SD-SPI-RPi-Pico/FatFs_SPI/sd_driver/crc.c.obj
 .rodata.FRESULT_str.str1.4
                0x0000000010011ae4        0x8 CMakeFiles/data.dir/no-OS-FatFS-SD-SPI-RPi-Pico/FatFs_SPI/src/f_util.c.obj
 .rodata.str1.4
                0x0000000010011aec      0x303 CMakeFiles/data.dir/no-OS-FatFS-SD-SPI-RPi-Pico/FatFs_SPI/src/f_util.c.obj
 *fill*         0x0000000010011def        0x1 
 .rodata.CSWTCH.3
                0x0000000010011df0       0x50 CMakeFiles/data.dir/no-OS-FatFS-SD-SPI-RPi-Pico/FatFs_SPI/src/f_util.c.obj
 .rodata.my_printf.str1.4
                0x0000000010011e40        0x3 CMakeFiles/data.dir/no-OS-FatFS-SD-SPI-RPi-Pico/FatFs_SPI/src/my_debug.c.obj
 *fill*         0x0000000010011e43        0x1 
 .rodata.my_assert_func.str1.4
                0x0000000010011e44       0x39 CMakeFiles/data.dir/no-OS-FatFS-SD-SPI-RPi-Pico/FatFs_SPI/src/my_debug.c.obj
 *fill*         0x0000000010011e7d        0x3 
 .rodata._global_impure_ptr
                0x0000000010011e80        0x4 /usr/bin/../lib/gcc/arm-none-eabi/11.2.1/../../../../arm-none-eabi/lib/thumb/v6-m/nofp/libc.a(lib_a-impure.o)
                0x0000000010011e80                _global_impure_ptr
                0x0000000010011e84                . = ALIGN (0x4)
 *(SORT_BY_ALIGNMENT(SORT_BY_NAME(.flashdata*)))
                0x0000000010011e84                . = ALIGN (0x4)

.rel.dyn        0x0000000010011e84        0x0
 .rel.iplt      0x0000000010011e84        0x0 /usr/bin/../lib/gcc/arm-none-eabi/11.2.1/thumb/v6-m/nofp/crtbegin.o

.ARM.extab
 *(.ARM.extab* .gnu.linkonce.armextab.*)
                0x0000000010011e84                __exidx_start = .

.ARM.exidx
 *(.ARM.exidx* .gnu.linkonce.armexidx.*)
                0x0000000010011e84                __exidx_end = .
                0x0000000010011e84                . = ALIGN (0x4)
                0x0000000010011e84                __binary_info_start = .

.binary_info    0x0000000010011e84       0x28
 *(.binary_info.keep.*)
 .binary_info.keep.__bi_ptr22
                0x0000000010011e84        0x4 CMakeFiles/data.dir/usr/share/pico-sdk/src/rp2_common/pico_standard_link/binary_info.c.obj
 .binary_info.keep.__bi_ptr30
                0x0000000010011e88        0x4 CMakeFiles/data.dir/usr/share/pico-sdk/src/rp2_common/pico_standard_link/binary_info.c.obj
 .binary_info.keep.__bi_ptr38
                0x0000000010011e8c        0x4 CMakeFiles/data.dir/usr/share/pico-sdk/src/rp2_common/pico_standard_link/binary_info.c.obj
 .binary_info.keep.__bi_ptr44
                0x0000000010011e90        0x4 CMakeFiles/data.dir/usr/share/pico-sdk/src/rp2_common/pico_standard_link/binary_info.c.obj
 .binary_info.keep.__bi_ptr50
                0x0000000010011e94        0x4 CMakeFiles/data.dir/usr/share/pico-sdk/src/rp2_common/pico_standard_link/binary_info.c.obj
 .binary_info.keep.__bi_ptr75
                0x0000000010011e98        0x4 CMakeFiles/data.dir/usr/share/pico-sdk/src/rp2_common/pico_standard_link/binary_info.c.obj
 .binary_info.keep.__bi_ptr81
                0x0000000010011e9c        0x4 CMakeFiles/data.dir/usr/share/pico-sdk/src/rp2_common/pico_standard_link/binary_info.c.obj
 *(.binary_info.*)
 .binary_info.__bi_ptr33
                0x0000000010011ea0        0x4 CMakeFiles/data.dir/usr/share/pico-sdk/src/rp2_common/pico_stdio_uart/stdio_uart.c.obj
 .binary_info.__bi_ptr34
                0x0000000010011ea4        0x4 CMakeFiles/data.dir/usr/share/pico-sdk/src/rp2_common/pico_stdio_uart/stdio_uart.c.obj
 .binary_info.__bi_ptr188
                0x0000000010011ea8        0x4 CMakeFiles/data.dir/usr/share/pico-sdk/src/rp2_common/pico_stdio_usb/stdio_usb.c.obj
                0x0000000010011eac                __binary_info_end = .
                0x0000000010011eac                . = ALIGN (0x4)
                0x0000000010011eac                __etext = .

.ram_vector_table
                0x0000000020000000       0xc0
 *(.ram_vector_table)
 .ram_vector_table
                0x0000000020000000       0xc0 CMakeFiles/data.dir/usr/share/pico-sdk/src/rp2_common/pico_runtime/runtime.c.obj
                0x0000000020000000                ram_vector_table

.data           0x00000000200000c0     0x1d88 load address 0x0000000010011eac
                0x00000000200000c0                __data_start__ = .
 *(vtable)
 *(.time_critical*)
 .time_critical.sem_acquire_timeout_ms
                0x00000000200000c0       0x84 CMakeFiles/data.dir/usr/share/pico-sdk/src/common/pico_sync/sem.c.obj
                0x00000000200000c0                sem_acquire_timeout_ms
 .time_critical.sem_release
                0x0000000020000144       0x4c CMakeFiles/data.dir/usr/share/pico-sdk/src/common/pico_sync/sem.c.obj
                0x0000000020000144                sem_release
 .time_critical.mutex_enter_blocking
                0x0000000020000190       0x48 CMakeFiles/data.dir/usr/share/pico-sdk/src/common/pico_sync/mutex.c.obj
                0x0000000020000190                mutex_enter_blocking
 .time_critical.mutex_try_enter
                0x00000000200001d8       0x44 CMakeFiles/data.dir/usr/share/pico-sdk/src/common/pico_sync/mutex.c.obj
                0x00000000200001d8                mutex_try_enter
 .time_critical.mutex_try_enter_block_until
                0x000000002000021c       0x9c CMakeFiles/data.dir/usr/share/pico-sdk/src/common/pico_sync/mutex.c.obj
                0x000000002000021c                mutex_try_enter_block_until
 .time_critical.mutex_enter_timeout_ms
                0x00000000200002b8       0x90 CMakeFiles/data.dir/usr/share/pico-sdk/src/common/pico_sync/mutex.c.obj
                0x00000000200002b8                mutex_enter_timeout_ms
 .time_critical.mutex_exit
                0x0000000020000348       0x28 CMakeFiles/data.dir/usr/share/pico-sdk/src/common/pico_sync/mutex.c.obj
                0x0000000020000348                mutex_exit
 .time_critical.flash_init_boot2_copyout
                0x0000000020000370       0x30 CMakeFiles/data.dir/usr/share/pico-sdk/src/rp2_common/hardware_flash/flash.c.obj
 .time_critical.flash_enable_xip_via_boot2
                0x00000000200003a0       0x10 CMakeFiles/data.dir/usr/share/pico-sdk/src/rp2_common/hardware_flash/flash.c.obj
 .time_critical.flash_cs_force
                0x00000000200003b0       0x38 CMakeFiles/data.dir/usr/share/pico-sdk/src/rp2_common/hardware_flash/flash.c.obj
 .time_critical.flash_do_cmd
                0x00000000200003e8       0xc4 CMakeFiles/data.dir/usr/share/pico-sdk/src/rp2_common/hardware_flash/flash.c.obj
                0x00000000200003e8                flash_do_cmd
 .time_critical.reset_non_control_endpoints
                0x00000000200004ac       0x68 CMakeFiles/data.dir/usr/share/pico-sdk/lib/tinyusb/src/portable/raspberrypi/rp2040/dcd_rp2040.c.obj
 .time_critical.hw_handle_buff_status
                0x0000000020000514       0xa8 CMakeFiles/data.dir/usr/share/pico-sdk/lib/tinyusb/src/portable/raspberrypi/rp2040/dcd_rp2040.c.obj
 .time_critical.dcd_rp2040_irq
                0x00000000200005bc      0x4f4 CMakeFiles/data.dir/usr/share/pico-sdk/lib/tinyusb/src/portable/raspberrypi/rp2040/dcd_rp2040.c.obj
 .time_critical.e15_is_bulkin_ep
                0x0000000020000ab0       0x28 CMakeFiles/data.dir/usr/share/pico-sdk/lib/tinyusb/src/portable/raspberrypi/rp2040/rp2040_usb.c.obj
 .time_critical.e15_is_critical_frame_period
                0x0000000020000ad8       0x34 CMakeFiles/data.dir/usr/share/pico-sdk/lib/tinyusb/src/portable/raspberrypi/rp2040/rp2040_usb.c.obj
 .time_critical.prepare_ep_buffer
                0x0000000020000b0c       0x6c CMakeFiles/data.dir/usr/share/pico-sdk/lib/tinyusb/src/portable/raspberrypi/rp2040/rp2040_usb.c.obj
 .time_critical.sync_ep_buffer
                0x0000000020000b78       0x48 CMakeFiles/data.dir/usr/share/pico-sdk/lib/tinyusb/src/portable/raspberrypi/rp2040/rp2040_usb.c.obj
 .time_critical._hw_endpoint_xfer_sync
                0x0000000020000bc0       0x28 CMakeFiles/data.dir/usr/share/pico-sdk/lib/tinyusb/src/portable/raspberrypi/rp2040/rp2040_usb.c.obj
 .time_critical.hw_endpoint_reset_transfer
                0x0000000020000be8        0xc CMakeFiles/data.dir/usr/share/pico-sdk/lib/tinyusb/src/portable/raspberrypi/rp2040/rp2040_usb.c.obj
                0x0000000020000be8                hw_endpoint_reset_transfer
 .time_critical._hw_endpoint_buffer_control_update32
                0x0000000020000bf4       0x58 CMakeFiles/data.dir/usr/share/pico-sdk/lib/tinyusb/src/portable/raspberrypi/rp2040/rp2040_usb.c.obj
                0x0000000020000bf4                _hw_endpoint_buffer_control_update32
 .time_critical.hw_endpoint_start_next_buffer
                0x0000000020000c4c       0x6c CMakeFiles/data.dir/usr/share/pico-sdk/lib/tinyusb/src/portable/raspberrypi/rp2040/rp2040_usb.c.obj