Archive member included to satisfy reference by file (symbol)

/usr/local/Cellar/arm-none-eabi-gcc/10-2020-q4-major/gcc/bin/../lib/gcc/arm-none-eabi/10.2.1/thumb/v6-m/nofp/libgcc.a(_dvmd_tls.o)
                              CMakeFiles/data.dir/_deps/pico_sdk-src/src/rp2_common/pico_divider/divider.S.obj (__aeabi_idiv0)
/usr/local/Cellar/arm-none-eabi-gcc/10-2020-q4-major/gcc/bin/../lib/gcc/arm-none-eabi/10.2.1/../../../../arm-none-eabi/lib/thumb/v6-m/nofp/libc.a(lib_a-calloc.o)
                              CMakeFiles/data.dir/_deps/pico_sdk-src/src/rp2_common/pico_malloc/pico_malloc.c.obj (calloc)
/usr/local/Cellar/arm-none-eabi-gcc/10-2020-q4-major/gcc/bin/../lib/gcc/arm-none-eabi/10.2.1/../../../../arm-none-eabi/lib/thumb/v6-m/nofp/libc.a(lib_a-callocr.o)
                              /usr/local/Cellar/arm-none-eabi-gcc/10-2020-q4-major/gcc/bin/../lib/gcc/arm-none-eabi/10.2.1/../../../../arm-none-eabi/lib/thumb/v6-m/nofp/libc.a(lib_a-calloc.o) (_calloc_r)
/usr/local/Cellar/arm-none-eabi-gcc/10-2020-q4-major/gcc/bin/../lib/gcc/arm-none-eabi/10.2.1/../../../../arm-none-eabi/lib/thumb/v6-m/nofp/libc.a(lib_a-errno.o)
                              CMakeFiles/data.dir/no-OS-FatFS-SD-SPI-RPi-Pico/FatFs_SPI/src/ff_stdio.c.obj (__errno)
/usr/local/Cellar/arm-none-eabi-gcc/10-2020-q4-major/gcc/bin/../lib/gcc/arm-none-eabi/10.2.1/../../../../arm-none-eabi/lib/thumb/v6-m/nofp/libc.a(lib_a-fflush.o)
                              CMakeFiles/data.dir/no-OS-FatFS-SD-SPI-RPi-Pico/FatFs_SPI/sd_driver/demo_logging.c.obj (fflush)
/usr/local/Cellar/arm-none-eabi-gcc/10-2020-q4-major/gcc/bin/../lib/gcc/arm-none-eabi/10.2.1/../../../../arm-none-eabi/lib/thumb/v6-m/nofp/libc.a(lib_a-findfp.o)
                              /usr/local/Cellar/arm-none-eabi-gcc/10-2020-q4-major/gcc/bin/../lib/gcc/arm-none-eabi/10.2.1/../../../../arm-none-eabi/lib/thumb/v6-m/nofp/libc.a(lib_a-fflush.o) (__sinit)
/usr/local/Cellar/arm-none-eabi-gcc/10-2020-q4-major/gcc/bin/../lib/gcc/arm-none-eabi/10.2.1/../../../../arm-none-eabi/lib/thumb/v6-m/nofp/libc.a(lib_a-freer.o)
                              /usr/local/Cellar/arm-none-eabi-gcc/10-2020-q4-major/gcc/bin/../lib/gcc/arm-none-eabi/10.2.1/../../../../arm-none-eabi/lib/thumb/v6-m/nofp/libc.a(lib_a-fflush.o) (_free_r)
/usr/local/Cellar/arm-none-eabi-gcc/10-2020-q4-major/gcc/bin/../lib/gcc/arm-none-eabi/10.2.1/../../../../arm-none-eabi/lib/thumb/v6-m/nofp/libc.a(lib_a-fwalk.o)
                              /usr/local/Cellar/arm-none-eabi-gcc/10-2020-q4-major/gcc/bin/../lib/gcc/arm-none-eabi/10.2.1/../../../../arm-none-eabi/lib/thumb/v6-m/nofp/libc.a(lib_a-findfp.o) (_fwalk)
/usr/local/Cellar/arm-none-eabi-gcc/10-2020-q4-major/gcc/bin/../lib/gcc/arm-none-eabi/10.2.1/../../../../arm-none-eabi/lib/thumb/v6-m/nofp/libc.a(lib_a-impure.o)
                              /usr/local/Cellar/arm-none-eabi-gcc/10-2020-q4-major/gcc/bin/../lib/gcc/arm-none-eabi/10.2.1/../../../../arm-none-eabi/lib/thumb/v6-m/nofp/libc.a(lib_a-fflush.o) (_global_impure_ptr)
/usr/local/Cellar/arm-none-eabi-gcc/10-2020-q4-major/gcc/bin/../lib/gcc/arm-none-eabi/10.2.1/../../../../arm-none-eabi/lib/thumb/v6-m/nofp/libc.a(lib_a-init.o)
                              /usr/local/Cellar/arm-none-eabi-gcc/10-2020-q4-major/gcc/bin/../lib/gcc/arm-none-eabi/10.2.1/../../../../arm-none-eabi/lib/thumb/v6-m/nofp/crt0.o (__libc_init_array)
/usr/local/Cellar/arm-none-eabi-gcc/10-2020-q4-major/gcc/bin/../lib/gcc/arm-none-eabi/10.2.1/../../../../arm-none-eabi/lib/thumb/v6-m/nofp/libc.a(lib_a-lock.o)
                              /usr/local/Cellar/arm-none-eabi-gcc/10-2020-q4-major/gcc/bin/../lib/gcc/arm-none-eabi/10.2.1/../../../../arm-none-eabi/lib/thumb/v6-m/nofp/libc.a(lib_a-findfp.o) (__retarget_lock_init_recursive)
/usr/local/Cellar/arm-none-eabi-gcc/10-2020-q4-major/gcc/bin/../lib/gcc/arm-none-eabi/10.2.1/../../../../arm-none-eabi/lib/thumb/v6-m/nofp/libc.a(lib_a-malloc.o)
                              CMakeFiles/data.dir/_deps/pico_sdk-src/src/rp2_common/pico_malloc/pico_malloc.c.obj (malloc)
/usr/local/Cellar/arm-none-eabi-gcc/10-2020-q4-major/gcc/bin/../lib/gcc/arm-none-eabi/10.2.1/../../../../arm-none-eabi/lib/thumb/v6-m/nofp/libc.a(lib_a-mallocr.o)
                              /usr/local/Cellar/arm-none-eabi-gcc/10-2020-q4-major/gcc/bin/../lib/gcc/arm-none-eabi/10.2.1/../../../../arm-none-eabi/lib/thumb/v6-m/nofp/libc.a(lib_a-callocr.o) (_malloc_r)
/usr/local/Cellar/arm-none-eabi-gcc/10-2020-q4-major/gcc/bin/../lib/gcc/arm-none-eabi/10.2.1/../../../../arm-none-eabi/lib/thumb/v6-m/nofp/libc.a(lib_a-memcmp.o)
                              CMakeFiles/data.dir/no-OS-FatFS-SD-SPI-RPi-Pico/FatFs_SPI/ff15/source/ff.c.obj (memcmp)
/usr/local/Cellar/arm-none-eabi-gcc/10-2020-q4-major/gcc/bin/../lib/gcc/arm-none-eabi/10.2.1/../../../../arm-none-eabi/lib/thumb/v6-m/nofp/libc.a(lib_a-mktime.o)
                              CMakeFiles/data.dir/no-OS-FatFS-SD-SPI-RPi-Pico/FatFs_SPI/src/rtc.c.obj (mktime)
[...]
Memory Configuration

Name             Origin             Length             Attributes
FLASH            0x0000000010000000 0x0000000000200000 xr
RAM              0x0000000020000000 0x0000000000040000 xrw
SCRATCH_X        0x0000000020040000 0x0000000000001000 xrw
SCRATCH_Y        0x0000000020041000 0x0000000000001000 xrw
*default*        0x0000000000000000 0xffffffffffffffff

Linker script and memory map

LOAD /usr/local/Cellar/arm-none-eabi-gcc/10-2020-q4-major/gcc/bin/../lib/gcc/arm-none-eabi/10.2.1/thumb/v6-m/nofp/crti.o
LOAD /usr/local/Cellar/arm-none-eabi-gcc/10-2020-q4-major/gcc/bin/../lib/gcc/arm-none-eabi/10.2.1/thumb/v6-m/nofp/crtbegin.o
LOAD /usr/local/Cellar/arm-none-eabi-gcc/10-2020-q4-major/gcc/bin/../lib/gcc/arm-none-eabi/10.2.1/../../../../arm-none-eabi/lib/thumb/v6-m/nofp/crt0.o

.flash_begin    0x0000000010000000        0x0
                0x0000000010000000                __flash_binary_start = .

.boot2          0x0000000010000000      0x100
                0x0000000010000000                __boot2_start__ = .
 *(.boot2)
 .boot2         0x0000000010000000      0x100 /var/folders/fh/f8hx0n5562n5hl0lcyfvh9340000gr/T//ccOYwfA3.o
                0x0000000010000100                __boot2_end__ = .
                0x0000000000000001                ASSERT (((__boot2_end__ - __boot2_start__) == 0x100), ERROR: Pico second stage bootloader must be 256 bytes in size)

.text           0x0000000010000100    0x102a0
                0x0000000010000100                __logical_binary_start = .
 *(.vectors)
 .vectors       0x0000000010000100       0xd4 CMakeFiles/data.dir/_deps/pico_sdk-src/src/rp2_common/pico_standard_link/crt0.S.obj
                0x0000000010000100                __VECTOR_TABLE
                0x0000000010000100                __vectors
                0x00000000100001c0                __default_isrs_start
                0x00000000100001c0                isr_invalid
                0x00000000100001c2                isr_nmi
                0x00000000100001c4                isr_hardfault
                0x00000000100001c6                isr_svcall
                0x00000000100001c8                isr_pendsv
                0x00000000100001ca                isr_systick
                0x00000000100001cc                isr_irq28
                0x00000000100001cc                isr_irq19
                0x00000000100001cc                isr_irq0
                0x00000000100001cc                isr_irq6
                0x00000000100001cc                isr_irq22
                0x00000000100001cc                isr_irq17
                0x00000000100001cc                isr_irq14
                0x00000000100001cc                isr_irq2
                0x00000000100001cc                isr_irq10
                0x00000000100001cc                isr_irq8
                0x00000000100001cc                isr_irq24
                0x00000000100001cc                isr_irq1
                0x00000000100001cc                isr_irq7
                0x00000000100001cc                isr_irq21
                0x00000000100001cc                isr_irq20
                0x00000000100001cc                isr_irq15
                0x00000000100001cc                isr_irq25
                0x00000000100001cc                isr_irq4
                0x00000000100001cc                isr_irq16
                0x00000000100001cc                isr_irq29
                0x00000000100001cc                isr_irq26
                0x00000000100001cc                __default_isrs_end
                0x00000000100001cc                isr_irq3
                0x00000000100001cc                isr_irq9
                0x00000000100001cc                __unhandled_user_irq
                0x00000000100001cc                isr_irq13
                0x00000000100001cc                isr_irq27
                0x00000000100001cc                isr_irq31
                0x00000000100001cc                isr_irq5
                0x00000000100001cc                isr_irq11
                0x00000000100001cc                isr_irq23
                0x00000000100001cc                isr_irq18
                0x00000000100001cc                isr_irq30
                0x00000000100001cc                isr_irq12
                0x00000000100001d2                unhandled_user_irq_num_in_r0
 *(.binary_info_header)
 .binary_info_header
                0x00000000100001d4       0x14 CMakeFiles/data.dir/_deps/pico_sdk-src/src/rp2_common/pico_standard_link/crt0.S.obj
                0x00000000100001e8                __binary_info_header_end = .
 *(.reset)
 .reset         0x00000000100001e8       0xa0 CMakeFiles/data.dir/_deps/pico_sdk-src/src/rp2_common/pico_standard_link/crt0.S.obj
                0x00000000100001e8                _entry_point
 .reset         0x0000000010000288       0x30 CMakeFiles/data.dir/_deps/pico_sdk-src/src/rp2_common/pico_standard_link/binary_info.c.obj
 *(.init)
 .init          0x00000000100002b8        0x4 /usr/local/Cellar/arm-none-eabi-gcc/10-2020-q4-major/gcc/bin/../lib/gcc/arm-none-eabi/10.2.1/thumb/v6-m/nofp/crti.o
                0x00000000100002b8                _init
 *(EXCLUDE_FILE(*libm.a: *libc.a:*lib_a-mem*.o *libgcc.a:) .text*)
 .text          0x00000000100002bc       0x48 /usr/local/Cellar/arm-none-eabi-gcc/10-2020-q4-major/gcc/bin/../lib/gcc/arm-none-eabi/10.2.1/thumb/v6-m/nofp/crtbegin.o
 .text.configureDMA
                0x0000000010000304       0x80 CMakeFiles/data.dir/data.c.obj
                0x0000000010000304                configureDMA
 .text.dma_irq_handler
                0x0000000010000384       0x54 CMakeFiles/data.dir/data.c.obj
                0x0000000010000384                dma_irq_handler
 .text.setup_sd
                0x00000000100003d8       0xdc CMakeFiles/data.dir/data.c.obj
                0x00000000100003d8                setup_sd
 .text.write_to_sd
                0x00000000100004b4       0xe4 CMakeFiles/data.dir/data.c.obj
                0x00000000100004b4                write_to_sd
 .text.startup.main
                0x0000000010000598       0xf4 CMakeFiles/data.dir/data.c.obj
                0x0000000010000598                main
 .text.sd_get_num
                0x000000001000068c        0x4 CMakeFiles/data.dir/hw_config.c.obj
                0x000000001000068c                sd_get_num
 .text.sd_get_by_num
                0x0000000010000690       0x18 CMakeFiles/data.dir/hw_config.c.obj
                0x0000000010000690                sd_get_by_num
 .text.spi_get_num
                0x00000000100006a8        0x4 CMakeFiles/data.dir/hw_config.c.obj
                0x00000000100006a8                spi_get_num
 .text.spi_get_by_num
                0x00000000100006ac       0x14 CMakeFiles/data.dir/hw_config.c.obj
                0x00000000100006ac                spi_get_by_num
 .text.gpio_set_function
                0x00000000100006c0       0x30 CMakeFiles/data.dir/_deps/pico_sdk-src/src/rp2_common/hardware_gpio/gpio.c.obj
                0x00000000100006c0                gpio_set_function
 .text.gpio_set_pulls
                0x00000000100006f0       0x30 CMakeFiles/data.dir/_deps/pico_sdk-src/src/rp2_common/hardware_gpio/gpio.c.obj
                0x00000000100006f0                gpio_set_pulls
 .text.gpio_set_drive_strength
                0x0000000010000720       0x20 CMakeFiles/data.dir/_deps/pico_sdk-src/src/rp2_common/hardware_gpio/gpio.c.obj
                0x0000000010000720                gpio_set_drive_strength
 .text.gpio_set_input_enabled
                0x0000000010000740       0x28 CMakeFiles/data.dir/_deps/pico_sdk-src/src/rp2_common/hardware_gpio/gpio.c.obj
                0x0000000010000740                gpio_set_input_enabled
 .text.gpio_init
                0x0000000010000768       0x3c CMakeFiles/data.dir/_deps/pico_sdk-src/src/rp2_common/hardware_gpio/gpio.c.obj
                0x0000000010000768                gpio_init
 .text.running_on_fpga
                0x00000000100007a4       0x10 CMakeFiles/data.dir/_deps/pico_sdk-src/src/rp2_common/pico_platform/platform.c.obj
                0x00000000100007a4                running_on_fpga
 .text.hw_claim_or_assert
                0x00000000100007b4       0x44 CMakeFiles/data.dir/_deps/pico_sdk-src/src/rp2_common/hardware_claim/claim.c.obj
                0x00000000100007b4                hw_claim_or_assert
 .text.hw_claim_unused_from_range
                0x00000000100007f8       0x9c CMakeFiles/data.dir/_deps/pico_sdk-src/src/rp2_common/hardware_claim/claim.c.obj
                0x00000000100007f8                hw_claim_unused_from_range
 .text.spin_locks_reset
                0x0000000010000894       0x1c CMakeFiles/data.dir/_deps/pico_sdk-src/src/rp2_common/hardware_sync/sync.c.obj
                0x0000000010000894                spin_locks_reset
 .text.next_striped_spin_lock_num
                0x00000000100008b0       0x18 CMakeFiles/data.dir/_deps/pico_sdk-src/src/rp2_common/hardware_sync/sync.c.obj
                0x00000000100008b0                next_striped_spin_lock_num
 .text.spin_lock_claim_unused
                0x00000000100008c8       0x20 CMakeFiles/data.dir/_deps/pico_sdk-src/src/rp2_common/hardware_sync/sync.c.obj
                0x00000000100008c8                spin_lock_claim_unused
 .text.irq_set_enabled
                0x00000000100008e8       0x24 CMakeFiles/data.dir/_deps/pico_sdk-src/src/rp2_common/hardware_irq/irq.c.obj
                0x00000000100008e8                irq_set_enabled
 .text.irq_set_pending
                0x000000001000090c       0x10 CMakeFiles/data.dir/_deps/pico_sdk-src/src/rp2_common/hardware_irq/irq.c.obj
                0x000000001000090c                irq_set_pending
 .text.irq_has_shared_handler
                0x000000001000091c       0x2c CMakeFiles/data.dir/_deps/pico_sdk-src/src/rp2_common/hardware_irq/irq.c.obj
                0x000000001000091c                irq_has_shared_handler
 .text.irq_get_vtable_handler
                0x0000000010000948       0x10 CMakeFiles/data.dir/_deps/pico_sdk-src/src/rp2_common/hardware_irq/irq.c.obj
                0x0000000010000948                irq_get_vtable_handler
 .text.irq_set_exclusive_handler
                0x0000000010000958       0x54 CMakeFiles/data.dir/_deps/pico_sdk-src/src/rp2_common/hardware_irq/irq.c.obj
                0x0000000010000958                irq_set_exclusive_handler
 .text.irq_add_shared_handler
                0x00000000100009ac      0x1e8 CMakeFiles/data.dir/_deps/pico_sdk-src/src/rp2_common/hardware_irq/irq.c.obj
                0x00000000100009ac                irq_add_shared_handler
 .text.irq_remove_handler
                0x0000000010000b94      0x1b0 CMakeFiles/data.dir/_deps/pico_sdk-src/src/rp2_common/hardware_irq/irq.c.obj
                0x0000000010000b94                irq_remove_handler
 .text.irq_add_tail_to_free_list
                0x0000000010000d44       0xb4 CMakeFiles/data.dir/_deps/pico_sdk-src/src/rp2_common/hardware_irq/irq.c.obj
                0x0000000010000d44                irq_add_tail_to_free_list
 .text.irq_init_priorities
                0x0000000010000df8       0x24 CMakeFiles/data.dir/_deps/pico_sdk-src/src/rp2_common/hardware_irq/irq.c.obj
                0x0000000010000df8                irq_init_priorities
 .text.user_irq_claim_unused
                0x0000000010000e1c       0x28 CMakeFiles/data.dir/_deps/pico_sdk-src/src/rp2_common/hardware_irq/irq.c.obj
                0x0000000010000e1c                user_irq_claim_unused
 .text.sem_init
                0x0000000010000e44       0x20 CMakeFiles/data.dir/_deps/pico_sdk-src/src/common/pico_sync/sem.c.obj
                0x0000000010000e44                sem_init
 .text.lock_init
                0x0000000010000e64       0x10 CMakeFiles/data.dir/_deps/pico_sdk-src/src/common/pico_sync/lock_core.c.obj
                0x0000000010000e64                lock_init
 .text.mutex_init
                0x0000000010000e74       0x1c CMakeFiles/data.dir/_deps/pico_sdk-src/src/common/pico_sync/mutex.c.obj
                0x0000000010000e74                mutex_init
 .text.recursive_mutex_init
                0x0000000010000e90       0x1c CMakeFiles/data.dir/_deps/pico_sdk-src/src/common/pico_sync/mutex.c.obj
                0x0000000010000e90                recursive_mutex_init
 .text.critical_section_init
                0x0000000010000eac       0x20 CMakeFiles/data.dir/_deps/pico_sdk-src/src/common/pico_sync/critical_section.c.obj
                0x0000000010000eac                critical_section_init
 .text.critical_section_init_with_lock_num
                0x0000000010000ecc       0x14 CMakeFiles/data.dir/_deps/pico_sdk-src/src/common/pico_sync/critical_section.c.obj
                0x0000000010000ecc                critical_section_init_with_lock_num
 .text.timer_pool_entry_comparator
                0x0000000010000ee0       0x34 CMakeFiles/data.dir/_deps/pico_sdk-src/src/common/pico_time/time.c.obj
                0x0000000010000ee0                timer_pool_entry_comparator
 .text.sleep_until_callback
                0x0000000010000f14       0x30 CMakeFiles/data.dir/_deps/pico_sdk-src/src/common/pico_time/time.c.obj
 .text.add_alarm_under_lock.isra.0
                0x0000000010000f44      0x100 CMakeFiles/data.dir/_deps/pico_sdk-src/src/common/pico_time/time.c.obj
 .text.alarm_pool_alarm_callback
                0x0000000010001044      0x1b8 CMakeFiles/data.dir/_deps/pico_sdk-src/src/common/pico_time/time.c.obj
 .text.alarm_pool_init_default
                0x00000000100011fc       0x6c CMakeFiles/data.dir/_deps/pico_sdk-src/src/common/pico_time/time.c.obj
                0x00000000100011fc                alarm_pool_init_default
 .text.alarm_pool_get_default
                0x0000000010001268        0x8 CMakeFiles/data.dir/_deps/pico_sdk-src/src/common/pico_time/time.c.obj
                0x0000000010001268                alarm_pool_get_default
 .text.alarm_pool_add_alarm_at
                0x0000000010001270      0x17c CMakeFiles/data.dir/_deps/pico_sdk-src/src/common/pico_time/time.c.obj
                0x0000000010001270                alarm_pool_add_alarm_at
 .text.alarm_pool_cancel_alarm
                0x00000000100013ec       0x74 CMakeFiles/data.dir/_deps/pico_sdk-src/src/common/pico_time/time.c.obj
                0x00000000100013ec                alarm_pool_cancel_alarm
 .text.alarm_pool_core_num
                0x0000000010001460        0x4 CMakeFiles/data.dir/_deps/pico_sdk-src/src/common/pico_time/time.c.obj
                0x0000000010001460                alarm_pool_core_num
 .text.sleep_until
                0x0000000010001464       0xc4 CMakeFiles/data.dir/_deps/pico_sdk-src/src/common/pico_time/time.c.obj
                0x0000000010001464                sleep_until
 .text.sleep_ms
                0x0000000010001528       0x34 CMakeFiles/data.dir/_deps/pico_sdk-src/src/common/pico_time/time.c.obj
                0x0000000010001528                sleep_ms
 .text.best_effort_wfe_or_timeout
                0x000000001000155c       0x78 CMakeFiles/data.dir/_deps/pico_sdk-src/src/common/pico_time/time.c.obj
                0x000000001000155c                best_effort_wfe_or_timeout
 .text.hardware_alarm_irq_handler
                0x00000000100015d4       0xbc CMakeFiles/data.dir/_deps/pico_sdk-src/src/rp2_common/hardware_timer/timer.c.obj
 .text.hardware_alarm_claim
                0x0000000010001690       0x18 CMakeFiles/data.dir/_deps/pico_sdk-src/src/rp2_common/hardware_timer/timer.c.obj
                0x0000000010001690                hardware_alarm_claim
 .text.time_us_64
                0x00000000100016a8       0x14 CMakeFiles/data.dir/_deps/pico_sdk-src/src/rp2_common/hardware_timer/timer.c.obj
                0x00000000100016a8                time_us_64
 .text.busy_wait_us
                0x00000000100016bc       0x54 CMakeFiles/data.dir/_deps/pico_sdk-src/src/rp2_common/hardware_timer/timer.c.obj
                0x00000000100016bc                busy_wait_us
 .text.busy_wait_until
                0x0000000010001710       0x20 CMakeFiles/data.dir/_deps/pico_sdk-src/src/rp2_common/hardware_timer/timer.c.obj
                0x0000000010001710                busy_wait_until
 .text.hardware_alarm_set_callback
                0x0000000010001730       0x8c CMakeFiles/data.dir/_deps/pico_sdk-src/src/rp2_common/hardware_timer/timer.c.obj
                0x0000000010001730                hardware_alarm_set_callback
 .text.hardware_alarm_set_target
                0x00000000100017bc       0xe0 CMakeFiles/data.dir/_deps/pico_sdk-src/src/rp2_common/hardware_timer/timer.c.obj
                0x00000000100017bc                hardware_alarm_set_target
 .text.hardware_alarm_cancel
                0x000000001000189c       0x3c CMakeFiles/data.dir/_deps/pico_sdk-src/src/rp2_common/hardware_timer/timer.c.obj
                0x000000001000189c                hardware_alarm_cancel
 .text.ph_merge_nodes
                0x00000000100018d8       0x68 CMakeFiles/data.dir/_deps/pico_sdk-src/src/common/pico_util/pheap.c.obj
 .text.ph_post_alloc_init
                0x0000000010001940       0x3c CMakeFiles/data.dir/_deps/pico_sdk-src/src/common/pico_util/pheap.c.obj
                0x0000000010001940                ph_post_alloc_init
 .text.ph_merge_two_pass
                0x000000001000197c       0x90 CMakeFiles/data.dir/_deps/pico_sdk-src/src/common/pico_util/pheap.c.obj
                0x000000001000197c                ph_merge_two_pass
 .text.ph_remove_any_head
                0x0000000010001a0c      0x100 CMakeFiles/data.dir/_deps/pico_sdk-src/src/common/pico_util/pheap.c.obj
 .text.ph_remove_head
                0x0000000010001b0c      0x104 CMakeFiles/data.dir/_deps/pico_sdk-src/src/common/pico_util/pheap.c.obj
                0x0000000010001b0c                ph_remove_head
 .text.ph_remove_and_free_node
                0x0000000010001c10       0x7c CMakeFiles/data.dir/_deps/pico_sdk-src/src/common/pico_util/pheap.c.obj
                0x0000000010001c10                ph_remove_and_free_node
 .text.uart_init
                0x0000000010001c8c       0xe0 CMakeFiles/data.dir/_deps/pico_sdk-src/src/rp2_common/hardware_uart/uart.c.obj
                0x0000000010001c8c                uart_init
 .text.clocks_init
                0x0000000010001d6c      0x2bc CMakeFiles/data.dir/_deps/pico_sdk-src/src/rp2_common/hardware_clocks/clocks.c.obj
                0x0000000010001d6c                clocks_init
 .text.clock_get_hz
                0x0000000010002028        0xc CMakeFiles/data.dir/_deps/pico_sdk-src/src/rp2_common/hardware_clocks/clocks.c.obj
                0x0000000010002028                clock_get_hz
 .text.pll_init
                0x0000000010002034       0xb0 CMakeFiles/data.dir/_deps/pico_sdk-src/src/rp2_common/hardware_pll/pll.c.obj
                0x0000000010002034                pll_init
 .text.watchdog_start_tick
                0x00000000100020e4       0x10 CMakeFiles/data.dir/_deps/pico_sdk-src/src/rp2_common/hardware_watchdog/watchdog.c.obj
                0x00000000100020e4                watchdog_start_tick
 .text.watchdog_reboot
                0x00000000100020f4       0x98 CMakeFiles/data.dir/_deps/pico_sdk-src/src/rp2_common/hardware_watchdog/watchdog.c.obj
                0x00000000100020f4                watchdog_reboot
 .text.xosc_init
                0x000000001000218c       0x28 CMakeFiles/data.dir/_deps/pico_sdk-src/src/rp2_common/hardware_xosc/xosc.c.obj
                0x000000001000218c                xosc_init
 .text.runtime_init
                0x00000000100021b4       0xf0 CMakeFiles/data.dir/_deps/pico_sdk-src/src/rp2_common/pico_runtime/runtime.c.obj
                0x00000000100021b4                runtime_init
 .text._exit    0x00000000100022a4        0x4 CMakeFiles/data.dir/_deps/pico_sdk-src/src/rp2_common/pico_runtime/runtime.c.obj
                0x00000000100022a4                _exit
 .text._sbrk    0x00000000100022a8       0x34 CMakeFiles/data.dir/_deps/pico_sdk-src/src/rp2_common/pico_runtime/runtime.c.obj
                0x00000000100022a8                _sbrk
 .text.exit     0x00000000100022dc        0x8 CMakeFiles/data.dir/_deps/pico_sdk-src/src/rp2_common/pico_runtime/runtime.c.obj
                0x00000000100022dc                exit
 .text.panic    0x00000000100022e4       0x30 CMakeFiles/data.dir/_deps/pico_sdk-src/src/rp2_common/pico_runtime/runtime.c.obj
                0x00000000100022e4                panic
 .text.hard_assertion_failure
                0x0000000010002314        0xc CMakeFiles/data.dir/_deps/pico_sdk-src/src/rp2_common/pico_runtime/runtime.c.obj
                0x0000000010002314                hard_assertion_failure
 .text._out_buffer
                0x0000000010002320        0x8 CMakeFiles/data.dir/_deps/pico_sdk-src/src/rp2_common/pico_printf/printf.c.obj
 .text._out_null
                0x0000000010002328        0x4 CMakeFiles/data.dir/_deps/pico_sdk-src/src/rp2_common/pico_printf/printf.c.obj
 .text._out_rev
                0x000000001000232c       0x9c CMakeFiles/data.dir/_deps/pico_sdk-src/src/rp2_common/pico_printf/printf.c.obj
 .text._ntoa_format
                0x00000000100023c8      0x1cc CMakeFiles/data.dir/_deps/pico_sdk-src/src/rp2_common/pico_printf/printf.c.obj
 .text._out_char
                0x0000000010002594       0x10 CMakeFiles/data.dir/_deps/pico_sdk-src/src/rp2_common/pico_printf/printf.c.obj
 .text._out_fct
                0x00000000100025a4       0x10 CMakeFiles/data.dir/_deps/pico_sdk-src/src/rp2_common/pico_printf/printf.c.obj
 .text._etoa    0x00000000100025b4      0x44c CMakeFiles/data.dir/_deps/pico_sdk-src/src/rp2_common/pico_printf/printf.c.obj
 .text._ftoa    0x0000000010002a00      0x398 CMakeFiles/data.dir/_deps/pico_sdk-src/src/rp2_common/pico_printf/printf.c.obj
 .text._vsnprintf
                0x0000000010002d98      0xb04 CMakeFiles/data.dir/_deps/pico_sdk-src/src/rp2_common/pico_printf/printf.c.obj
 .text.__wrap_snprintf
                0x000000001000389c       0x28 CMakeFiles/data.dir/_deps/pico_sdk-src/src/rp2_common/pico_printf/printf.c.obj
                0x000000001000389c                __wrap_snprintf
 .text.__wrap_vsnprintf
                0x00000000100038c4       0x1c CMakeFiles/data.dir/_deps/pico_sdk-src/src/rp2_common/pico_printf/printf.c.obj
                0x00000000100038c4                __wrap_vsnprintf
 .text.vfctprintf
                0x00000000100038e0       0x20 CMakeFiles/data.dir/_deps/pico_sdk-src/src/rp2_common/pico_printf/printf.c.obj
                0x00000000100038e0                vfctprintf
 .text.weak_raw_vprintf
                0x0000000010003900       0x30 CMakeFiles/data.dir/_deps/pico_sdk-src/src/rp2_common/pico_printf/printf.c.obj
                0x0000000010003900                weak_raw_vprintf
 .text          0x0000000010003930       0x10 CMakeFiles/data.dir/_deps/pico_sdk-src/src/rp2_common/pico_bit_ops/bit_ops_aeabi.S.obj
 .text.rom_func_lookup
                0x0000000010003940       0x10 CMakeFiles/data.dir/_deps/pico_sdk-src/src/rp2_common/pico_bootrom/bootrom.c.obj
                0x0000000010003940                rom_func_lookup
 .text.rom_data_lookup
                0x0000000010003950       0x10 CMakeFiles/data.dir/_deps/pico_sdk-src/src/rp2_common/pico_bootrom/bootrom.c.obj
                0x0000000010003950                rom_data_lookup
 .text.rom_funcs_lookup
                0x0000000010003960       0x44 CMakeFiles/data.dir/_deps/pico_sdk-src/src/rp2_common/pico_bootrom/bootrom.c.obj
                0x0000000010003960                rom_funcs_lookup
 .text.__wrap___aeabi_idiv
                0x00000000100039a4       0x50 CMakeFiles/data.dir/_deps/pico_sdk-src/src/rp2_common/pico_divider/divider.S.obj
                0x00000000100039a4                __wrap___aeabi_idivmod
                0x00000000100039a4                divmod_s32s32
                0x00000000100039a4                div_s32s32
                0x00000000100039a4                __wrap___aeabi_idiv
                0x00000000100039ac                divmod_s32s32_unsafe
                0x00000000100039d8                divmod_s32s32_savestate
 .text.__wrap___aeabi_uidiv
                0x00000000100039f4       0x4c CMakeFiles/data.dir/_deps/pico_sdk-src/src/rp2_common/pico_divider/divider.S.obj
                0x00000000100039f4                __wrap___aeabi_uidiv
                0x00000000100039f4                __wrap___aeabi_uidivmod
                0x00000000100039f4                div_u32u32
                0x00000000100039f4                divmod_u32u32
                0x00000000100039fc                divmod_u32u32_unsafe
                0x0000000010003a24                divmod_u32u32_savestate
 .text.__wrap___aeabi_ldiv
                0x0000000010003a40      0x424 CMakeFiles/data.dir/_deps/pico_sdk-src/src/rp2_common/pico_divider/divider.S.obj
                0x0000000010003a40                __wrap___aeabi_ldivmod
                0x0000000010003a40                div_s64s64
                0x0000000010003a40                divmod_s64s64
                0x0000000010003a70                divmod_u64u64
                0x0000000010003a70                div_u64u64
                0x0000000010003a70                __wrap___aeabi_uldivmod
                0x0000000010003a80                divmod_u64u64_savestate
                0x0000000010003aa0                divmod_s64s64_unsafe
                0x0000000010003b28                divmod_u64u64_unsafe
 .text.__wrap___aeabi_darithmetic
                0x0000000010003e64       0x80 CMakeFiles/data.dir/_deps/pico_sdk-src/src/rp2_common/pico_double/double_aeabi.S.obj
                0x0000000010003e64                __wrap___aeabi_drsub
                0x0000000010003e6a                __wrap___aeabi_dsub
                0x0000000010003e7c                __wrap___aeabi_dadd
                0x0000000010003e8e                __wrap___aeabi_ddiv
                0x0000000010003eca                __wrap___aeabi_dmul
 .text.__wrap___aeabi_cdcmple
                0x0000000010003ee4       0x6c CMakeFiles/data.dir/_deps/pico_sdk-src/src/rp2_common/pico_double/double_aeabi.S.obj
                0x0000000010003ee4                __wrap___aeabi_cdrcmple
                0x0000000010003ef4                __wrap___aeabi_cdcmple
                0x0000000010003ef4                __wrap___aeabi_cdcmpeq
 .text.__wrap___aeabi_dcmpeq
                0x0000000010003f50       0x10 CMakeFiles/data.dir/_deps/pico_sdk-src/src/rp2_common/pico_double/double_aeabi.S.obj
                0x0000000010003f50                __wrap___aeabi_dcmpeq
 .text.__wrap___aeabi_dcmplt
                0x0000000010003f60        0xc CMakeFiles/data.dir/_deps/pico_sdk-src/src/rp2_common/pico_double/double_aeabi.S.obj
                0x0000000010003f60                __wrap___aeabi_dcmplt
 .text.__wrap___aeabi_dcmple
                0x0000000010003f6c       0x10 CMakeFiles/data.dir/_deps/pico_sdk-src/src/rp2_common/pico_double/double_aeabi.S.obj
                0x0000000010003f6c                __wrap___aeabi_dcmple
 .text.__wrap___aeabi_dcmpge
                0x0000000010003f7c       0x10 CMakeFiles/data.dir/_deps/pico_sdk-src/src/rp2_common/pico_double/double_aeabi.S.obj
                0x0000000010003f7c                __wrap___aeabi_dcmpge
 .text.__wrap___aeabi_dcmpgt
                0x0000000010003f8c        0xa CMakeFiles/data.dir/_deps/pico_sdk-src/src/rp2_common/pico_double/double_aeabi.S.obj
                0x0000000010003f8c                __wrap___aeabi_dcmpgt
 .text.__wrap___aeabi_dcmpun
                0x0000000010003f96       0x1c CMakeFiles/data.dir/_deps/pico_sdk-src/src/rp2_common/pico_double/double_aeabi.S.obj
                0x0000000010003f96                __wrap___aeabi_dcmpun
 *fill*         0x0000000010003fb2        0x2 
 .text.__wrap___aeabi_i2d
                0x0000000010003fb4       0x38 CMakeFiles/data.dir/_deps/pico_sdk-src/src/rp2_common/pico_double/double_aeabi.S.obj
                0x0000000010003fb4                __wrap___aeabi_ui2d
                0x0000000010003fbc                __wrap___aeabi_i2d
 .text.__wrap___aeabi_d2iz
                0x0000000010003fec       0x48 CMakeFiles/data.dir/_deps/pico_sdk-src/src/rp2_common/pico_double/double_aeabi.S.obj
                0x0000000010003fec                __wrap___aeabi_d2iz
                0x0000000010003fec                double2int_z
 .text.__wrap___aeabi_d2uiz
                0x0000000010004034       0x18 CMakeFiles/data.dir/_deps/pico_sdk-src/src/rp2_common/pico_double/double_aeabi.S.obj
                0x0000000010004034                double2uint
                0x0000000010004034                __wrap___aeabi_d2uiz
 .text.__aeabi_double_init
                0x000000001000404c       0x94 CMakeFiles/data.dir/_deps/pico_sdk-src/src/rp2_common/pico_double/double_init_rom.c.obj
                0x000000001000404c                __aeabi_double_init
 .text.double_table_shim_on_use_helper
                0x00000000100040e0       0x2c CMakeFiles/data.dir/_deps/pico_sdk-src/src/rp2_common/pico_double/double_v1_rom_shim.S.obj
                0x00000000100040e0                double_table_shim_on_use_helper
 .text.__wrap___aeabi_dsub
                0x000000001000410c       0x10 CMakeFiles/data.dir/_deps/pico_sdk-src/src/rp2_common/pico_double/double_v1_rom_shim.S.obj
                0x000000001000410c                drsub_shim
                0x0000000010004112                dsub_shim
 .text.dadd_shim
                0x000000001000411c      0x15c CMakeFiles/data.dir/_deps/pico_sdk-src/src/rp2_common/pico_double/double_v1_rom_shim.S.obj
                0x000000001000411c                dadd_shim
 .text.dmul_shim
                0x0000000010004278      0x15c CMakeFiles/data.dir/_deps/pico_sdk-src/src/rp2_common/pico_double/double_v1_rom_shim.S.obj
                0x0000000010004278                dmul_shim
 .text.ddiv_shim
                0x00000000100043d4      0x1b0 CMakeFiles/data.dir/_deps/pico_sdk-src/src/rp2_common/pico_double/double_v1_rom_shim.S.obj
                0x00000000100043d4                ddiv_shim
 .text.double2uint_shim
                0x0000000010004584        0xe CMakeFiles/data.dir/_deps/pico_sdk-src/src/rp2_common/pico_double/double_v1_rom_shim.S.obj
                0x0000000010004584                double2uint_shim
                0x0000000010004586                double2ufix_shim
 *fill*         0x0000000010004592        0x2 
 .text.double2uint64_shim
                0x0000000010004594       0x70 CMakeFiles/data.dir/_deps/pico_sdk-src/src/rp2_common/pico_double/double_v1_rom_shim.S.obj
                0x0000000010004594                double2uint64_shim
                0x0000000010004596                double2ufix64_shim
                0x00000000100045b6                d2fix_a
 .text.dunpacks
                0x0000000010004604       0x3c CMakeFiles/data.dir/_deps/pico_sdk-src/src/rp2_common/pico_double/double_v1_rom_shim.S.obj
                0x0000000010004604                dunpacks
 .text.__aeabi_lmul
                0x0000000010004640       0x32 CMakeFiles/data.dir/_deps/pico_sdk-src/src/rp2_common/pico_int64_ops/pico_int64_ops_aeabi.S.obj
                0x0000000010004640                __wrap___aeabi_lmul
 *fill*         0x0000000010004672        0x2 
 .text.__aeabi_float_init
                0x0000000010004674       0x64 CMakeFiles/data.dir/_deps/pico_sdk-src/src/rp2_common/pico_float/float_init_rom.c.obj
                0x0000000010004674                __aeabi_float_init
 .text.float_table_shim_on_use_helper
                0x00000000100046d8       0x2c CMakeFiles/data.dir/_deps/pico_sdk-src/src/rp2_common/pico_float/float_v1_rom_shim.S.obj
                0x00000000100046d8                float_table_shim_on_use_helper
 .text.__wrap_malloc
                0x0000000010004704       0x24 CMakeFiles/data.dir/_deps/pico_sdk-src/src/rp2_common/pico_malloc/pico_malloc.c.obj
                0x0000000010004704                __wrap_malloc
 .text.__wrap_free
                0x0000000010004728        0x8 CMakeFiles/data.dir/_deps/pico_sdk-src/src/rp2_common/pico_malloc/pico_malloc.c.obj
                0x0000000010004728                __wrap_free
 .text          0x0000000010004730       0x10 CMakeFiles/data.dir/_deps/pico_sdk-src/src/rp2_common/pico_mem_ops/mem_ops_aeabi.S.obj
                0x0000000010004730                __aeabi_mem_init
 .text.memset   0x0000000010004740        0xc CMakeFiles/data.dir/_deps/pico_sdk-src/src/rp2_common/pico_mem_ops/mem_ops_aeabi.S.obj
                0x0000000010004740                __wrap_memset
 .text.memcpy   0x000000001000474c        0xc CMakeFiles/data.dir/_deps/pico_sdk-src/src/rp2_common/pico_mem_ops/mem_ops_aeabi.S.obj
                0x000000001000474c                __wrap___aeabi_memcpy
                0x000000001000474c                __wrap_memcpy
 .text.stdio_out_chars_no_crlf
                0x0000000010004758       0x10 CMakeFiles/data.dir/_deps/pico_sdk-src/src/rp2_common/pico_stdio/stdio.c.obj
 .text.stdio_out_chars_crlf
                0x0000000010004768       0xb4 CMakeFiles/data.dir/_deps/pico_sdk-src/src/rp2_common/pico_stdio/stdio.c.obj
 .text.stdio_buffered_printer
                0x000000001000481c       0x64 CMakeFiles/data.dir/_deps/pico_sdk-src/src/rp2_common/pico_stdio/stdio.c.obj
 .text.stdio_put_string.isra.0
                0x0000000010004880       0xfc CMakeFiles/data.dir/_deps/pico_sdk-src/src/rp2_common/pico_stdio/stdio.c.obj
 .text.__wrap_putchar
                0x000000001000497c       0x98 CMakeFiles/data.dir/_deps/pico_sdk-src/src/rp2_common/pico_stdio/stdio.c.obj
                0x000000001000497c                __wrap_putchar
 .text.__wrap_puts
                0x0000000010004a14       0x3c CMakeFiles/data.dir/_deps/pico_sdk-src/src/rp2_common/pico_stdio/stdio.c.obj
                0x0000000010004a14                __wrap_puts
 .text._read    0x0000000010004a50       0x94 CMakeFiles/data.dir/_deps/pico_sdk-src/src/rp2_common/pico_stdio/stdio.c.obj
                0x0000000010004a50                _read
 .text._write   0x0000000010004ae4       0xac CMakeFiles/data.dir/_deps/pico_sdk-src/src/rp2_common/pico_stdio/stdio.c.obj
                0x0000000010004ae4                _write
 .text._close   0x0000000010004b90        0x8 CMakeFiles/data.dir/_deps/pico_sdk-src/src/rp2_common/pico_stdio/stdio.c.obj
                0x0000000010004b90                _close
 .text._lseek   0x0000000010004b98        0x8 CMakeFiles/data.dir/_deps/pico_sdk-src/src/rp2_common/pico_stdio/stdio.c.obj
                0x0000000010004b98                _lseek
 .text.stdio_set_driver_enabled
                0x0000000010004ba0       0x30 CMakeFiles/data.dir/_deps/pico_sdk-src/src/rp2_common/pico_stdio/stdio.c.obj
                0x0000000010004ba0                stdio_set_driver_enabled
 .text.__wrap_vprintf
                0x0000000010004bd0       0xd8 CMakeFiles/data.dir/_deps/pico_sdk-src/src/rp2_common/pico_stdio/stdio.c.obj
                0x0000000010004bd0                __wrap_vprintf
 .text.__wrap_printf
                0x0000000010004ca8       0x18 CMakeFiles/data.dir/_deps/pico_sdk-src/src/rp2_common/pico_stdio/stdio.c.obj
                0x0000000010004ca8                __wrap_printf
 .text.stdio_init_all
                0x0000000010004cc0       0x10 CMakeFiles/data.dir/_deps/pico_sdk-src/src/rp2_common/pico_stdio/stdio.c.obj
                0x0000000010004cc0                stdio_init_all
 .text.stdio_uart_out_chars
                0x0000000010004cd0       0x4c CMakeFiles/data.dir/_deps/pico_sdk-src/src/rp2_common/pico_stdio_uart/stdio_uart.c.obj
 .text.stdio_uart_in_chars
                0x0000000010004d1c       0x84 CMakeFiles/data.dir/_deps/pico_sdk-src/src/rp2_common/pico_stdio_uart/stdio_uart.c.obj
                0x0000000010004d1c                stdio_uart_in_chars
 .text.on_uart_rx
                0x0000000010004da0       0x28 CMakeFiles/data.dir/_deps/pico_sdk-src/src/rp2_common/pico_stdio_uart/stdio_uart.c.obj
 .text.stdio_uart_set_chars_available_callback
                0x0000000010004dc8       0x8c CMakeFiles/data.dir/_deps/pico_sdk-src/src/rp2_common/pico_stdio_uart/stdio_uart.c.obj
 .text.stdio_uart_init
                0x0000000010004e54       0x48 CMakeFiles/data.dir/_deps/pico_sdk-src/src/rp2_common/pico_stdio_uart/stdio_uart.c.obj
                0x0000000010004e54                stdio_uart_init
 .text.resetd_init
                0x0000000010004e9c        0x4 CMakeFiles/data.dir/_deps/pico_sdk-src/src/rp2_common/pico_stdio_usb/reset_interface.c.obj
 .text.resetd_reset
                0x0000000010004ea0        0xc CMakeFiles/data.dir/_deps/pico_sdk-src/src/rp2_common/pico_stdio_usb/reset_interface.c.obj
 .text.resetd_open
                0x0000000010004eac       0x28 CMakeFiles/data.dir/_deps/pico_sdk-src/src/rp2_common/pico_stdio_usb/reset_interface.c.obj
 .text.resetd_xfer_cb
                0x0000000010004ed4        0x4 CMakeFiles/data.dir/_deps/pico_sdk-src/src/rp2_common/pico_stdio_usb/reset_interface.c.obj
 .text.resetd_control_xfer_cb
                0x0000000010004ed8       0x64 CMakeFiles/data.dir/_deps/pico_sdk-src/src/rp2_common/pico_stdio_usb/reset_interface.c.obj
 .text.usbd_app_driver_get_cb
                0x0000000010004f3c        0xc CMakeFiles/data.dir/_deps/pico_sdk-src/src/rp2_common/pico_stdio_usb/reset_interface.c.obj
                0x0000000010004f3c                usbd_app_driver_get_cb
 .text.tud_cdc_line_coding_cb
                0x0000000010004f48       0x34 CMakeFiles/data.dir/_deps/pico_sdk-src/src/rp2_common/pico_stdio_usb/reset_interface.c.obj
                0x0000000010004f48                tud_cdc_line_coding_cb
 .text.stdio_usb_set_chars_available_callback
                0x0000000010004f7c       0x14 CMakeFiles/data.dir/_deps/pico_sdk-src/src/rp2_common/pico_stdio_usb/stdio_usb.c.obj
                0x0000000010004f7c                stdio_usb_set_chars_available_callback
 .text.usb_irq  0x0000000010004f90       0x10 CMakeFiles/data.dir/_deps/pico_sdk-src/src/rp2_common/pico_stdio_usb/stdio_usb.c.obj
 .text.timer_task
                0x0000000010004fa0       0x54 CMakeFiles/data.dir/_deps/pico_sdk-src/src/rp2_common/pico_stdio_usb/stdio_usb.c.obj
 .text.stdio_usb_in_chars
                0x0000000010004ff4       0x90 CMakeFiles/data.dir/_deps/pico_sdk-src/src/rp2_common/pico_stdio_usb/stdio_usb.c.obj
                0x0000000010004ff4                stdio_usb_in_chars
 .text.stdio_usb_out_chars
                0x0000000010005084      0x100 CMakeFiles/data.dir/_deps/pico_sdk-src/src/rp2_common/pico_stdio_usb/stdio_usb.c.obj
 .text.low_priority_worker_irq
                0x0000000010005184       0xa8 CMakeFiles/data.dir/_deps/pico_sdk-src/src/rp2_common/pico_stdio_usb/stdio_usb.c.obj
 .text.tud_cdc_rx_cb
                0x000000001000522c       0x20 CMakeFiles/data.dir/_deps/pico_sdk-src/src/rp2_common/pico_stdio_usb/stdio_usb.c.obj
                0x000000001000522c                tud_cdc_rx_cb
 .text.stdio_usb_init
                0x000000001000524c       0xdc CMakeFiles/data.dir/_deps/pico_sdk-src/src/rp2_common/pico_stdio_usb/stdio_usb.c.obj
                0x000000001000524c                stdio_usb_init
 .text.tud_descriptor_device_cb
                0x0000000010005328        0x8 CMakeFiles/data.dir/_deps/pico_sdk-src/src/rp2_common/pico_stdio_usb/stdio_usb_descriptors.c.obj
                0x0000000010005328                tud_descriptor_device_cb
 .text.tud_descriptor_configuration_cb
                0x0000000010005330        0x8 CMakeFiles/data.dir/_deps/pico_sdk-src/src/rp2_common/pico_stdio_usb/stdio_usb_descriptors.c.obj
                0x0000000010005330                tud_descriptor_configuration_cb
 .text.tud_descriptor_string_cb
                0x0000000010005338       0x74 CMakeFiles/data.dir/_deps/pico_sdk-src/src/rp2_common/pico_stdio_usb/stdio_usb_descriptors.c.obj
                0x0000000010005338                tud_descriptor_string_cb
 .text.startup._retrieve_unique_id_on_boot
                0x00000000100053ac       0x10 CMakeFiles/data.dir/_deps/pico_sdk-src/src/rp2_common/pico_unique_id/unique_id.c.obj
 .text.pico_get_unique_board_id_string
                0x00000000100053bc      0x1a8 CMakeFiles/data.dir/_deps/pico_sdk-src/src/rp2_common/pico_unique_id/unique_id.c.obj
                0x00000000100053bc                pico_get_unique_board_id_string
 .text.flash_get_unique_id
                0x0000000010005564       0x40 CMakeFiles/data.dir/_deps/pico_sdk-src/src/rp2_common/hardware_flash/flash.c.obj
                0x0000000010005564                flash_get_unique_id
 .text.dcd_int_enable
                0x00000000100055a4        0xc CMakeFiles/data.dir/_deps/pico_sdk-src/lib/tinyusb/src/portable/raspberrypi/rp2040/dcd_rp2040.c.obj
                0x00000000100055a4                dcd_int_enable
 .text.dcd_set_address
                0x00000000100055b0       0x14 CMakeFiles/data.dir/_deps/pico_sdk-src/lib/tinyusb/src/portable/raspberrypi/rp2040/dcd_rp2040.c.obj
                0x00000000100055b0                dcd_set_address
 .text.dcd_connect
                0x00000000100055c4       0x10 CMakeFiles/data.dir/_deps/pico_sdk-src/lib/tinyusb/src/portable/raspberrypi/rp2040/dcd_rp2040.c.obj
                0x00000000100055c4                dcd_connect
 .text.dcd_init
                0x00000000100055d4       0x98 CMakeFiles/data.dir/_deps/pico_sdk-src/lib/tinyusb/src/portable/raspberrypi/rp2040/dcd_rp2040.c.obj
                0x00000000100055d4                dcd_init
 .text.dcd_edpt0_status_complete
                0x000000001000566c       0x1c CMakeFiles/data.dir/_deps/pico_sdk-src/lib/tinyusb/src/portable/raspberrypi/rp2040/dcd_rp2040.c.obj
                0x000000001000566c                dcd_edpt0_status_complete
 .text.dcd_edpt_open
                0x0000000010005688      0x108 CMakeFiles/data.dir/_deps/pico_sdk-src/lib/tinyusb/src/portable/raspberrypi/rp2040/dcd_rp2040.c.obj
                0x0000000010005688                dcd_edpt_open
 .text.dcd_edpt_close_all
                0x0000000010005790        0x8 CMakeFiles/data.dir/_deps/pico_sdk-src/lib/tinyusb/src/portable/raspberrypi/rp2040/dcd_rp2040.c.obj
                0x0000000010005790                dcd_edpt_close_all
 .text.dcd_edpt_xfer
                0x0000000010005798       0x24 CMakeFiles/data.dir/_deps/pico_sdk-src/lib/tinyusb/src/portable/raspberrypi/rp2040/dcd_rp2040.c.obj
                0x0000000010005798                dcd_edpt_xfer
 .text.dcd_edpt_stall
                0x00000000100057bc       0x38 CMakeFiles/data.dir/_deps/pico_sdk-src/lib/tinyusb/src/portable/raspberrypi/rp2040/dcd_rp2040.c.obj
                0x00000000100057bc                dcd_edpt_stall
 .text.dcd_edpt_clear_stall
                0x00000000100057f4       0x30 CMakeFiles/data.dir/_deps/pico_sdk-src/lib/tinyusb/src/portable/raspberrypi/rp2040/dcd_rp2040.c.obj
                0x00000000100057f4                dcd_edpt_clear_stall
 .text.rp2040_usb_init
                0x0000000010005824       0x4c CMakeFiles/data.dir/_deps/pico_sdk-src/lib/tinyusb/src/portable/raspberrypi/rp2040/rp2040_usb.c.obj
                0x0000000010005824                rp2040_usb_init
 .text.hw_endpoint_xfer_start
                0x0000000010005870       0x50 CMakeFiles/data.dir/_deps/pico_sdk-src/lib/tinyusb/src/portable/raspberrypi/rp2040/rp2040_usb.c.obj
                0x0000000010005870                hw_endpoint_xfer_start
 .text.tud_mounted
                0x00000000100058c0       0x10 CMakeFiles/data.dir/_deps/pico_sdk-src/lib/tinyusb/src/device/usbd.c.obj
                0x00000000100058c0                tud_mounted
 .text.tud_suspended
                0x00000000100058d0       0x10 CMakeFiles/data.dir/_deps/pico_sdk-src/lib/tinyusb/src/device/usbd.c.obj
                0x00000000100058d0                tud_suspended
 .text.tud_inited
                0x00000000100058e0       0x14 CMakeFiles/data.dir/_deps/pico_sdk-src/lib/tinyusb/src/device/usbd.c.obj
                0x00000000100058e0                tud_inited
 .text.tud_init
                0x00000000100058f4       0xe4 CMakeFiles/data.dir/_deps/pico_sdk-src/lib/tinyusb/src/device/usbd.c.obj
                0x00000000100058f4                tud_init
 .text.tud_task_ext
                0x00000000100059d8      0x854 CMakeFiles/data.dir/_deps/pico_sdk-src/lib/tinyusb/src/device/usbd.c.obj
                0x00000000100059d8                tud_task_ext
 .text.usbd_open_edpt_pair
                0x000000001000622c       0x9c CMakeFiles/data.dir/_deps/pico_sdk-src/lib/tinyusb/src/device/usbd.c.obj
                0x000000001000622c                usbd_open_edpt_pair
 .text.usbd_defer_func
                0x00000000100062c8       0x48 CMakeFiles/data.dir/_deps/pico_sdk-src/lib/tinyusb/src/device/usbd.c.obj
                0x00000000100062c8                usbd_defer_func
 .text.usbd_edpt_open
                0x0000000010006310       0x34 CMakeFiles/data.dir/_deps/pico_sdk-src/lib/tinyusb/src/device/usbd.c.obj
                0x0000000010006310                usbd_edpt_open
 .text.usbd_edpt_claim
                0x0000000010006344       0x28 CMakeFiles/data.dir/_deps/pico_sdk-src/lib/tinyusb/src/device/usbd.c.obj
                0x0000000010006344                usbd_edpt_claim
 .text.usbd_edpt_release
                0x000000001000636c       0x28 CMakeFiles/data.dir/_deps/pico_sdk-src/lib/tinyusb/src/device/usbd.c.obj
                0x000000001000636c                usbd_edpt_release
 .text.usbd_edpt_xfer
                0x0000000010006394       0x4c CMakeFiles/data.dir/_deps/pico_sdk-src/lib/tinyusb/src/device/usbd.c.obj
                0x0000000010006394                usbd_edpt_xfer
 .text.tud_control_status
                0x00000000100063e0       0x30 CMakeFiles/data.dir/_deps/pico_sdk-src/lib/tinyusb/src/device/usbd_control.c.obj
                0x00000000100063e0                tud_control_status
 .text.tud_control_xfer
                0x0000000010006410       0xbc CMakeFiles/data.dir/_deps/pico_sdk-src/lib/tinyusb/src/device/usbd_control.c.obj
                0x0000000010006410                tud_control_xfer
 .text.usbd_control_reset
                0x00000000100064cc       0x14 CMakeFiles/data.dir/_deps/pico_sdk-src/lib/tinyusb/src/device/usbd_control.c.obj
                0x00000000100064cc                usbd_control_reset
 .text.usbd_control_set_complete_callback
                0x00000000100064e0        0xc CMakeFiles/data.dir/_deps/pico_sdk-src/lib/tinyusb/src/device/usbd_control.c.obj
                0x00000000100064e0                usbd_control_set_complete_callback
 .text.usbd_control_set_request
                0x00000000100064ec       0x1c CMakeFiles/data.dir/_deps/pico_sdk-src/lib/tinyusb/src/device/usbd_control.c.obj
                0x00000000100064ec                usbd_control_set_request
 .text.usbd_control_xfer_cb
                0x0000000010006508       0xfc CMakeFiles/data.dir/_deps/pico_sdk-src/lib/tinyusb/src/device/usbd_control.c.obj
                0x0000000010006508                usbd_control_xfer_cb
 .text.tud_cdc_n_connected
                0x0000000010006604       0x30 CMakeFiles/data.dir/_deps/pico_sdk-src/lib/tinyusb/src/class/cdc/cdc_device.c.obj
                0x0000000010006604                tud_cdc_n_connected
 .text.tud_cdc_n_available
                0x0000000010006634       0x18 CMakeFiles/data.dir/_deps/pico_sdk-src/lib/tinyusb/src/class/cdc/cdc_device.c.obj
                0x0000000010006634                tud_cdc_n_available
 .text.tud_cdc_n_read
                0x000000001000664c       0x70 CMakeFiles/data.dir/_deps/pico_sdk-src/lib/tinyusb/src/class/cdc/cdc_device.c.obj
                0x000000001000664c                tud_cdc_n_read
 .text.tud_cdc_n_write_flush
                0x00000000100066bc       0x78 CMakeFiles/data.dir/_deps/pico_sdk-src/lib/tinyusb/src/class/cdc/cdc_device.c.obj
                0x00000000100066bc                tud_cdc_n_write_flush
 .text.tud_cdc_n_write
                0x0000000010006734       0x34 CMakeFiles/data.dir/_deps/pico_sdk-src/lib/tinyusb/src/class/cdc/cdc_device.c.obj
                0x0000000010006734                tud_cdc_n_write
 .text.tud_cdc_n_write_available
                0x0000000010006768       0x18 CMakeFiles/data.dir/_deps/pico_sdk-src/lib/tinyusb/src/class/cdc/cdc_device.c.obj
                0x0000000010006768                tud_cdc_n_write_available
 .text.cdcd_init
                0x0000000010006780       0x7c CMakeFiles/data.dir/_deps/pico_sdk-src/lib/tinyusb/src/class/cdc/cdc_device.c.obj
                0x0000000010006780                cdcd_init
 .text.cdcd_reset
                0x00000000100067fc       0x2c CMakeFiles/data.dir/_deps/pico_sdk-src/lib/tinyusb/src/class/cdc/cdc_device.c.obj
                0x00000000100067fc                cdcd_reset
 .text.cdcd_open
                0x0000000010006828       0xe8 CMakeFiles/data.dir/_deps/pico_sdk-src/lib/tinyusb/src/class/cdc/cdc_device.c.obj
                0x0000000010006828                cdcd_open
 .text.cdcd_control_xfer_cb
                0x0000000010006910       0xe4 CMakeFiles/data.dir/_deps/pico_sdk-src/lib/tinyusb/src/class/cdc/cdc_device.c.obj
                0x0000000010006910                cdcd_control_xfer_cb
 .text.cdcd_xfer_cb
                0x00000000100069f4      0x148 CMakeFiles/data.dir/_deps/pico_sdk-src/lib/tinyusb/src/class/cdc/cdc_device.c.obj
                0x00000000100069f4                cdcd_xfer_cb
 .text.tusb_init
                0x0000000010006b3c        0xc CMakeFiles/data.dir/_deps/pico_sdk-src/lib/tinyusb/src/tusb.c.obj
                0x0000000010006b3c                tusb_init
 .text.tusb_inited
                0x0000000010006b48        0x8 CMakeFiles/data.dir/_deps/pico_sdk-src/lib/tinyusb/src/tusb.c.obj
                0x0000000010006b48                tusb_inited
 .text.tu_edpt_claim
                0x0000000010006b50       0x50 CMakeFiles/data.dir/_deps/pico_sdk-src/lib/tinyusb/src/tusb.c.obj
                0x0000000010006b50                tu_edpt_claim
 .text.tu_edpt_release
                0x0000000010006ba0       0x38 CMakeFiles/data.dir/_deps/pico_sdk-src/lib/tinyusb/src/tusb.c.obj
                0x0000000010006ba0                tu_edpt_release
 .text.tu_edpt_validate
                0x0000000010006bd8       0x78 CMakeFiles/data.dir/_deps/pico_sdk-src/lib/tinyusb/src/tusb.c.obj
                0x0000000010006bd8                tu_edpt_validate
 .text.tu_edpt_bind_driver
                0x0000000010006c50       0x34 CMakeFiles/data.dir/_deps/pico_sdk-src/lib/tinyusb/src/tusb.c.obj
                0x0000000010006c50                tu_edpt_bind_driver
 .text.tu_fifo_config
                0x0000000010006c84       0x70 CMakeFiles/data.dir/_deps/pico_sdk-src/lib/tinyusb/src/common/tusb_fifo.c.obj
                0x0000000010006c84                tu_fifo_config
 .text.tu_fifo_count
                0x0000000010006cf4       0x2c CMakeFiles/data.dir/_deps/pico_sdk-src/lib/tinyusb/src/common/tusb_fifo.c.obj
                0x0000000010006cf4                tu_fifo_count
 .text.tu_fifo_empty
                0x0000000010006d20       0x10 CMakeFiles/data.dir/_deps/pico_sdk-src/lib/tinyusb/src/common/tusb_fifo.c.obj
                0x0000000010006d20                tu_fifo_empty
 .text.tu_fifo_remaining
                0x0000000010006d30       0x2c CMakeFiles/data.dir/_deps/pico_sdk-src/lib/tinyusb/src/common/tusb_fifo.c.obj
                0x0000000010006d30                tu_fifo_remaining
 .text.tu_fifo_read
                0x0000000010006d5c       0xa0 CMakeFiles/data.dir/_deps/pico_sdk-src/lib/tinyusb/src/common/tusb_fifo.c.obj
                0x0000000010006d5c                tu_fifo_read
 .text.tu_fifo_read_n
                0x0000000010006dfc       0xec CMakeFiles/data.dir/_deps/pico_sdk-src/lib/tinyusb/src/common/tusb_fifo.c.obj
                0x0000000010006dfc                tu_fifo_read_n
 .text.tu_fifo_write
                0x0000000010006ee8       0x88 CMakeFiles/data.dir/_deps/pico_sdk-src/lib/tinyusb/src/common/tusb_fifo.c.obj
                0x0000000010006ee8                tu_fifo_write
 .text.tu_fifo_write_n
                0x0000000010006f70      0x168 CMakeFiles/data.dir/_deps/pico_sdk-src/lib/tinyusb/src/common/tusb_fifo.c.obj
                0x0000000010006f70                tu_fifo_write_n
 .text.tu_fifo_clear
                0x00000000100070d8       0x40 CMakeFiles/data.dir/_deps/pico_sdk-src/lib/tinyusb/src/common/tusb_fifo.c.obj
                0x00000000100070d8                tu_fifo_clear
 .text.tu_fifo_set_overwritable
                0x0000000010007118       0x48 CMakeFiles/data.dir/_deps/pico_sdk-src/lib/tinyusb/src/common/tusb_fifo.c.obj
                0x0000000010007118                tu_fifo_set_overwritable
 .text.adc_init
                0x0000000010007160       0x38 CMakeFiles/data.dir/_deps/pico_sdk-src/src/rp2_common/hardware_adc/adc.c.obj
                0x0000000010007160                adc_init
 .text.dma_claim_unused_channel
                0x0000000010007198       0x20 CMakeFiles/data.dir/_deps/pico_sdk-src/src/rp2_common/hardware_dma/dma.c.obj
                0x0000000010007198                dma_claim_unused_channel
 .text.ff_memalloc
                0x00000000100071b8        0x8 CMakeFiles/data.dir/no-OS-FatFS-SD-SPI-RPi-Pico/FatFs_SPI/ff15/source/ffsystem.c.obj
                0x00000000100071b8                ff_memalloc
 .text.ff_memfree
                0x00000000100071c0        0x8 CMakeFiles/data.dir/no-OS-FatFS-SD-SPI-RPi-Pico/FatFs_SPI/ff15/source/ffsystem.c.obj
                0x00000000100071c0                ff_memfree
 .text.ff_uni2oem
                0x00000000100071c8       0x40 CMakeFiles/data.dir/no-OS-FatFS-SD-SPI-RPi-Pico/FatFs_SPI/ff15/source/ffunicode.c.obj
                0x00000000100071c8                ff_uni2oem
 .text.ff_wtoupper
                0x0000000010007208       0xb8 CMakeFiles/data.dir/no-OS-FatFS-SD-SPI-RPi-Pico/FatFs_SPI/ff15/source/ffunicode.c.obj
                0x0000000010007208                ff_wtoupper
 .text.tchar2uni
                0x00000000100072c0       0xe8 CMakeFiles/data.dir/no-OS-FatFS-SD-SPI-RPi-Pico/FatFs_SPI/ff15/source/ff.c.obj
 .text.inc_share
                0x00000000100073a8      0x384 CMakeFiles/data.dir/no-OS-FatFS-SD-SPI-RPi-Pico/FatFs_SPI/ff15/source/ff.c.obj
 .text.dir_clear
                0x000000001000772c      0x1a8 CMakeFiles/data.dir/no-OS-FatFS-SD-SPI-RPi-Pico/FatFs_SPI/ff15/source/ff.c.obj
 .text.init_alloc_info.isra.0
                0x00000000100078d4       0x6c CMakeFiles/data.dir/no-OS-FatFS-SD-SPI-RPi-Pico/FatFs_SPI/ff15/source/ff.c.obj
 .text.move_window.part.0
                0x0000000010007940       0xa8 CMakeFiles/data.dir/no-OS-FatFS-SD-SPI-RPi-Pico/FatFs_SPI/ff15/source/ff.c.obj
 .text.change_bitmap
                0x00000000100079e8       0xe8 CMakeFiles/data.dir/no-OS-FatFS-SD-SPI-RPi-Pico/FatFs_SPI/ff15/source/ff.c.obj
 .text.put_fat.part.0
                0x0000000010007ad0      0x1b8 CMakeFiles/data.dir/no-OS-FatFS-SD-SPI-RPi-Pico/FatFs_SPI/ff15/source/ff.c.obj
 .text.get_fat  0x0000000010007c88      0x204 CMakeFiles/data.dir/no-OS-FatFS-SD-SPI-RPi-Pico/FatFs_SPI/ff15/source/ff.c.obj
 .text.dir_next.constprop.0
                0x0000000010007e8c       0xc8 CMakeFiles/data.dir/no-OS-FatFS-SD-SPI-RPi-Pico/FatFs_SPI/ff15/source/ff.c.obj
 .text.sync_fs  0x0000000010007f54      0x12c CMakeFiles/data.dir/no-OS-FatFS-SD-SPI-RPi-Pico/FatFs_SPI/ff15/source/ff.c.obj
 .text.check_fs
                0x0000000010008080      0x188 CMakeFiles/data.dir/no-OS-FatFS-SD-SPI-RPi-Pico/FatFs_SPI/ff15/source/ff.c.obj
 .text.mount_volume
                0x0000000010008208      0xb5c CMakeFiles/data.dir/no-OS-FatFS-SD-SPI-RPi-Pico/FatFs_SPI/ff15/source/ff.c.obj
 .text.load_xdir
                0x0000000010008d64      0x208 CMakeFiles/data.dir/no-OS-FatFS-SD-SPI-RPi-Pico/FatFs_SPI/ff15/source/ff.c.obj
 .text.dir_read.constprop.0
                0x0000000010008f6c      0x5bc CMakeFiles/data.dir/no-OS-FatFS-SD-SPI-RPi-Pico/FatFs_SPI/ff15/source/ff.c.obj
 .text.dir_sdi  0x0000000010009528      0x364 CMakeFiles/data.dir/no-OS-FatFS-SD-SPI-RPi-Pico/FatFs_SPI/ff15/source/ff.c.obj
 .text.store_xdir
                0x000000001000988c      0x1ac CMakeFiles/data.dir/no-OS-FatFS-SD-SPI-RPi-Pico/FatFs_SPI/ff15/source/ff.c.obj
 .text.dir_find
                0x0000000010009a38      0x3bc CMakeFiles/data.dir/no-OS-FatFS-SD-SPI-RPi-Pico/FatFs_SPI/ff15/source/ff.c.obj
 .text.follow_path
                0x0000000010009df4      0x5f4 CMakeFiles/data.dir/no-OS-FatFS-SD-SPI-RPi-Pico/FatFs_SPI/ff15/source/ff.c.obj
 .text.create_chain
                0x000000001000a3e8      0x55c CMakeFiles/data.dir/no-OS-FatFS-SD-SPI-RPi-Pico/FatFs_SPI/ff15/source/ff.c.obj
 .text.dir_alloc
                0x000000001000a944      0x238 CMakeFiles/data.dir/no-OS-FatFS-SD-SPI-RPi-Pico/FatFs_SPI/ff15/source/ff.c.obj
 .text.dir_register
                0x000000001000ab7c      0xaac CMakeFiles/data.dir/no-OS-FatFS-SD-SPI-RPi-Pico/FatFs_SPI/ff15/source/ff.c.obj
 .text.remove_chain
                0x000000001000b628      0x3ac CMakeFiles/data.dir/no-OS-FatFS-SD-SPI-RPi-Pico/FatFs_SPI/ff15/source/ff.c.obj
 .text.f_mount  0x000000001000b9d4      0x1c8 CMakeFiles/data.dir/no-OS-FatFS-SD-SPI-RPi-Pico/FatFs_SPI/ff15/source/ff.c.obj
                0x000000001000b9d4                f_mount
 .text.f_open   0x000000001000bb9c      0x814 CMakeFiles/data.dir/no-OS-FatFS-SD-SPI-RPi-Pico/FatFs_SPI/ff15/source/ff.c.obj
                0x000000001000bb9c                f_open
 .text.f_write  0x000000001000c3b0      0x300 CMakeFiles/data.dir/no-OS-FatFS-SD-SPI-RPi-Pico/FatFs_SPI/ff15/source/ff.c.obj
                0x000000001000c3b0                f_write
 .text.putc_bfd
                0x000000001000c6b0      0x180 CMakeFiles/data.dir/no-OS-FatFS-SD-SPI-RPi-Pico/FatFs_SPI/ff15/source/ff.c.obj
 .text.putc_bfd.constprop.0
                0x000000001000c830      0x12c CMakeFiles/data.dir/no-OS-FatFS-SD-SPI-RPi-Pico/FatFs_SPI/ff15/source/ff.c.obj
 .text.f_sync   0x000000001000c95c      0x2ec CMakeFiles/data.dir/no-OS-FatFS-SD-SPI-RPi-Pico/FatFs_SPI/ff15/source/ff.c.obj
                0x000000001000c95c                f_sync
 .text.f_close  0x000000001000cc48       0x78 CMakeFiles/data.dir/no-OS-FatFS-SD-SPI-RPi-Pico/FatFs_SPI/ff15/source/ff.c.obj
                0x000000001000cc48                f_close
 .text.f_printf
                0x000000001000ccc0      0xc84 CMakeFiles/data.dir/no-OS-FatFS-SD-SPI-RPi-Pico/FatFs_SPI/ff15/source/ff.c.obj
                0x000000001000ccc0                f_printf
 .text.sd_spi_go_high_frequency
                0x000000001000d944       0x10 CMakeFiles/data.dir/no-OS-FatFS-SD-SPI-RPi-Pico/FatFs_SPI/sd_driver/sd_spi.c.obj
                0x000000001000d944                sd_spi_go_high_frequency
 .text.sd_spi_go_low_frequency
                0x000000001000d954       0x14 CMakeFiles/data.dir/no-OS-FatFS-SD-SPI-RPi-Pico/FatFs_SPI/sd_driver/sd_spi.c.obj
                0x000000001000d954                sd_spi_go_low_frequency
 .text.sd_spi_deselect_pulse
                0x000000001000d968       0x5c CMakeFiles/data.dir/no-OS-FatFS-SD-SPI-RPi-Pico/FatFs_SPI/sd_driver/sd_spi.c.obj
                0x000000001000d968                sd_spi_deselect_pulse
 .text.sd_spi_acquire
                0x000000001000d9c4       0x34 CMakeFiles/data.dir/no-OS-FatFS-SD-SPI-RPi-Pico/FatFs_SPI/sd_driver/sd_spi.c.obj
                0x000000001000d9c4                sd_spi_acquire
 .text.sd_spi_release
                0x000000001000d9f8       0x34 CMakeFiles/data.dir/no-OS-FatFS-SD-SPI-RPi-Pico/FatFs_SPI/sd_driver/sd_spi.c.obj
                0x000000001000d9f8                sd_spi_release
 .text.sd_spi_transfer
                0x000000001000da2c        0xc CMakeFiles/data.dir/no-OS-FatFS-SD-SPI-RPi-Pico/FatFs_SPI/sd_driver/sd_spi.c.obj
                0x000000001000da2c                sd_spi_transfer
 .text.sd_spi_write
                0x000000001000da38       0x44 CMakeFiles/data.dir/no-OS-FatFS-SD-SPI-RPi-Pico/FatFs_SPI/sd_driver/sd_spi.c.obj
                0x000000001000da38                sd_spi_write
 .text.sd_spi_send_initializing_sequence
                0x000000001000da7c       0x7c CMakeFiles/data.dir/no-OS-FatFS-SD-SPI-RPi-Pico/FatFs_SPI/sd_driver/sd_spi.c.obj
                0x000000001000da7c                sd_spi_send_initializing_sequence
 .text.spi_lock
                0x000000001000daf8       0x30 CMakeFiles/data.dir/no-OS-FatFS-SD-SPI-RPi-Pico/FatFs_SPI/sd_driver/spi.c.obj
                0x000000001000daf8                spi_lock
 .text.spi_unlock
                0x000000001000db28       0x30 CMakeFiles/data.dir/no-OS-FatFS-SD-SPI-RPi-Pico/FatFs_SPI/sd_driver/spi.c.obj
                0x000000001000db28                spi_unlock
 .text.my_spi_init
                0x000000001000db58      0x1b8 CMakeFiles/data.dir/no-OS-FatFS-SD-SPI-RPi-Pico/FatFs_SPI/sd_driver/spi.c.obj
                0x000000001000db58                my_spi_init
 .text.sd_sectors_nolock.part.0
                0x000000001000dd10      0x23c CMakeFiles/data.dir/no-OS-FatFS-SD-SPI-RPi-Pico/FatFs_SPI/sd_driver/sd_card.c.obj
 .text.sd_write_block.constprop.0
                0x000000001000df4c       0xd4 CMakeFiles/data.dir/no-OS-FatFS-SD-SPI-RPi-Pico/FatFs_SPI/sd_driver/sd_card.c.obj
 .text.sd_cmd   0x000000001000e020      0x4c4 CMakeFiles/data.dir/no-OS-FatFS-SD-SPI-RPi-Pico/FatFs_SPI/sd_driver/sd_card.c.obj
 .text.sd_read_blocks
                0x000000001000e4e4      0x1f8 CMakeFiles/data.dir/no-OS-FatFS-SD-SPI-RPi-Pico/FatFs_SPI/sd_driver/sd_card.c.obj
                0x000000001000e4e4                sd_read_blocks
 .text.sd_write_blocks
                0x000000001000e6dc      0x164 CMakeFiles/data.dir/no-OS-FatFS-SD-SPI-RPi-Pico/FatFs_SPI/sd_driver/sd_card.c.obj
                0x000000001000e6dc                sd_write_blocks
 .text.sd_init  0x000000001000e840      0x360 CMakeFiles/data.dir/no-OS-FatFS-SD-SPI-RPi-Pico/FatFs_SPI/sd_driver/sd_card.c.obj
 .text.sd_card_detect
                0x000000001000eba0       0x44 CMakeFiles/data.dir/no-OS-FatFS-SD-SPI-RPi-Pico/FatFs_SPI/sd_driver/sd_card.c.obj
                0x000000001000eba0                sd_card_detect
 .text.sd_sectors
                0x000000001000ebe4       0x98 CMakeFiles/data.dir/no-OS-FatFS-SD-SPI-RPi-Pico/FatFs_SPI/sd_driver/sd_card.c.obj
                0x000000001000ebe4                sd_sectors
 .text.sd_init_driver
                0x000000001000ec7c       0xfc CMakeFiles/data.dir/no-OS-FatFS-SD-SPI-RPi-Pico/FatFs_SPI/sd_driver/sd_card.c.obj
                0x000000001000ec7c                sd_init_driver
 .text.crc7     0x000000001000ed78       0x28 CMakeFiles/data.dir/no-OS-FatFS-SD-SPI-RPi-Pico/FatFs_SPI/sd_driver/crc.c.obj
                0x000000001000ed78                crc7
 .text.crc16    0x000000001000eda0       0x30 CMakeFiles/data.dir/no-OS-FatFS-SD-SPI-RPi-Pico/FatFs_SPI/sd_driver/crc.c.obj
                0x000000001000eda0                crc16
 .text.disk_status
                0x000000001000edd0       0x18 CMakeFiles/data.dir/no-OS-FatFS-SD-SPI-RPi-Pico/FatFs_SPI/src/glue.c.obj
                0x000000001000edd0                disk_status
 .text.disk_initialize
                0x000000001000ede8       0x2c CMakeFiles/data.dir/no-OS-FatFS-SD-SPI-RPi-Pico/FatFs_SPI/src/glue.c.obj
                0x000000001000ede8                disk_initialize
 .text.disk_read
                0x000000001000ee14       0x74 CMakeFiles/data.dir/no-OS-FatFS-SD-SPI-RPi-Pico/FatFs_SPI/src/glue.c.obj
                0x000000001000ee14                disk_read
 .text.disk_write
                0x000000001000ee88       0x74 CMakeFiles/data.dir/no-OS-FatFS-SD-SPI-RPi-Pico/FatFs_SPI/src/glue.c.obj
                0x000000001000ee88                disk_write
 .text.disk_ioctl
                0x000000001000eefc       0x3c CMakeFiles/data.dir/no-OS-FatFS-SD-SPI-RPi-Pico/FatFs_SPI/src/glue.c.obj
                0x000000001000eefc                disk_ioctl
 .text.FRESULT_str
                0x000000001000ef38       0x18 CMakeFiles/data.dir/no-OS-FatFS-SD-SPI-RPi-Pico/FatFs_SPI/src/f_util.c.obj
                0x000000001000ef38                FRESULT_str
 .text.my_printf
                0x000000001000ef50       0x4c CMakeFiles/data.dir/no-OS-FatFS-SD-SPI-RPi-Pico/FatFs_SPI/src/my_debug.c.obj
                0x000000001000ef50                my_printf
 .text.my_assert_func
                0x000000001000ef9c       0x2c CMakeFiles/data.dir/no-OS-FatFS-SD-SPI-RPi-Pico/FatFs_SPI/src/my_debug.c.obj
                0x000000001000ef9c                my_assert_func
 .text.time_init
                0x000000001000efc8       0x54 CMakeFiles/data.dir/no-OS-FatFS-SD-SPI-RPi-Pico/FatFs_SPI/src/rtc.c.obj
                0x000000001000efc8                time_init
 .text.get_fattime
                0x000000001000f01c       0x6c CMakeFiles/data.dir/no-OS-FatFS-SD-SPI-RPi-Pico/FatFs_SPI/src/rtc.c.obj
                0x000000001000f01c                get_fattime
 .text.spi_init
                0x000000001000f088       0xf8 CMakeFiles/data.dir/_deps/pico_sdk-src/src/rp2_common/hardware_spi/spi.c.obj
                0x000000001000f088                spi_init
 .text.spi_set_baudrate
                0x000000001000f180       0x94 CMakeFiles/data.dir/_deps/pico_sdk-src/src/rp2_common/hardware_spi/spi.c.obj
                0x000000001000f180                spi_set_baudrate
 .text.rtc_init
                0x000000001000f214       0x38 CMakeFiles/data.dir/_deps/pico_sdk-src/src/rp2_common/hardware_rtc/rtc.c.obj
                0x000000001000f214                rtc_init
 .text.rtc_set_datetime
                0x000000001000f24c       0xac CMakeFiles/data.dir/_deps/pico_sdk-src/src/rp2_common/hardware_rtc/rtc.c.obj
                0x000000001000f24c                rtc_set_datetime
 .text.rtc_get_datetime
                0x000000001000f2f8       0x44 CMakeFiles/data.dir/_deps/pico_sdk-src/src/rp2_common/hardware_rtc/rtc.c.obj
                0x000000001000f2f8                rtc_get_datetime
 .text.__sflush_r
                0x000000001000f33c      0x140 /usr/local/Cellar/arm-none-eabi-gcc/10-2020-q4-major/gcc/bin/../lib/gcc/arm-none-eabi/10.2.1/../../../../arm-none-eabi/lib/thumb/v6-m/nofp/libc.a(lib_a-fflush.o)
                0x000000001000f33c                __sflush_r
 .text._fflush_r
                0x000000001000f47c       0x6c /usr/local/Cellar/arm-none-eabi-gcc/10-2020-q4-major/gcc/bin/../lib/gcc/arm-none-eabi/10.2.1/../../../../arm-none-eabi/lib/thumb/v6-m/nofp/libc.a(lib_a-fflush.o)
                0x000000001000f47c                _fflush_r
 .text.fflush   0x000000001000f4e8       0x78 /usr/local/Cellar/arm-none-eabi-gcc/10-2020-q4-major/gcc/bin/../lib/gcc/arm-none-eabi/10.2.1/../../../../arm-none-eabi/lib/thumb/v6-m/nofp/libc.a(lib_a-fflush.o)
                0x000000001000f4e8                fflush
 .text._cleanup_r
                0x000000001000f560       0x10 /usr/local/Cellar/arm-none-eabi-gcc/10-2020-q4-major/gcc/bin/../lib/gcc/arm-none-eabi/10.2.1/../../../../arm-none-eabi/lib/thumb/v6-m/nofp/libc.a(lib_a-findfp.o)
                0x000000001000f560                _cleanup_r
 .text.__sinit  0x000000001000f570      0x120 /usr/local/Cellar/arm-none-eabi-gcc/10-2020-q4-major/gcc/bin/../lib/gcc/arm-none-eabi/10.2.1/../../../../arm-none-eabi/lib/thumb/v6-m/nofp/libc.a(lib_a-findfp.o)
                0x000000001000f570                __sinit
 .text.__sfp_lock_acquire
                0x000000001000f690       0x10 /usr/local/Cellar/arm-none-eabi-gcc/10-2020-q4-major/gcc/bin/../lib/gcc/arm-none-eabi/10.2.1/../../../../arm-none-eabi/lib/thumb/v6-m/nofp/libc.a(lib_a-findfp.o)
                0x000000001000f690                __sfp_lock_acquire
 .text.__sfp_lock_release
                0x000000001000f6a0       0x10 /usr/local/Cellar/arm-none-eabi-gcc/10-2020-q4-major/gcc/bin/../lib/gcc/arm-none-eabi/10.2.1/../../../../arm-none-eabi/lib/thumb/v6-m/nofp/libc.a(lib_a-findfp.o)
                0x000000001000f6a0                __sfp_lock_release
 .text._malloc_trim_r
                0x000000001000f6b0       0x9c /usr/local/Cellar/arm-none-eabi-gcc/10-2020-q4-major/gcc/bin/../lib/gcc/arm-none-eabi/10.2.1/../../../../arm-none-eabi/lib/thumb/v6-m/nofp/libc.a(lib_a-freer.o)
                0x000000001000f6b0                _malloc_trim_r
 .text._free_r  0x000000001000f74c      0x1c4 /usr/local/Cellar/arm-none-eabi-gcc/10-2020-q4-major/gcc/bin/../lib/gcc/arm-none-eabi/10.2.1/../../../../arm-none-eabi/lib/thumb/v6-m/nofp/libc.a(lib_a-freer.o)
                0x000000001000f74c                _free_r
 .text._fwalk_reent
                0x000000001000f910       0x48 /usr/local/Cellar/arm-none-eabi-gcc/10-2020-q4-major/gcc/bin/../lib/gcc/arm-none-eabi/10.2.1/../../../../arm-none-eabi/lib/thumb/v6-m/nofp/libc.a(lib_a-fwalk.o)
                0x000000001000f910                _fwalk_reent
 .text.__retarget_lock_init_recursive
                0x000000001000f958        0x4 /usr/local/Cellar/arm-none-eabi-gcc/10-2020-q4-major/gcc/bin/../lib/gcc/arm-none-eabi/10.2.1/../../../../arm-none-eabi/lib/thumb/v6-m/nofp/libc.a(lib_a-lock.o)
                0x000000001000f958                __retarget_lock_init_recursive
 .text.__retarget_lock_close_recursive
                0x000000001000f95c        0x4 /usr/local/Cellar/arm-none-eabi-gcc/10-2020-q4-major/gcc/bin/../lib/gcc/arm-none-eabi/10.2.1/../../../../arm-none-eabi/lib/thumb/v6-m/nofp/libc.a(lib_a-lock.o)
                0x000000001000f95c                __retarget_lock_close_recursive
 .text.__retarget_lock_acquire_recursive
                0x000000001000f960        0x4 /usr/local/Cellar/arm-none-eabi-gcc/10-2020-q4-major/gcc/bin/../lib/gcc/arm-none-eabi/10.2.1/../../../../arm-none-eabi/lib/thumb/v6-m/nofp/libc.a(lib_a-lock.o)
                0x000000001000f960                __retarget_lock_acquire_recursive
 .text.__retarget_lock_release_recursive
                0x000000001000f964        0x4 /usr/local/Cellar/arm-none-eabi-gcc/10-2020-q4-major/gcc/bin/../lib/gcc/arm-none-eabi/10.2.1/../../../../arm-none-eabi/lib/thumb/v6-m/nofp/libc.a(lib_a-lock.o)
                0x000000001000f964                __retarget_lock_release_recursive
 .text.malloc   0x000000001000f968       0x14 /usr/local/Cellar/arm-none-eabi-gcc/10-2020-q4-major/gcc/bin/../lib/gcc/arm-none-eabi/10.2.1/../../../../arm-none-eabi/lib/thumb/v6-m/nofp/libc.a(lib_a-malloc.o)
                0x000000001000f968                malloc
 .text.free     0x000000001000f97c       0x14 /usr/local/Cellar/arm-none-eabi-gcc/10-2020-q4-major/gcc/bin/../lib/gcc/arm-none-eabi/10.2.1/../../../../arm-none-eabi/lib/thumb/v6-m/nofp/libc.a(lib_a-malloc.o)
                0x000000001000f97c                free
 .text._malloc_r
                0x000000001000f990      0x580 /usr/local/Cellar/arm-none-eabi-gcc/10-2020-q4-major/gcc/bin/../lib/gcc/arm-none-eabi/10.2.1/../../../../arm-none-eabi/lib/thumb/v6-m/nofp/libc.a(lib_a-mallocr.o)
                0x000000001000f990                _malloc_r
 .text.__malloc_lock
                0x000000001000ff10       0x10 /usr/local/Cellar/arm-none-eabi-gcc/10-2020-q4-major/gcc/bin/../lib/gcc/arm-none-eabi/10.2.1/../../../../arm-none-eabi/lib/thumb/v6-m/nofp/libc.a(lib_a-mlock.o)
                0x000000001000ff10                __malloc_lock
 .text.__malloc_unlock
                0x000000001000ff20       0x10 /usr/local/Cellar/arm-none-eabi-gcc/10-2020-q4-major/gcc/bin/../lib/gcc/arm-none-eabi/10.2.1/../../../../arm-none-eabi/lib/thumb/v6-m/nofp/libc.a(lib_a-mlock.o)
                0x000000001000ff20                __malloc_unlock
 .text._sbrk_r  0x000000001000ff30       0x24 /usr/local/Cellar/arm-none-eabi-gcc/10-2020-q4-major/gcc/bin/../lib/gcc/arm-none-eabi/10.2.1/../../../../arm-none-eabi/lib/thumb/v6-m/nofp/libc.a(lib_a-sbrkr.o)
                0x000000001000ff30                _sbrk_r
 .text.__sread  0x000000001000ff54       0x28 /usr/local/Cellar/arm-none-eabi-gcc/10-2020-q4-major/gcc/bin/../lib/gcc/arm-none-eabi/10.2.1/../../../../arm-none-eabi/lib/thumb/v6-m/nofp/libc.a(lib_a-stdio.o)
                0x000000001000ff54                __sread
 .text.__swrite
                0x000000001000ff7c       0x40 /usr/local/Cellar/arm-none-eabi-gcc/10-2020-q4-major/gcc/bin/../lib/gcc/arm-none-eabi/10.2.1/../../../../arm-none-eabi/lib/thumb/v6-m/nofp/libc.a(lib_a-stdio.o)
                0x000000001000ff7c                __swrite
 .text.__sseek  0x000000001000ffbc       0x2c /usr/local/Cellar/arm-none-eabi-gcc/10-2020-q4-major/gcc/bin/../lib/gcc/arm-none-eabi/10.2.1/../../../../arm-none-eabi/lib/thumb/v6-m/nofp/libc.a(lib_a-stdio.o)
                0x000000001000ffbc                __sseek
 .text.__sclose
                0x000000001000ffe8        0xc /usr/local/Cellar/arm-none-eabi-gcc/10-2020-q4-major/gcc/bin/../lib/gcc/arm-none-eabi/10.2.1/../../../../arm-none-eabi/lib/thumb/v6-m/nofp/libc.a(lib_a-stdio.o)
                0x000000001000ffe8                __sclose
 .text.strchr   0x000000001000fff4       0xc0 /usr/local/Cellar/arm-none-eabi-gcc/10-2020-q4-major/gcc/bin/../lib/gcc/arm-none-eabi/10.2.1/../../../../arm-none-eabi/lib/thumb/v6-m/nofp/libc.a(lib_a-strchr.o)
                0x000000001000fff4                strchr
 .text.strlen   0x00000000100100b4       0x5c /usr/local/Cellar/arm-none-eabi-gcc/10-2020-q4-major/gcc/bin/../lib/gcc/arm-none-eabi/10.2.1/../../../../arm-none-eabi/lib/thumb/v6-m/nofp/libc.a(lib_a-strlen-stub.o)
                0x00000000100100b4                strlen
 .text._write_r
                0x0000000010010110       0x28 /usr/local/Cellar/arm-none-eabi-gcc/10-2020-q4-major/gcc/bin/../lib/gcc/arm-none-eabi/10.2.1/../../../../arm-none-eabi/lib/thumb/v6-m/nofp/libc.a(lib_a-writer.o)
                0x0000000010010110                _write_r
 .text._close_r
                0x0000000010010138       0x24 /usr/local/Cellar/arm-none-eabi-gcc/10-2020-q4-major/gcc/bin/../lib/gcc/arm-none-eabi/10.2.1/../../../../arm-none-eabi/lib/thumb/v6-m/nofp/libc.a(lib_a-closer.o)
                0x0000000010010138                _close_r
 .text._fclose_r
                0x000000001001015c       0xdc /usr/local/Cellar/arm-none-eabi-gcc/10-2020-q4-major/gcc/bin/../lib/gcc/arm-none-eabi/10.2.1/../../../../arm-none-eabi/lib/thumb/v6-m/nofp/libc.a(lib_a-fclose.o)
                0x000000001001015c                _fclose_r
 .text._lseek_r
                0x0000000010010238       0x28 /usr/local/Cellar/arm-none-eabi-gcc/10-2020-q4-major/gcc/bin/../lib/gcc/arm-none-eabi/10.2.1/../../../../arm-none-eabi/lib/thumb/v6-m/nofp/libc.a(lib_a-lseekr.o)
                0x0000000010010238                _lseek_r
 .text._read_r  0x0000000010010260       0x28 /usr/local/Cellar/arm-none-eabi-gcc/10-2020-q4-major/gcc/bin/../lib/gcc/arm-none-eabi/10.2.1/../../../../arm-none-eabi/lib/thumb/v6-m/nofp/libc.a(lib_a-readr.o)
                0x0000000010010260                _read_r
 *(.fini)
 .fini          0x0000000010010288        0x4 /usr/local/Cellar/arm-none-eabi-gcc/10-2020-q4-major/gcc/bin/../lib/gcc/arm-none-eabi/10.2.1/thumb/v6-m/nofp/crti.o
                0x0000000010010288                _fini
 *fill*         0x000000001001028c        0x4 
 .fini.__stub   0x0000000010010290      0x110 linker stubs
 *crtbegin.o(.ctors)
 *crtbegin?.o(.ctors)
 *(EXCLUDE_FILE(*crtend.o *crtend?.o) .ctors)
 *(SORT_BY_NAME(.ctors.*))
 *(.ctors)
 *crtbegin.o(.dtors)
 *crtbegin?.o(.dtors)
 *(EXCLUDE_FILE(*crtend.o *crtend?.o) .dtors)
 *(SORT_BY_NAME(.dtors.*))
 *(.dtors)
 *(.eh_frame*)
 .eh_frame      0x00000000100103a0        0x0 /usr/local/Cellar/arm-none-eabi-gcc/10-2020-q4-major/gcc/bin/../lib/gcc/arm-none-eabi/10.2.1/thumb/v6-m/nofp/crtbegin.o
                0x00000000100103a0                . = ALIGN (0x4)

.glue_7         0x00000000100103a0        0x0
 .glue_7        0x00000000100103a0        0x0 linker stubs

.glue_7t        0x00000000100103a0        0x0
 .glue_7t       0x00000000100103a0        0x0 linker stubs

.vfp11_veneer   0x00000000100103a0        0x0
 .vfp11_veneer  0x00000000100103a0        0x0 linker stubs

.v4_bx          0x00000000100103a0        0x0
 .v4_bx         0x00000000100103a0        0x0 linker stubs

.iplt           0x00000000100103a0        0x0
 .iplt          0x00000000100103a0        0x0 /usr/local/Cellar/arm-none-eabi-gcc/10-2020-q4-major/gcc/bin/../lib/gcc/arm-none-eabi/10.2.1/thumb/v6-m/nofp/crtbegin.o

.rodata         0x00000000100103a0     0x1f6c
 *(EXCLUDE_FILE(*libm.a: *libc.a:*lib_a-mem*.o *libgcc.a:) .rodata*)
 .rodata.configureDMA.str1.4
                0x00000000100103a0       0x6a CMakeFiles/data.dir/data.c.obj
 *fill*         0x000000001001040a        0x2 
 .rodata.dma_irq_handler.str1.4
                0x000000001001040c       0x4f CMakeFiles/data.dir/data.c.obj
 *fill*         0x000000001001045b        0x1 
 .rodata.setup_sd.str1.4
                0x000000001001045c      0x17e CMakeFiles/data.dir/data.c.obj
 *fill*         0x00000000100105da        0x2 
 .rodata.write_to_sd.str1.4
                0x00000000100105dc       0xad CMakeFiles/data.dir/data.c.obj
 *fill*         0x0000000010010689        0x3 
 .rodata.main.str1.4
                0x000000001001068c       0xd5 CMakeFiles/data.dir/data.c.obj
 *fill*         0x0000000010010761        0x3 
 .rodata.str1.4
                0x0000000010010764        0x3 CMakeFiles/data.dir/hw_config.c.obj
 *fill*         0x0000000010010767        0x1 
 .rodata.spin_lock_claim_unused.str1.4
                0x0000000010010768       0x1b CMakeFiles/data.dir/_deps/pico_sdk-src/src/rp2_common/hardware_sync/sync.c.obj
 *fill*         0x0000000010010783        0x1 
 .rodata.user_irq_claim_unused.str1.4
                0x0000000010010784       0x1b CMakeFiles/data.dir/_deps/pico_sdk-src/src/rp2_common/hardware_irq/irq.c.obj
 *fill*         0x000000001001079f        0x1 
 .rodata.at_the_end_of_time
                0x00000000100107a0        0x8 CMakeFiles/data.dir/_deps/pico_sdk-src/src/common/pico_time/time.c.obj
                0x00000000100107a0                at_the_end_of_time
 .rodata.hardware_alarm_claim.str1.4
                0x00000000100107a8       0x22 CMakeFiles/data.dir/_deps/pico_sdk-src/src/rp2_common/hardware_timer/timer.c.obj
 *fill*         0x00000000100107ca        0x2 
 .rodata.panic.str1.4
                0x00000000100107cc       0x10 CMakeFiles/data.dir/_deps/pico_sdk-src/src/rp2_common/pico_runtime/runtime.c.obj
                                         0x12 (size before relaxing)
 .rodata.hard_assertion_failure.str1.4
                0x00000000100107dc        0xc CMakeFiles/data.dir/_deps/pico_sdk-src/src/rp2_common/pico_runtime/runtime.c.obj
 .rodata._ftoa.str1.4
                0x00000000100107e8       0x15 CMakeFiles/data.dir/_deps/pico_sdk-src/src/rp2_common/pico_printf/printf.c.obj
 *fill*         0x00000000100107fd        0x3 
 .rodata._vsnprintf
                0x0000000010010800      0x1e0 CMakeFiles/data.dir/_deps/pico_sdk-src/src/rp2_common/pico_printf/printf.c.obj
 .rodata.pow10.0
                0x00000000100109e0       0x50 CMakeFiles/data.dir/_deps/pico_sdk-src/src/rp2_common/pico_printf/printf.c.obj
 .rodata.__wrap_malloc.str1.4
                0x0000000010010a30        0xe CMakeFiles/data.dir/_deps/pico_sdk-src/src/rp2_common/pico_malloc/pico_malloc.c.obj
 *fill*         0x0000000010010a3e        0x2 
 .rodata.str1.4
                0x0000000010010a40       0x3c CMakeFiles/data.dir/_deps/pico_sdk-src/src/rp2_common/pico_standard_link/binary_info.c.obj
 .rodata.__bi_44
                0x0000000010010a7c        0xc CMakeFiles/data.dir/_deps/pico_sdk-src/src/rp2_common/pico_standard_link/binary_info.c.obj
 .rodata.__bi_75
                0x0000000010010a88        0xc CMakeFiles/data.dir/_deps/pico_sdk-src/src/rp2_common/pico_standard_link/binary_info.c.obj
 .rodata.__bi_81
                0x0000000010010a94        0xc CMakeFiles/data.dir/_deps/pico_sdk-src/src/rp2_common/pico_standard_link/binary_info.c.obj
 .rodata.crlf_str.0
                0x0000000010010aa0        0x2 CMakeFiles/data.dir/_deps/pico_sdk-src/src/rp2_common/pico_stdio/stdio.c.obj
 *fill*         0x0000000010010aa2        0x2 
 .rodata.str1.4
                0x0000000010010aa4       0x2c CMakeFiles/data.dir/_deps/pico_sdk-src/src/rp2_common/pico_stdio_uart/stdio_uart.c.obj
 .rodata.__bi_33.4
                0x0000000010010ad0        0xc CMakeFiles/data.dir/_deps/pico_sdk-src/src/rp2_common/pico_stdio_uart/stdio_uart.c.obj
 .rodata.__bi_34.5
                0x0000000010010adc        0x8 CMakeFiles/data.dir/_deps/pico_sdk-src/src/rp2_common/pico_stdio_uart/stdio_uart.c.obj
 .rodata._resetd_driver
                0x0000000010010ae4       0x18 CMakeFiles/data.dir/_deps/pico_sdk-src/src/rp2_common/pico_stdio_usb/reset_interface.c.obj
 .rodata.str1.4
                0x0000000010010afc       0x13 CMakeFiles/data.dir/_deps/pico_sdk-src/src/rp2_common/pico_stdio_usb/stdio_usb.c.obj
 *fill*         0x0000000010010b0f        0x1 
 .rodata.__bi_188.0
                0x0000000010010b10        0xc CMakeFiles/data.dir/_deps/pico_sdk-src/src/rp2_common/pico_stdio_usb/stdio_usb.c.obj
 .rodata.str1.4
                0x0000000010010b1c       0x2a CMakeFiles/data.dir/_deps/pico_sdk-src/src/rp2_common/pico_stdio_usb/stdio_usb_descriptors.c.obj
 *fill*         0x0000000010010b46        0x2 
 .rodata.usbd_desc_cfg
                0x0000000010010b48       0x54 CMakeFiles/data.dir/_deps/pico_sdk-src/src/rp2_common/pico_stdio_usb/stdio_usb_descriptors.c.obj
 .rodata.usbd_desc_device
                0x0000000010010b9c       0x12 CMakeFiles/data.dir/_deps/pico_sdk-src/src/rp2_common/pico_stdio_usb/stdio_usb_descriptors.c.obj
 *fill*         0x0000000010010bae        0x2 
 .rodata.usbd_desc_str
                0x0000000010010bb0       0x18 CMakeFiles/data.dir/_deps/pico_sdk-src/src/rp2_common/pico_stdio_usb/stdio_usb_descriptors.c.obj
 .rodata.str1.4
                0x0000000010010bc8       0x14 CMakeFiles/data.dir/_deps/pico_sdk-src/lib/tinyusb/src/portable/raspberrypi/rp2040/dcd_rp2040.c.obj
 .rodata.str1.4
                0x0000000010010bdc       0x49 CMakeFiles/data.dir/_deps/pico_sdk-src/lib/tinyusb/src/portable/raspberrypi/rp2040/rp2040_usb.c.obj
                                         0x53 (size before relaxing)
 *fill*         0x0000000010010c25        0x3 
 .rodata.tud_task_ext
                0x0000000010010c28       0x8c CMakeFiles/data.dir/_deps/pico_sdk-src/lib/tinyusb/src/device/usbd.c.obj
 .rodata._usbd_driver
                0x0000000010010cb4       0x18 CMakeFiles/data.dir/_deps/pico_sdk-src/lib/tinyusb/src/device/usbd.c.obj
 .rodata.dma_claim_unused_channel.str1.4
                0x0000000010010ccc       0x1e CMakeFiles/data.dir/_deps/pico_sdk-src/src/rp2_common/hardware_dma/dma.c.obj
 *fill*         0x0000000010010cea        0x2 
 .rodata.ff_wtoupper
                0x0000000010010cec       0x24 CMakeFiles/data.dir/no-OS-FatFS-SD-SPI-RPi-Pico/FatFs_SPI/ff15/source/ffunicode.c.obj
 .rodata.cvt1.1
                0x0000000010010d10      0x1f2 CMakeFiles/data.dir/no-OS-FatFS-SD-SPI-RPi-Pico/FatFs_SPI/ff15/source/ffunicode.c.obj
 *fill*         0x0000000010010f02        0x2 
 .rodata.cvt2.0
                0x0000000010010f04       0xbc CMakeFiles/data.dir/no-OS-FatFS-SD-SPI-RPi-Pico/FatFs_SPI/ff15/source/ffunicode.c.obj
 .rodata.uc437  0x0000000010010fc0      0x100 CMakeFiles/data.dir/no-OS-FatFS-SD-SPI-RPi-Pico/FatFs_SPI/ff15/source/ffunicode.c.obj
 .rodata.check_fs.str1.4
                0x00000000100110c0       0x15 CMakeFiles/data.dir/no-OS-FatFS-SD-SPI-RPi-Pico/FatFs_SPI/ff15/source/ff.c.obj
 *fill*         0x00000000100110d5        0x3 
 .rodata.follow_path.str1.4
                0x00000000100110d8       0x13 CMakeFiles/data.dir/no-OS-FatFS-SD-SPI-RPi-Pico/FatFs_SPI/ff15/source/ff.c.obj
 *fill*         0x00000000100110eb        0x1 
 .rodata.f_printf.str1.4
                0x00000000100110ec        0xb CMakeFiles/data.dir/no-OS-FatFS-SD-SPI-RPi-Pico/FatFs_SPI/ff15/source/ff.c.obj
 *fill*         0x00000000100110f7        0x1 
 .rodata.f_printf
                0x00000000100110f8       0xd0 CMakeFiles/data.dir/no-OS-FatFS-SD-SPI-RPi-Pico/FatFs_SPI/ff15/source/ff.c.obj
 .rodata        0x00000000100111c8       0x2c CMakeFiles/data.dir/no-OS-FatFS-SD-SPI-RPi-Pico/FatFs_SPI/ff15/source/ff.c.obj
 .rodata.ExCvt  0x00000000100111f4       0x80 CMakeFiles/data.dir/no-OS-FatFS-SD-SPI-RPi-Pico/FatFs_SPI/ff15/source/ff.c.obj
 .rodata.GUID_MS_Basic
                0x0000000010011274       0x10 CMakeFiles/data.dir/no-OS-FatFS-SD-SPI-RPi-Pico/FatFs_SPI/ff15/source/ff.c.obj
 .rodata.LfnOfs
                0x0000000010011284        0xd CMakeFiles/data.dir/no-OS-FatFS-SD-SPI-RPi-Pico/FatFs_SPI/ff15/source/ff.c.obj
 *fill*         0x0000000010011291        0x3 
 .rodata.sd_spi_write.str1.4
                0x0000000010011294       0x60 CMakeFiles/data.dir/no-OS-FatFS-SD-SPI-RPi-Pico/FatFs_SPI/sd_driver/sd_spi.c.obj
 .rodata.__func__.0
                0x00000000100112f4        0xd CMakeFiles/data.dir/no-OS-FatFS-SD-SPI-RPi-Pico/FatFs_SPI/sd_driver/sd_spi.c.obj
 *fill*         0x0000000010011301        0x3 
 .rodata.str1.4
                0x0000000010011304       0xf3 CMakeFiles/data.dir/no-OS-FatFS-SD-SPI-RPi-Pico/FatFs_SPI/sd_driver/spi.c.obj
 *fill*         0x00000000100113f7        0x1 
 .rodata.spi_lock.str1.4
                0x00000000100113f8       0x23 CMakeFiles/data.dir/no-OS-FatFS-SD-SPI-RPi-Pico/FatFs_SPI/sd_driver/spi.c.obj
 *fill*         0x000000001001141b        0x1 
 .rodata.__FUNCTION__.3
                0x000000001001141c        0xd CMakeFiles/data.dir/no-OS-FatFS-SD-SPI-RPi-Pico/FatFs_SPI/sd_driver/spi.c.obj
 *fill*         0x0000000010011429        0x3 
 .rodata.__func__.0
                0x000000001001142c       0x10 CMakeFiles/data.dir/no-OS-FatFS-SD-SPI-RPi-Pico/FatFs_SPI/sd_driver/spi.c.obj
 .rodata.__func__.1
                0x000000001001143c        0xb CMakeFiles/data.dir/no-OS-FatFS-SD-SPI-RPi-Pico/FatFs_SPI/sd_driver/spi.c.obj
 *fill*         0x0000000010011447        0x1 
 .rodata.__func__.2
                0x0000000010011448        0x9 CMakeFiles/data.dir/no-OS-FatFS-SD-SPI-RPi-Pico/FatFs_SPI/sd_driver/spi.c.obj
 *fill*         0x0000000010011451        0x3 
 .rodata.__func__.6
                0x0000000010011454        0xd CMakeFiles/data.dir/no-OS-FatFS-SD-SPI-RPi-Pico/FatFs_SPI/sd_driver/spi.c.obj
 .rodata.dummy.5
                0x0000000010011461        0x1 CMakeFiles/data.dir/no-OS-FatFS-SD-SPI-RPi-Pico/FatFs_SPI/sd_driver/spi.c.obj
 *fill*         0x0000000010011462        0x2 
 .rodata.sd_sectors_nolock.part.0.str1.4
                0x0000000010011464      0x1ea CMakeFiles/data.dir/no-OS-FatFS-SD-SPI-RPi-Pico/FatFs_SPI/sd_driver/sd_card.c.obj
 *fill*         0x000000001001164e        0x2 
 .rodata.sd_write_block.constprop.0.str1.4
                0x0000000010011650       0x2c CMakeFiles/data.dir/no-OS-FatFS-SD-SPI-RPi-Pico/FatFs_SPI/sd_driver/sd_card.c.obj
 .rodata.sd_cmd.str1.4
                0x000000001001167c      0x34e CMakeFiles/data.dir/no-OS-FatFS-SD-SPI-RPi-Pico/FatFs_SPI/sd_driver/sd_card.c.obj
 *fill*         0x00000000100119ca        0x2 
 .rodata.sd_read_blocks.str1.4
                0x00000000100119cc       0x61 CMakeFiles/data.dir/no-OS-FatFS-SD-SPI-RPi-Pico/FatFs_SPI/sd_driver/sd_card.c.obj
 *fill*         0x0000000010011a2d        0x3 
 .rodata.sd_write_blocks.str1.4
                0x0000000010011a30       0x48 CMakeFiles/data.dir/no-OS-FatFS-SD-SPI-RPi-Pico/FatFs_SPI/sd_driver/sd_card.c.obj
 .rodata.sd_init.str1.4
                0x0000000010011a78      0x19b CMakeFiles/data.dir/no-OS-FatFS-SD-SPI-RPi-Pico/FatFs_SPI/sd_driver/sd_card.c.obj
 *fill*         0x0000000010011c13        0x1 
 .rodata.__FUNCTION__.2
                0x0000000010011c14        0xe CMakeFiles/data.dir/no-OS-FatFS-SD-SPI-RPi-Pico/FatFs_SPI/sd_driver/sd_card.c.obj
 *fill*         0x0000000010011c22        0x2 
 .rodata.__FUNCTION__.4
                0x0000000010011c24        0xe CMakeFiles/data.dir/no-OS-FatFS-SD-SPI-RPi-Pico/FatFs_SPI/sd_driver/sd_card.c.obj
 *fill*         0x0000000010011c32        0x2 
 .rodata.__func__.1
                0x0000000010011c34        0xf CMakeFiles/data.dir/no-OS-FatFS-SD-SPI-RPi-Pico/FatFs_SPI/sd_driver/sd_card.c.obj
 *fill*         0x0000000010011c43        0x1 
 .rodata.__func__.3
                0x0000000010011c44        0xa CMakeFiles/data.dir/no-OS-FatFS-SD-SPI-RPi-Pico/FatFs_SPI/sd_driver/sd_card.c.obj
 *fill*         0x0000000010011c4e        0x2 
 .rodata.__func__.5
                0x0000000010011c50       0x12 CMakeFiles/data.dir/no-OS-FatFS-SD-SPI-RPi-Pico/FatFs_SPI/sd_driver/sd_card.c.obj
 *fill*         0x0000000010011c62        0x2 
 .rodata.__func__.6
                0x0000000010011c64        0x8 CMakeFiles/data.dir/no-OS-FatFS-SD-SPI-RPi-Pico/FatFs_SPI/sd_driver/sd_card.c.obj
 .rodata.m_Crc16Table
                0x0000000010011c6c      0x200 CMakeFiles/data.dir/no-OS-FatFS-SD-SPI-RPi-Pico/FatFs_SPI/sd_driver/crc.c.obj
 .rodata.m_Crc7Table
                0x0000000010011e6c      0x100 CMakeFiles/data.dir/no-OS-FatFS-SD-SPI-RPi-Pico/FatFs_SPI/sd_driver/crc.c.obj
 .rodata.FRESULT_str.str1.4
                0x0000000010011f6c        0x8 CMakeFiles/data.dir/no-OS-FatFS-SD-SPI-RPi-Pico/FatFs_SPI/src/f_util.c.obj
 .rodata.str1.4
                0x0000000010011f74      0x303 CMakeFiles/data.dir/no-OS-FatFS-SD-SPI-RPi-Pico/FatFs_SPI/src/f_util.c.obj
 *fill*         0x0000000010012277        0x1 
 .rodata.CSWTCH.3
                0x0000000010012278       0x50 CMakeFiles/data.dir/no-OS-FatFS-SD-SPI-RPi-Pico/FatFs_SPI/src/f_util.c.obj
 .rodata.my_printf.str1.4
                0x00000000100122c8        0x3 CMakeFiles/data.dir/no-OS-FatFS-SD-SPI-RPi-Pico/FatFs_SPI/src/my_debug.c.obj
 *fill*         0x00000000100122cb        0x1 
 .rodata.my_assert_func.str1.4
                0x00000000100122cc       0x39 CMakeFiles/data.dir/no-OS-FatFS-SD-SPI-RPi-Pico/FatFs_SPI/src/my_debug.c.obj
 *fill*         0x0000000010012305        0x3 
 .rodata._global_impure_ptr
                0x0000000010012308        0x4 /usr/local/Cellar/arm-none-eabi-gcc/10-2020-q4-major/gcc/bin/../lib/gcc/arm-none-eabi/10.2.1/../../../../arm-none-eabi/lib/thumb/v6-m/nofp/libc.a(lib_a-impure.o)
                0x0000000010012308                _global_impure_ptr
                0x000000001001230c                . = ALIGN (0x4)
 *(SORT_BY_ALIGNMENT(SORT_BY_NAME(.flashdata*)))
                0x000000001001230c                . = ALIGN (0x4)

.rel.dyn        0x000000001001230c        0x0
 .rel.iplt      0x000000001001230c        0x0 /usr/local/Cellar/arm-none-eabi-gcc/10-2020-q4-major/gcc/bin/../lib/gcc/arm-none-eabi/10.2.1/thumb/v6-m/nofp/crtbegin.o

.ARM.extab
 *(.ARM.extab* .gnu.linkonce.armextab.*)
                0x000000001001230c                __exidx_start = .

.ARM.exidx
 *(.ARM.exidx* .gnu.linkonce.armexidx.*)
                0x000000001001230c                __exidx_end = .
                0x000000001001230c                . = ALIGN (0x4)
                0x000000001001230c                __binary_info_start = .

.binary_info    0x000000001001230c       0x28
 *(.binary_info.keep.*)
 .binary_info.keep.__bi_ptr22
                0x000000001001230c        0x4 CMakeFiles/data.dir/_deps/pico_sdk-src/src/rp2_common/pico_standard_link/binary_info.c.obj
 .binary_info.keep.__bi_ptr30
                0x0000000010012310        0x4 CMakeFiles/data.dir/_deps/pico_sdk-src/src/rp2_common/pico_standard_link/binary_info.c.obj
 .binary_info.keep.__bi_ptr38
                0x0000000010012314        0x4 CMakeFiles/data.dir/_deps/pico_sdk-src/src/rp2_common/pico_standard_link/binary_info.c.obj
 .binary_info.keep.__bi_ptr44
                0x0000000010012318        0x4 CMakeFiles/data.dir/_deps/pico_sdk-src/src/rp2_common/pico_standard_link/binary_info.c.obj
 .binary_info.keep.__bi_ptr50
                0x000000001001231c        0x4 CMakeFiles/data.dir/_deps/pico_sdk-src/src/rp2_common/pico_standard_link/binary_info.c.obj
 .binary_info.keep.__bi_ptr75
                0x0000000010012320        0x4 CMakeFiles/data.dir/_deps/pico_sdk-src/src/rp2_common/pico_standard_link/binary_info.c.obj
 .binary_info.keep.__bi_ptr81
                0x0000000010012324        0x4 CMakeFiles/data.dir/_deps/pico_sdk-src/src/rp2_common/pico_standard_link/binary_info.c.obj
 *(.binary_info.*)
 .binary_info.__bi_ptr33
                0x0000000010012328        0x4 CMakeFiles/data.dir/_deps/pico_sdk-src/src/rp2_common/pico_stdio_uart/stdio_uart.c.obj
 .binary_info.__bi_ptr34
                0x000000001001232c        0x4 CMakeFiles/data.dir/_deps/pico_sdk-src/src/rp2_common/pico_stdio_uart/stdio_uart.c.obj
 .binary_info.__bi_ptr188
                0x0000000010012330        0x4 CMakeFiles/data.dir/_deps/pico_sdk-src/src/rp2_common/pico_stdio_usb/stdio_usb.c.obj
                0x0000000010012334                __binary_info_end = .
                0x0000000010012334                . = ALIGN (0x4)
                0x0000000010012334                __etext = .

.ram_vector_table
                0x0000000020000000       0xc0
 *(.ram_vector_table)
 .ram_vector_table
                0x0000000020000000       0xc0 CMakeFiles/data.dir/_deps/pico_sdk-src/src/rp2_common/pico_runtime/runtime.c.obj
                0x0000000020000000                ram_vector_table

.data           0x00000000200000c0     0x1dc8 load address 0x0000000010012334
                0x00000000200000c0                __data_start__ = .
 *(vtable)
 *(.time_critical*)
 .time_critical.sem_acquire_timeout_ms
                0x00000000200000c0       0x80 CMakeFiles/data.dir/_deps/pico_sdk-src/src/common/pico_sync/sem.c.obj
                0x00000000200000c0                sem_acquire_timeout_ms
 .time_critical.sem_release
                0x0000000020000140       0x4c CMakeFiles/data.dir/_deps/pico_sdk-src/src/common/pico_sync/sem.c.obj
                0x0000000020000140                sem_release
 .time_critical.mutex_enter_blocking
                0x000000002000018c       0x48 CMakeFiles/data.dir/_deps/pico_sdk-src/src/common/pico_sync/mutex.c.obj
                0x000000002000018c                mutex_enter_blocking
 .time_critical.mutex_try_enter
                0x00000000200001d4       0x44 CMakeFiles/data.dir/_deps/pico_sdk-src/src/common/pico_sync/mutex.c.obj
                0x00000000200001d4                mutex_try_enter
 .time_critical.mutex_try_enter_block_until
                0x0000000020000218       0x9c CMakeFiles/data.dir/_deps/pico_sdk-src/src/common/pico_sync/mutex.c.obj
                0x0000000020000218                mutex_try_enter_block_until
 .time_critical.mutex_enter_timeout_ms
                0x00000000200002b4       0x90 CMakeFiles/data.dir/_deps/pico_sdk-src/src/common/pico_sync/mutex.c.obj
                0x00000000200002b4                mutex_enter_timeout_ms
 .time_critical.mutex_exit